<?xml version="1.0" encoding="ISO-8859-1" ?>
<link_info>
   <banner>TI ARM Linker PC v20.2.7.LTS</banner>
   <copyright>Copyright (c) 1996-2018 Texas Instruments Incorporated</copyright>
   <link_time>0x67bba050</link_time>
   <link_errors>0x0</link_errors>
   <output_file>CMPE146_Lab2E2_AES4.out</output_file>
   <entry_point>
      <name>_c_int00_noargs</name>
      <address>0x2c21</address>
   </entry_point>
   <input_file_list>
      <input_file id="fl-2">
         <path>.\</path>
         <kind>object</kind>
         <file>aes256_encrypt_decrypt.obj</file>
         <name>aes256_encrypt_decrypt.obj</name>
      </input_file>
      <input_file id="fl-3">
         <path>.\</path>
         <kind>object</kind>
         <file>system_msp432p401r.obj</file>
         <name>system_msp432p401r.obj</name>
      </input_file>
      <input_file id="fl-4">
         <path>.\ccs\</path>
         <kind>object</kind>
         <file>startup_msp432p401r_ccs.obj</file>
         <name>startup_msp432p401r_ccs.obj</name>
      </input_file>
      <input_file id="fl-e">
         <kind>object</kind>
         <file>&lt;internal&gt;</file>
         <name>&lt;internal&gt;</name>
      </input_file>
      <input_file id="fl-c4">
         <path>C:\ti\ccs1260\ccs\tools\compiler\ti-cgt-arm_20.2.7.LTS\lib\</path>
         <kind>archive</kind>
         <file>rtsv7M4_T_le_v4SPD16_eabi.lib</file>
         <name>printf.c.obj</name>
      </input_file>
      <input_file id="fl-c5">
         <path>C:\ti\ccs1260\ccs\tools\compiler\ti-cgt-arm_20.2.7.LTS\lib\</path>
         <kind>archive</kind>
         <file>rtsv7M4_T_le_v4SPD16_eabi.lib</file>
         <name>_printfi.c.obj</name>
      </input_file>
      <input_file id="fl-c6">
         <path>C:\ti\ccs1260\ccs\tools\compiler\ti-cgt-arm_20.2.7.LTS\lib\</path>
         <kind>archive</kind>
         <file>rtsv7M4_T_le_v4SPD16_eabi.lib</file>
         <name>fputc.c.obj</name>
      </input_file>
      <input_file id="fl-c7">
         <path>C:\ti\ccs1260\ccs\tools\compiler\ti-cgt-arm_20.2.7.LTS\lib\</path>
         <kind>archive</kind>
         <file>rtsv7M4_T_le_v4SPD16_eabi.lib</file>
         <name>fputs.c.obj</name>
      </input_file>
      <input_file id="fl-c8">
         <path>C:\ti\ccs1260\ccs\tools\compiler\ti-cgt-arm_20.2.7.LTS\lib\</path>
         <kind>archive</kind>
         <file>rtsv7M4_T_le_v4SPD16_eabi.lib</file>
         <name>_io_perm.c.obj</name>
      </input_file>
      <input_file id="fl-c9">
         <path>C:\ti\ccs1260\ccs\tools\compiler\ti-cgt-arm_20.2.7.LTS\lib\</path>
         <kind>archive</kind>
         <file>rtsv7M4_T_le_v4SPD16_eabi.lib</file>
         <name>setvbuf.c.obj</name>
      </input_file>
      <input_file id="fl-ca">
         <path>C:\ti\ccs1260\ccs\tools\compiler\ti-cgt-arm_20.2.7.LTS\lib\</path>
         <kind>archive</kind>
         <file>rtsv7M4_T_le_v4SPD16_eabi.lib</file>
         <name>fd_add_t2.asm.obj</name>
      </input_file>
      <input_file id="fl-cb">
         <path>C:\ti\ccs1260\ccs\tools\compiler\ti-cgt-arm_20.2.7.LTS\lib\</path>
         <kind>archive</kind>
         <file>rtsv7M4_T_le_v4SPD16_eabi.lib</file>
         <name>fd_cmp_t2.asm.obj</name>
      </input_file>
      <input_file id="fl-cc">
         <path>C:\ti\ccs1260\ccs\tools\compiler\ti-cgt-arm_20.2.7.LTS\lib\</path>
         <kind>archive</kind>
         <file>rtsv7M4_T_le_v4SPD16_eabi.lib</file>
         <name>fd_div_t2.asm.obj</name>
      </input_file>
      <input_file id="fl-cd">
         <path>C:\ti\ccs1260\ccs\tools\compiler\ti-cgt-arm_20.2.7.LTS\lib\</path>
         <kind>archive</kind>
         <file>rtsv7M4_T_le_v4SPD16_eabi.lib</file>
         <name>fd_mul_t2.asm.obj</name>
      </input_file>
      <input_file id="fl-ce">
         <path>C:\ti\ccs1260\ccs\tools\compiler\ti-cgt-arm_20.2.7.LTS\lib\</path>
         <kind>archive</kind>
         <file>rtsv7M4_T_le_v4SPD16_eabi.lib</file>
         <name>fd_toi_t2.asm.obj</name>
      </input_file>
      <input_file id="fl-cf">
         <path>C:\ti\ccs1260\ccs\tools\compiler\ti-cgt-arm_20.2.7.LTS\lib\</path>
         <kind>archive</kind>
         <file>rtsv7M4_T_le_v4SPD16_eabi.lib</file>
         <name>i_tofd_t2.asm.obj</name>
      </input_file>
      <input_file id="fl-d0">
         <path>C:\ti\ccs1260\ccs\tools\compiler\ti-cgt-arm_20.2.7.LTS\lib\</path>
         <kind>archive</kind>
         <file>rtsv7M4_T_le_v4SPD16_eabi.lib</file>
         <name>memcpy_t2.asm.obj</name>
      </input_file>
      <input_file id="fl-d1">
         <path>C:\ti\ccs1260\ccs\tools\compiler\ti-cgt-arm_20.2.7.LTS\lib\</path>
         <kind>archive</kind>
         <file>rtsv7M4_T_le_v4SPD16_eabi.lib</file>
         <name>memset_t2.asm.obj</name>
      </input_file>
      <input_file id="fl-d2">
         <path>C:\ti\ccs1260\ccs\tools\compiler\ti-cgt-arm_20.2.7.LTS\lib\</path>
         <kind>archive</kind>
         <file>rtsv7M4_T_le_v4SPD16_eabi.lib</file>
         <name>ull_div_t2.asm.obj</name>
      </input_file>
      <input_file id="fl-d3">
         <path>C:\ti\ccs1260\ccs\tools\compiler\ti-cgt-arm_20.2.7.LTS\lib\</path>
         <kind>archive</kind>
         <file>rtsv7M4_T_le_v4SPD16_eabi.lib</file>
         <name>copy_zero_init.c.obj</name>
      </input_file>
      <input_file id="fl-d4">
         <path>C:\ti\ccs1260\ccs\tools\compiler\ti-cgt-arm_20.2.7.LTS\lib\</path>
         <kind>archive</kind>
         <file>rtsv7M4_T_le_v4SPD16_eabi.lib</file>
         <name>copy_decompress_none.c.obj</name>
      </input_file>
      <input_file id="fl-d5">
         <path>C:\ti\ccs1260\ccs\tools\compiler\ti-cgt-arm_20.2.7.LTS\lib\</path>
         <kind>archive</kind>
         <file>rtsv7M4_T_le_v4SPD16_eabi.lib</file>
         <name>copy_decompress_lzss.c.obj</name>
      </input_file>
      <input_file id="fl-d6">
         <path>C:\ti\ccs1260\ccs\tools\compiler\ti-cgt-arm_20.2.7.LTS\lib\</path>
         <kind>archive</kind>
         <file>rtsv7M4_T_le_v4SPD16_eabi.lib</file>
         <name>exit.c.obj</name>
      </input_file>
      <input_file id="fl-d7">
         <path>C:\ti\ccs1260\ccs\tools\compiler\ti-cgt-arm_20.2.7.LTS\lib\</path>
         <kind>archive</kind>
         <file>rtsv7M4_T_le_v4SPD16_eabi.lib</file>
         <name>_lock.c.obj</name>
      </input_file>
      <input_file id="fl-d8">
         <path>C:\ti\ccs1260\ccs\tools\compiler\ti-cgt-arm_20.2.7.LTS\lib\</path>
         <kind>archive</kind>
         <file>rtsv7M4_T_le_v4SPD16_eabi.lib</file>
         <name>_ltoa.c.obj</name>
      </input_file>
      <input_file id="fl-d9">
         <path>C:\ti\ccs1260\ccs\tools\compiler\ti-cgt-arm_20.2.7.LTS\lib\</path>
         <kind>archive</kind>
         <file>rtsv7M4_T_le_v4SPD16_eabi.lib</file>
         <name>atoi.c.obj</name>
      </input_file>
      <input_file id="fl-da">
         <path>C:\ti\ccs1260\ccs\tools\compiler\ti-cgt-arm_20.2.7.LTS\lib\</path>
         <kind>archive</kind>
         <file>rtsv7M4_T_le_v4SPD16_eabi.lib</file>
         <name>ctype.c.obj</name>
      </input_file>
      <input_file id="fl-db">
         <path>C:\ti\ccs1260\ccs\tools\compiler\ti-cgt-arm_20.2.7.LTS\lib\</path>
         <kind>archive</kind>
         <file>rtsv7M4_T_le_v4SPD16_eabi.lib</file>
         <name>defs.c.obj</name>
      </input_file>
      <input_file id="fl-dc">
         <path>C:\ti\ccs1260\ccs\tools\compiler\ti-cgt-arm_20.2.7.LTS\lib\</path>
         <kind>archive</kind>
         <file>rtsv7M4_T_le_v4SPD16_eabi.lib</file>
         <name>memccpy.c.obj</name>
      </input_file>
      <input_file id="fl-dd">
         <path>C:\ti\ccs1260\ccs\tools\compiler\ti-cgt-arm_20.2.7.LTS\lib\</path>
         <kind>archive</kind>
         <file>rtsv7M4_T_le_v4SPD16_eabi.lib</file>
         <name>memchr.c.obj</name>
      </input_file>
      <input_file id="fl-de">
         <path>C:\ti\ccs1260\ccs\tools\compiler\ti-cgt-arm_20.2.7.LTS\lib\</path>
         <kind>archive</kind>
         <file>rtsv7M4_T_le_v4SPD16_eabi.lib</file>
         <name>memory.c.obj</name>
      </input_file>
      <input_file id="fl-df">
         <path>C:\ti\ccs1260\ccs\tools\compiler\ti-cgt-arm_20.2.7.LTS\lib\</path>
         <kind>archive</kind>
         <file>rtsv7M4_T_le_v4SPD16_eabi.lib</file>
         <name>strchr.c.obj</name>
      </input_file>
      <input_file id="fl-e0">
         <path>C:\ti\ccs1260\ccs\tools\compiler\ti-cgt-arm_20.2.7.LTS\lib\</path>
         <kind>archive</kind>
         <file>rtsv7M4_T_le_v4SPD16_eabi.lib</file>
         <name>strlen.c.obj</name>
      </input_file>
      <input_file id="fl-e1">
         <path>C:\ti\ccs1260\ccs\tools\compiler\ti-cgt-arm_20.2.7.LTS\lib\</path>
         <kind>archive</kind>
         <file>rtsv7M4_T_le_v4SPD16_eabi.lib</file>
         <name>boot_cortex_m.c.obj</name>
      </input_file>
      <input_file id="fl-e2">
         <path>C:\ti\ccs1260\ccs\tools\compiler\ti-cgt-arm_20.2.7.LTS\lib\</path>
         <kind>archive</kind>
         <file>rtsv7M4_T_le_v4SPD16_eabi.lib</file>
         <name>write.c.obj</name>
      </input_file>
      <input_file id="fl-e3">
         <path>C:\ti\ccs1260\ccs\tools\compiler\ti-cgt-arm_20.2.7.LTS\lib\</path>
         <kind>archive</kind>
         <file>rtsv7M4_T_le_v4SPD16_eabi.lib</file>
         <name>host_device.c.obj</name>
      </input_file>
      <input_file id="fl-e4">
         <path>C:\ti\ccs1260\ccs\tools\compiler\ti-cgt-arm_20.2.7.LTS\lib\</path>
         <kind>archive</kind>
         <file>rtsv7M4_T_le_v4SPD16_eabi.lib</file>
         <name>errno.c.obj</name>
      </input_file>
      <input_file id="fl-e5">
         <path>C:\ti\ccs1260\ccs\tools\compiler\ti-cgt-arm_20.2.7.LTS\lib\</path>
         <kind>archive</kind>
         <file>rtsv7M4_T_le_v4SPD16_eabi.lib</file>
         <name>wcslen.c.obj</name>
      </input_file>
      <input_file id="fl-e6">
         <path>C:\ti\ccs1260\ccs\tools\compiler\ti-cgt-arm_20.2.7.LTS\lib\</path>
         <kind>archive</kind>
         <file>rtsv7M4_T_le_v4SPD16_eabi.lib</file>
         <name>s_frexp.c.obj</name>
      </input_file>
      <input_file id="fl-e7">
         <path>C:\ti\ccs1260\ccs\tools\compiler\ti-cgt-arm_20.2.7.LTS\lib\</path>
         <kind>archive</kind>
         <file>rtsv7M4_T_le_v4SPD16_eabi.lib</file>
         <name>s_scalbn.c.obj</name>
      </input_file>
      <input_file id="fl-e8">
         <path>C:\ti\ccs1260\ccs\tools\compiler\ti-cgt-arm_20.2.7.LTS\lib\</path>
         <kind>archive</kind>
         <file>rtsv7M4_T_le_v4SPD16_eabi.lib</file>
         <name>fflush.c.obj</name>
      </input_file>
      <input_file id="fl-e9">
         <path>C:\ti\ccs1260\ccs\tools\compiler\ti-cgt-arm_20.2.7.LTS\lib\</path>
         <kind>archive</kind>
         <file>rtsv7M4_T_le_v4SPD16_eabi.lib</file>
         <name>fopen.c.obj</name>
      </input_file>
      <input_file id="fl-ea">
         <path>C:\ti\ccs1260\ccs\tools\compiler\ti-cgt-arm_20.2.7.LTS\lib\</path>
         <kind>archive</kind>
         <file>rtsv7M4_T_le_v4SPD16_eabi.lib</file>
         <name>fseek.c.obj</name>
      </input_file>
      <input_file id="fl-eb">
         <path>C:\ti\ccs1260\ccs\tools\compiler\ti-cgt-arm_20.2.7.LTS\lib\</path>
         <kind>archive</kind>
         <file>rtsv7M4_T_le_v4SPD16_eabi.lib</file>
         <name>div0.asm.obj</name>
      </input_file>
      <input_file id="fl-ec">
         <path>C:\ti\ccs1260\ccs\tools\compiler\ti-cgt-arm_20.2.7.LTS\lib\</path>
         <kind>archive</kind>
         <file>rtsv7M4_T_le_v4SPD16_eabi.lib</file>
         <name>autoinit.c.obj</name>
      </input_file>
      <input_file id="fl-ed">
         <path>C:\ti\ccs1260\ccs\tools\compiler\ti-cgt-arm_20.2.7.LTS\lib\</path>
         <kind>archive</kind>
         <file>rtsv7M4_T_le_v4SPD16_eabi.lib</file>
         <name>pre_init.c.obj</name>
      </input_file>
      <input_file id="fl-ee">
         <path>C:\ti\ccs1260\ccs\tools\compiler\ti-cgt-arm_20.2.7.LTS\lib\</path>
         <kind>archive</kind>
         <file>rtsv7M4_T_le_v4SPD16_eabi.lib</file>
         <name>cpy_tbl.c.obj</name>
      </input_file>
      <input_file id="fl-ef">
         <path>C:\ti\ccs1260\ccs\tools\compiler\ti-cgt-arm_20.2.7.LTS\lib\</path>
         <kind>archive</kind>
         <file>rtsv7M4_T_le_v4SPD16_eabi.lib</file>
         <name>args_main.c.obj</name>
      </input_file>
      <input_file id="fl-f0">
         <path>C:\ti\ccs1260\ccs\tools\compiler\ti-cgt-arm_20.2.7.LTS\lib\</path>
         <kind>archive</kind>
         <file>rtsv7M4_T_le_v4SPD16_eabi.lib</file>
         <name>hostclose.c.obj</name>
      </input_file>
      <input_file id="fl-f1">
         <path>C:\ti\ccs1260\ccs\tools\compiler\ti-cgt-arm_20.2.7.LTS\lib\</path>
         <kind>archive</kind>
         <file>rtsv7M4_T_le_v4SPD16_eabi.lib</file>
         <name>hostlseek.c.obj</name>
      </input_file>
      <input_file id="fl-f2">
         <path>C:\ti\ccs1260\ccs\tools\compiler\ti-cgt-arm_20.2.7.LTS\lib\</path>
         <kind>archive</kind>
         <file>rtsv7M4_T_le_v4SPD16_eabi.lib</file>
         <name>hostopen.c.obj</name>
      </input_file>
      <input_file id="fl-f3">
         <path>C:\ti\ccs1260\ccs\tools\compiler\ti-cgt-arm_20.2.7.LTS\lib\</path>
         <kind>archive</kind>
         <file>rtsv7M4_T_le_v4SPD16_eabi.lib</file>
         <name>hostread.c.obj</name>
      </input_file>
      <input_file id="fl-f4">
         <path>C:\ti\ccs1260\ccs\tools\compiler\ti-cgt-arm_20.2.7.LTS\lib\</path>
         <kind>archive</kind>
         <file>rtsv7M4_T_le_v4SPD16_eabi.lib</file>
         <name>hostrename.c.obj</name>
      </input_file>
      <input_file id="fl-f5">
         <path>C:\ti\ccs1260\ccs\tools\compiler\ti-cgt-arm_20.2.7.LTS\lib\</path>
         <kind>archive</kind>
         <file>rtsv7M4_T_le_v4SPD16_eabi.lib</file>
         <name>hostunlink.c.obj</name>
      </input_file>
      <input_file id="fl-f6">
         <path>C:\ti\ccs1260\ccs\tools\compiler\ti-cgt-arm_20.2.7.LTS\lib\</path>
         <kind>archive</kind>
         <file>rtsv7M4_T_le_v4SPD16_eabi.lib</file>
         <name>hostwrite.c.obj</name>
      </input_file>
      <input_file id="fl-f7">
         <path>C:\ti\ccs1260\ccs\tools\compiler\ti-cgt-arm_20.2.7.LTS\lib\</path>
         <kind>archive</kind>
         <file>rtsv7M4_T_le_v4SPD16_eabi.lib</file>
         <name>trgmsg.c.obj</name>
      </input_file>
      <input_file id="fl-f8">
         <path>C:\ti\ccs1260\ccs\tools\compiler\ti-cgt-arm_20.2.7.LTS\lib\</path>
         <kind>archive</kind>
         <file>rtsv7M4_T_le_v4SPD16_eabi.lib</file>
         <name>open.c.obj</name>
      </input_file>
      <input_file id="fl-f9">
         <path>C:\ti\ccs1260\ccs\tools\compiler\ti-cgt-arm_20.2.7.LTS\lib\</path>
         <kind>archive</kind>
         <file>rtsv7M4_T_le_v4SPD16_eabi.lib</file>
         <name>lseek.c.obj</name>
      </input_file>
      <input_file id="fl-fa">
         <path>C:\ti\ccs1260\ccs\tools\compiler\ti-cgt-arm_20.2.7.LTS\lib\</path>
         <kind>archive</kind>
         <file>rtsv7M4_T_le_v4SPD16_eabi.lib</file>
         <name>s_copysign.c.obj</name>
      </input_file>
      <input_file id="fl-fb">
         <path>C:\ti\ccs1260\ccs\tools\compiler\ti-cgt-arm_20.2.7.LTS\lib\</path>
         <kind>archive</kind>
         <file>rtsv7M4_T_le_v4SPD16_eabi.lib</file>
         <name>fclose.c.obj</name>
      </input_file>
      <input_file id="fl-fc">
         <path>C:\ti\ccs1260\ccs\tools\compiler\ti-cgt-arm_20.2.7.LTS\lib\</path>
         <kind>archive</kind>
         <file>rtsv7M4_T_le_v4SPD16_eabi.lib</file>
         <name>getdevice.c.obj</name>
      </input_file>
      <input_file id="fl-fd">
         <path>C:\ti\ccs1260\ccs\tools\compiler\ti-cgt-arm_20.2.7.LTS\lib\</path>
         <kind>archive</kind>
         <file>rtsv7M4_T_le_v4SPD16_eabi.lib</file>
         <name>strcmp.c.obj</name>
      </input_file>
      <input_file id="fl-fe">
         <path>C:\ti\ccs1260\ccs\tools\compiler\ti-cgt-arm_20.2.7.LTS\lib\</path>
         <kind>archive</kind>
         <file>rtsv7M4_T_le_v4SPD16_eabi.lib</file>
         <name>strcpy.c.obj</name>
      </input_file>
      <input_file id="fl-ff">
         <path>C:\ti\ccs1260\ccs\tools\compiler\ti-cgt-arm_20.2.7.LTS\lib\</path>
         <kind>archive</kind>
         <file>rtsv7M4_T_le_v4SPD16_eabi.lib</file>
         <name>strncpy.c.obj</name>
      </input_file>
      <input_file id="fl-100">
         <path>C:\ti\ccs1260\ccs\tools\compiler\ti-cgt-arm_20.2.7.LTS\lib\</path>
         <kind>archive</kind>
         <file>rtsv7M4_T_le_v4SPD16_eabi.lib</file>
         <name>remove.c.obj</name>
      </input_file>
      <input_file id="fl-101">
         <path>C:\ti\ccs1260\ccs\tools\compiler\ti-cgt-arm_20.2.7.LTS\lib\</path>
         <kind>archive</kind>
         <file>rtsv7M4_T_le_v4SPD16_eabi.lib</file>
         <name>close.c.obj</name>
      </input_file>
      <input_file id="fl-102">
         <path>C:\ti\ccs1260\ccs\tools\compiler\ti-cgt-arm_20.2.7.LTS\lib\</path>
         <kind>archive</kind>
         <file>rtsv7M4_T_le_v4SPD16_eabi.lib</file>
         <name>unlink.c.obj</name>
      </input_file>
   </input_file_list>
   <object_component_list>
      <object_component id="oc-26">
         <name>.intvecs:retain</name>
         <load_address>0x0</load_address>
         <run_address>0x0</run_address>
         <size>0xe4</size>
         <input_file_ref idref="fl-4"/>
      </object_component>
      <object_component id="oc-14c">
         <name>.text:__TI_printfi</name>
         <load_address>0xe4</load_address>
         <run_address>0xe4</run_address>
         <size>0xa4e</size>
         <input_file_ref idref="fl-c5"/>
      </object_component>
      <object_component id="oc-70">
         <name>.text:Default_Handler</name>
         <load_address>0xb32</load_address>
         <run_address>0xb32</run_address>
         <size>0x2</size>
         <input_file_ref idref="fl-4"/>
      </object_component>
      <object_component id="oc-1cf">
         <name>.text:_pconv_a</name>
         <load_address>0xb34</load_address>
         <run_address>0xb34</run_address>
         <size>0x270</size>
         <input_file_ref idref="fl-c5"/>
      </object_component>
      <object_component id="oc-1bd">
         <name>.text:_pconv_g</name>
         <load_address>0xda4</load_address>
         <run_address>0xda4</run_address>
         <size>0x1d0</size>
         <input_file_ref idref="fl-c5"/>
      </object_component>
      <object_component id="oc-258">
         <name>.text</name>
         <load_address>0xf74</load_address>
         <run_address>0xf74</run_address>
         <size>0x1b6</size>
         <input_file_ref idref="fl-ca"/>
      </object_component>
      <object_component id="oc-1f3">
         <name>.text:_nop</name>
         <load_address>0x112a</load_address>
         <run_address>0x112a</run_address>
         <size>0x2</size>
         <input_file_ref idref="fl-d7"/>
      </object_component>
      <object_component id="oc-a0">
         <name>.text:main</name>
         <load_address>0x112c</load_address>
         <run_address>0x112c</run_address>
         <size>0x170</size>
         <input_file_ref idref="fl-2"/>
      </object_component>
      <object_component id="oc-1c9">
         <name>.text:_pconv_e</name>
         <load_address>0x129c</load_address>
         <run_address>0x129c</run_address>
         <size>0x13c</size>
         <input_file_ref idref="fl-c5"/>
      </object_component>
      <object_component id="oc-23e">
         <name>.text</name>
         <load_address>0x13d8</load_address>
         <run_address>0x13d8</run_address>
         <size>0x136</size>
         <input_file_ref idref="fl-cc"/>
      </object_component>
      <object_component id="oc-2dc">
         <name>.text</name>
         <load_address>0x150e</load_address>
         <run_address>0x150e</run_address>
         <size>0x2</size>
         <input_file_ref idref="fl-eb"/>
      </object_component>
      <object_component id="oc-26a">
         <name>.text:fcvt</name>
         <load_address>0x1510</load_address>
         <run_address>0x1510</run_address>
         <size>0x124</size>
         <input_file_ref idref="fl-c5"/>
      </object_component>
      <object_component id="oc-201">
         <name>.text:fputs</name>
         <load_address>0x1634</load_address>
         <run_address>0x1634</run_address>
         <size>0x114</size>
         <input_file_ref idref="fl-c7"/>
      </object_component>
      <object_component id="oc-27e">
         <name>.text:scalbn</name>
         <load_address>0x1748</load_address>
         <run_address>0x1748</run_address>
         <size>0x110</size>
         <input_file_ref idref="fl-e7"/>
      </object_component>
      <object_component id="oc-387">
         <name>.text:aligned_alloc</name>
         <load_address>0x1858</load_address>
         <run_address>0x1858</run_address>
         <size>0x100</size>
         <input_file_ref idref="fl-de"/>
      </object_component>
      <object_component id="oc-239">
         <name>.text</name>
         <load_address>0x1958</load_address>
         <run_address>0x1958</run_address>
         <size>0xfc</size>
         <input_file_ref idref="fl-cd"/>
      </object_component>
      <object_component id="oc-e3">
         <name>.text:encrypt_message</name>
         <load_address>0x1a54</load_address>
         <run_address>0x1a54</run_address>
         <size>0xe8</size>
         <input_file_ref idref="fl-2"/>
      </object_component>
      <object_component id="oc-345">
         <name>.text:free</name>
         <load_address>0x1b3c</load_address>
         <run_address>0x1b3c</run_address>
         <size>0xe4</size>
         <input_file_ref idref="fl-de"/>
      </object_component>
      <object_component id="oc-317">
         <name>.text:setvbuf</name>
         <load_address>0x1c20</load_address>
         <run_address>0x1c20</run_address>
         <size>0xdc</size>
         <input_file_ref idref="fl-c9"/>
      </object_component>
      <object_component id="oc-ef">
         <name>.text:decrypt_message</name>
         <load_address>0x1cfc</load_address>
         <run_address>0x1cfc</run_address>
         <size>0xd8</size>
         <input_file_ref idref="fl-2"/>
      </object_component>
      <object_component id="oc-1b2">
         <name>.text:_ltostr</name>
         <load_address>0x1dd4</load_address>
         <run_address>0x1dd4</run_address>
         <size>0xb1</size>
         <input_file_ref idref="fl-c5"/>
      </object_component>
      <object_component id="oc-3a">
         <name>.text</name>
         <load_address>0x1e86</load_address>
         <run_address>0x1e86</run_address>
         <size>0x9c</size>
         <input_file_ref idref="fl-d0"/>
      </object_component>
      <object_component id="oc-232">
         <name>.text</name>
         <load_address>0x1f22</load_address>
         <run_address>0x1f22</run_address>
         <size>0x96</size>
         <input_file_ref idref="fl-d2"/>
      </object_component>
      <object_component id="oc-208">
         <name>.text:fputc</name>
         <load_address>0x1fb8</load_address>
         <run_address>0x1fb8</run_address>
         <size>0x8c</size>
         <input_file_ref idref="fl-c6"/>
      </object_component>
      <object_component id="oc-1b8">
         <name>.text:__aeabi_cdcmple</name>
         <load_address>0x2044</load_address>
         <run_address>0x2044</run_address>
         <size>0x86</size>
         <input_file_ref idref="fl-cb"/>
      </object_component>
      <object_component id="oc-243">
         <name>.text:__aeabi_cdrcmple</name>
         <load_address>0x20ca</load_address>
         <run_address>0x20ca</run_address>
         <size>0x86</size>
         <input_file_ref idref="fl-cb"/>
      </object_component>
      <object_component id="oc-94">
         <name>.text</name>
         <load_address>0x2150</load_address>
         <run_address>0x2150</run_address>
         <size>0x7a</size>
         <input_file_ref idref="fl-d1"/>
      </object_component>
      <object_component id="oc-b2">
         <name>.text:SystemInit</name>
         <load_address>0x21cc</load_address>
         <run_address>0x21cc</run_address>
         <size>0x78</size>
         <input_file_ref idref="fl-3"/>
      </object_component>
      <object_component id="oc-38e">
         <name>.text:__TI_closefile</name>
         <load_address>0x2244</load_address>
         <run_address>0x2244</run_address>
         <size>0x74</size>
         <input_file_ref idref="fl-fb"/>
      </object_component>
      <object_component id="oc-3cf">
         <name>.text:split</name>
         <load_address>0x22b8</load_address>
         <run_address>0x22b8</run_address>
         <size>0x70</size>
         <input_file_ref idref="fl-de"/>
      </object_component>
      <object_component id="oc-263">
         <name>.text:_mcpy</name>
         <load_address>0x2328</load_address>
         <run_address>0x2328</run_address>
         <size>0x6e</size>
         <input_file_ref idref="fl-c5"/>
      </object_component>
      <object_component id="oc-3be">
         <name>.text:HOSTrename</name>
         <load_address>0x2398</load_address>
         <run_address>0x2398</run_address>
         <size>0x6c</size>
         <input_file_ref idref="fl-f4"/>
      </object_component>
      <object_component id="oc-3b2">
         <name>.text:HOSTlseek</name>
         <load_address>0x2404</load_address>
         <run_address>0x2404</run_address>
         <size>0x68</size>
         <input_file_ref idref="fl-f1"/>
      </object_component>
      <object_component id="oc-17">
         <name>.text:decompress:lzss:__TI_decompress_lzss</name>
         <load_address>0x246c</load_address>
         <run_address>0x246c</run_address>
         <size>0x68</size>
         <input_file_ref idref="fl-d5"/>
      </object_component>
      <object_component id="oc-e9">
         <name>.text:printf</name>
         <load_address>0x24d4</load_address>
         <run_address>0x24d4</run_address>
         <size>0x68</size>
         <input_file_ref idref="fl-c4"/>
      </object_component>
      <object_component id="oc-278">
         <name>.text:frexp</name>
         <load_address>0x253c</load_address>
         <run_address>0x253c</run_address>
         <size>0x64</size>
         <input_file_ref idref="fl-e6"/>
      </object_component>
      <object_component id="oc-311">
         <name>.text:fseek</name>
         <load_address>0x25a0</load_address>
         <run_address>0x25a0</run_address>
         <size>0x64</size>
         <input_file_ref idref="fl-ea"/>
      </object_component>
      <object_component id="oc-2af">
         <name>.text:__TI_wrt_ok</name>
         <load_address>0x2604</load_address>
         <run_address>0x2604</run_address>
         <size>0x62</size>
         <input_file_ref idref="fl-c8"/>
      </object_component>
      <object_component id="oc-39a">
         <name>.text:HOSTopen</name>
         <load_address>0x2668</load_address>
         <run_address>0x2668</run_address>
         <size>0x60</size>
         <input_file_ref idref="fl-f2"/>
      </object_component>
      <object_component id="oc-3d6">
         <name>.text:close</name>
         <load_address>0x26c8</load_address>
         <run_address>0x26c8</run_address>
         <size>0x5c</size>
         <input_file_ref idref="fl-101"/>
      </object_component>
      <object_component id="oc-3a6">
         <name>.text:HOSTread</name>
         <load_address>0x2724</load_address>
         <run_address>0x2724</run_address>
         <size>0x58</size>
         <input_file_ref idref="fl-f3"/>
      </object_component>
      <object_component id="oc-3ac">
         <name>.text:HOSTwrite</name>
         <load_address>0x277c</load_address>
         <run_address>0x277c</run_address>
         <size>0x58</size>
         <input_file_ref idref="fl-f6"/>
      </object_component>
      <object_component id="oc-1c3">
         <name>.text:_pconv_f</name>
         <load_address>0x27d4</load_address>
         <run_address>0x27d4</run_address>
         <size>0x56</size>
         <input_file_ref idref="fl-c5"/>
      </object_component>
      <object_component id="oc-24d">
         <name>.text:__TI_ltoa</name>
         <load_address>0x282a</load_address>
         <run_address>0x282a</run_address>
         <size>0x54</size>
         <input_file_ref idref="fl-d8"/>
      </object_component>
      <object_component id="oc-25d">
         <name>.text:_ecpy</name>
         <load_address>0x287e</load_address>
         <run_address>0x287e</run_address>
         <size>0x52</size>
         <input_file_ref idref="fl-c5"/>
      </object_component>
      <object_component id="oc-2bb">
         <name>.text:__TI_doflush</name>
         <load_address>0x28d0</load_address>
         <run_address>0x28d0</run_address>
         <size>0x4c</size>
         <input_file_ref idref="fl-e8"/>
      </object_component>
      <object_component id="oc-1ac">
         <name>.text:atoi</name>
         <load_address>0x291c</load_address>
         <run_address>0x291c</run_address>
         <size>0x4c</size>
         <input_file_ref idref="fl-d9"/>
      </object_component>
      <object_component id="oc-10b">
         <name>.text:exit</name>
         <load_address>0x2968</load_address>
         <run_address>0x2968</run_address>
         <size>0x48</size>
         <input_file_ref idref="fl-d6"/>
      </object_component>
      <object_component id="oc-248">
         <name>.text</name>
         <load_address>0x29b0</load_address>
         <run_address>0x29b0</run_address>
         <size>0x48</size>
         <input_file_ref idref="fl-ce"/>
      </object_component>
      <object_component id="oc-3a0">
         <name>.text:HOSTclose</name>
         <load_address>0x29f8</load_address>
         <run_address>0x29f8</run_address>
         <size>0x44</size>
         <input_file_ref idref="fl-f0"/>
      </object_component>
      <object_component id="oc-3b8">
         <name>.text:HOSTunlink</name>
         <load_address>0x2a3c</load_address>
         <run_address>0x2a3c</run_address>
         <size>0x44</size>
         <input_file_ref idref="fl-f5"/>
      </object_component>
      <object_component id="oc-111">
         <name>.text:__TI_auto_init_nobinit_nopinit:__TI_auto_init_nobinit_nopinit</name>
         <load_address>0x2a80</load_address>
         <run_address>0x2a80</run_address>
         <size>0x44</size>
         <input_file_ref idref="fl-ec"/>
      </object_component>
      <object_component id="oc-40e">
         <name>.text:getdevice</name>
         <load_address>0x2ac4</load_address>
         <run_address>0x2ac4</run_address>
         <size>0x44</size>
         <input_file_ref idref="fl-fc"/>
      </object_component>
      <object_component id="oc-270">
         <name>.text:_fcpy</name>
         <load_address>0x2b08</load_address>
         <run_address>0x2b08</run_address>
         <size>0x3e</size>
         <input_file_ref idref="fl-c5"/>
      </object_component>
      <object_component id="oc-3e7">
         <name>.text:__TI_writemsg</name>
         <load_address>0x2b48</load_address>
         <run_address>0x2b48</run_address>
         <size>0x38</size>
         <input_file_ref idref="fl-f7"/>
      </object_component>
      <object_component id="oc-430">
         <name>.text:strncpy</name>
         <load_address>0x2b80</load_address>
         <run_address>0x2b80</run_address>
         <size>0x36</size>
         <input_file_ref idref="fl-ff"/>
      </object_component>
      <object_component id="oc-351">
         <name>.text:__TI_cleanup</name>
         <load_address>0x2bb8</load_address>
         <run_address>0x2bb8</run_address>
         <size>0x34</size>
         <input_file_ref idref="fl-e9"/>
      </object_component>
      <object_component id="oc-3ed">
         <name>.text:__TI_readmsg</name>
         <load_address>0x2bec</load_address>
         <run_address>0x2bec</run_address>
         <size>0x34</size>
         <input_file_ref idref="fl-f7"/>
      </object_component>
      <object_component id="oc-58">
         <name>.text:_c_int00_noargs:_c_int00_noargs</name>
         <load_address>0x2c20</load_address>
         <run_address>0x2c20</run_address>
         <size>0x34</size>
         <input_file_ref idref="fl-e1"/>
      </object_component>
      <object_component id="oc-436">
         <name>.text:finddevice</name>
         <load_address>0x2c54</load_address>
         <run_address>0x2c54</run_address>
         <size>0x30</size>
         <input_file_ref idref="fl-fc"/>
      </object_component>
      <object_component id="oc-253">
         <name>.text</name>
         <load_address>0x2c84</load_address>
         <run_address>0x2c84</run_address>
         <size>0x2e</size>
         <input_file_ref idref="fl-cf"/>
      </object_component>
      <object_component id="oc-3dc">
         <name>.text:unlink</name>
         <load_address>0x2cb4</load_address>
         <run_address>0x2cb4</run_address>
         <size>0x2c</size>
         <input_file_ref idref="fl-102"/>
      </object_component>
      <object_component id="oc-380">
         <name>.text:free_list_insert</name>
         <load_address>0x2ce0</load_address>
         <run_address>0x2ce0</run_address>
         <size>0x28</size>
         <input_file_ref idref="fl-de"/>
      </object_component>
      <object_component id="oc-33d">
         <name>.text:lseek</name>
         <load_address>0x2d08</load_address>
         <run_address>0x2d08</run_address>
         <size>0x28</size>
         <input_file_ref idref="fl-f9"/>
      </object_component>
      <object_component id="oc-2c1">
         <name>.text:write</name>
         <load_address>0x2d30</load_address>
         <run_address>0x2d30</run_address>
         <size>0x28</size>
         <input_file_ref idref="fl-e2"/>
      </object_component>
      <object_component id="oc-2b5">
         <name>.text:memchr</name>
         <load_address>0x2d58</load_address>
         <run_address>0x2d58</run_address>
         <size>0x20</size>
         <input_file_ref idref="fl-dd"/>
      </object_component>
      <object_component id="oc-37a">
         <name>.text:free_list_remove</name>
         <load_address>0x2d78</load_address>
         <run_address>0x2d78</run_address>
         <size>0x1c</size>
         <input_file_ref idref="fl-de"/>
      </object_component>
      <object_component id="oc-1d5">
         <name>.text:memccpy</name>
         <load_address>0x2d94</load_address>
         <run_address>0x2d94</run_address>
         <size>0x1c</size>
         <input_file_ref idref="fl-dc"/>
      </object_component>
      <object_component id="oc-2f5">
         <name>.text:copysign</name>
         <load_address>0x2db0</load_address>
         <run_address>0x2db0</run_address>
         <size>0x1a</size>
         <input_file_ref idref="fl-fa"/>
      </object_component>
      <object_component id="oc-44d">
         <name>.text:strcmp</name>
         <load_address>0x2dca</load_address>
         <run_address>0x2dca</run_address>
         <size>0x18</size>
         <input_file_ref idref="fl-fd"/>
      </object_component>
      <object_component id="oc-284">
         <name>.text:strchr</name>
         <load_address>0x2de2</load_address>
         <run_address>0x2de2</run_address>
         <size>0x16</size>
         <input_file_ref idref="fl-df"/>
      </object_component>
      <object_component id="oc-401">
         <name>.text:strcpy</name>
         <load_address>0x2df8</load_address>
         <run_address>0x2df8</run_address>
         <size>0x14</size>
         <input_file_ref idref="fl-fe"/>
      </object_component>
      <object_component id="oc-dd">
         <name>.text:strlen</name>
         <load_address>0x2e0c</load_address>
         <run_address>0x2e0c</run_address>
         <size>0x14</size>
         <input_file_ref idref="fl-e0"/>
      </object_component>
      <object_component id="oc-1db">
         <name>.text:wcslen</name>
         <load_address>0x2e20</load_address>
         <run_address>0x2e20</run_address>
         <size>0x12</size>
         <input_file_ref idref="fl-e5"/>
      </object_component>
      <object_component id="oc-1d">
         <name>.text:decompress:none:__TI_decompress_none</name>
         <load_address>0x2e32</load_address>
         <run_address>0x2e32</run_address>
         <size>0xe</size>
         <input_file_ref idref="fl-d4"/>
      </object_component>
      <object_component id="oc-6a">
         <name>.text:Reset_Handler</name>
         <load_address>0x2e40</load_address>
         <run_address>0x2e40</run_address>
         <size>0xc</size>
         <input_file_ref idref="fl-4"/>
      </object_component>
      <object_component id="oc-4c">
         <name>.text:decompress:ZI:__TI_zero_init</name>
         <load_address>0x2e4c</load_address>
         <run_address>0x2e4c</run_address>
         <size>0xc</size>
         <input_file_ref idref="fl-d3"/>
      </object_component>
      <object_component id="oc-1e1">
         <name>.text:__aeabi_errno_addr</name>
         <load_address>0x2e58</load_address>
         <run_address>0x2e58</run_address>
         <size>0x8</size>
         <input_file_ref idref="fl-e4"/>
      </object_component>
      <object_component id="oc-34b">
         <name>.text:malloc</name>
         <load_address>0x2e60</load_address>
         <run_address>0x2e60</run_address>
         <size>0x8</size>
         <input_file_ref idref="fl-de"/>
      </object_component>
      <object_component id="oc-15e">
         <name>.text:_outc</name>
         <load_address>0x2e68</load_address>
         <run_address>0x2e68</run_address>
         <size>0x4</size>
         <input_file_ref idref="fl-c4"/>
      </object_component>
      <object_component id="oc-158">
         <name>.text:_outs</name>
         <load_address>0x2e6c</load_address>
         <run_address>0x2e6c</run_address>
         <size>0x4</size>
         <input_file_ref idref="fl-c4"/>
      </object_component>
      <object_component id="oc-9a">
         <name>.text:_system_pre_init</name>
         <load_address>0x2e70</load_address>
         <run_address>0x2e70</run_address>
         <size>0x4</size>
         <input_file_ref idref="fl-ed"/>
      </object_component>
      <object_component id="oc-105">
         <name>.text:abort:abort</name>
         <load_address>0x2e74</load_address>
         <run_address>0x2e74</run_address>
         <size>0x4</size>
         <input_file_ref idref="fl-d6"/>
      </object_component>
      <object_component id="oc-22d">
         <name>.const:.string:_ctypes_</name>
         <load_address>0x2e78</load_address>
         <run_address>0x2e78</run_address>
         <size>0x101</size>
         <input_file_ref idref="fl-da"/>
      </object_component>
      <object_component id="oc-48d">
         <name>.cinit..data.load</name>
         <load_address>0x2f80</load_address>
         <run_address>0x2f80</run_address>
         <size>0x84</size>
      </object_component>
      <object_component id="oc-48b">
         <name>__TI_handler_table</name>
         <load_address>0x3004</load_address>
         <run_address>0x3004</run_address>
         <size>0xc</size>
      </object_component>
      <object_component id="oc-48e">
         <name>.cinit..bss.load</name>
         <load_address>0x3010</load_address>
         <run_address>0x3010</run_address>
         <size>0x8</size>
      </object_component>
      <object_component id="oc-48c">
         <name>__TI_cinit_table</name>
         <load_address>0x3018</load_address>
         <run_address>0x3018</run_address>
         <size>0x10</size>
      </object_component>
      <object_component id="oc-45f">
         <name>.binit</name>
         <load_address>0x0</load_address>
         <run_address>0x0</run_address>
         <size>0x0</size>
      </object_component>
      <object_component id="oc-f8">
         <name>.data:key1</name>
         <load_address>0x20001800</load_address>
         <run_address>0x20001800</run_address>
         <size>0x17</size>
         <input_file_ref idref="fl-2"/>
      </object_component>
      <object_component id="oc-18e">
         <name>.data:$O1$$</name>
         <load_address>0x20001828</load_address>
         <run_address>0x20001828</run_address>
         <size>0xc</size>
         <input_file_ref idref="fl-d6"/>
      </object_component>
      <object_component id="oc-152">
         <name>.data:$O1$$</name>
         <load_address>0x20001834</load_address>
         <run_address>0x20001834</run_address>
         <size>0x8</size>
         <input_file_ref idref="fl-d7"/>
      </object_component>
      <object_component id="oc-155">
         <name>.data:_ftable</name>
         <load_address>0x20001648</load_address>
         <run_address>0x20001648</run_address>
         <size>0xf0</size>
         <input_file_ref idref="fl-db"/>
      </object_component>
      <object_component id="oc-394">
         <name>.data</name>
         <load_address>0x20001818</load_address>
         <run_address>0x20001818</run_address>
         <size>0x10</size>
         <input_file_ref idref="fl-db"/>
      </object_component>
      <object_component id="oc-3ca">
         <name>.data:$O1$$</name>
         <load_address>0x2000183c</load_address>
         <run_address>0x2000183c</run_address>
         <size>0x8</size>
         <input_file_ref idref="fl-de"/>
      </object_component>
      <object_component id="oc-364">
         <name>.data:_device</name>
         <load_address>0x20001738</load_address>
         <run_address>0x20001738</run_address>
         <size>0x78</size>
         <input_file_ref idref="fl-e3"/>
      </object_component>
      <object_component id="oc-323">
         <name>.data:_stream</name>
         <load_address>0x200017b0</load_address>
         <run_address>0x200017b0</run_address>
         <size>0x50</size>
         <input_file_ref idref="fl-e3"/>
      </object_component>
      <object_component id="oc-294">
         <name>.data</name>
         <load_address>0x20001844</load_address>
         <run_address>0x20001844</run_address>
         <size>0x4</size>
         <input_file_ref idref="fl-e4"/>
      </object_component>
      <object_component id="oc-f5">
         <name>.bss:DataAESencrypted</name>
         <uninitialized>true</uninitialized>
         <run_address>0x20000640</run_address>
         <size>0x640</size>
         <input_file_ref idref="fl-2"/>
      </object_component>
      <object_component id="oc-fb">
         <name>.bss:DataAESdecrypted</name>
         <uninitialized>true</uninitialized>
         <run_address>0x20000000</run_address>
         <size>0x640</size>
         <input_file_ref idref="fl-2"/>
      </object_component>
      <object_component id="oc-418">
         <name>.bss:_CIOBUF_</name>
         <uninitialized>true</uninitialized>
         <run_address>0x20000c80</run_address>
         <size>0x120</size>
         <input_file_ref idref="fl-f7"/>
      </object_component>
      <object_component id="oc-3e2">
         <name>.common:__TI_tmpnams</name>
         <uninitialized>true</uninitialized>
         <run_address>0x20000da0</run_address>
         <size>0xa0</size>
      </object_component>
      <object_component id="oc-3f3">
         <name>.common:parmbuf</name>
         <uninitialized>true</uninitialized>
         <run_address>0x20000e40</run_address>
         <size>0x8</size>
      </object_component>
      <object_component id="oc-29">
         <name>.sysmem</name>
         <uninitialized>true</uninitialized>
         <run_address>0x20000e48</run_address>
         <size>0x10</size>
         <input_file_ref idref="fl-de"/>
      </object_component>
      <object_component id="oc-491">
         <name>.sysmem</name>
         <uninitialized>true</uninitialized>
         <run_address>0x20000e48</run_address>
         <size>0x0</size>
      </object_component>
      <object_component id="oc-2c">
         <name>.stack</name>
         <uninitialized>true</uninitialized>
         <run_address>0x2000fe00</run_address>
         <size>0x4</size>
         <input_file_ref idref="fl-e1"/>
      </object_component>
      <object_component id="oc-490">
         <name>.stack</name>
         <uninitialized>true</uninitialized>
         <run_address>0x2000fe00</run_address>
         <size>0x0</size>
      </object_component>
      <object_component id="oc-104">
         <name>.debug_info</name>
         <load_address>0x0</load_address>
         <run_address>0x0</run_address>
         <size>0x667</size>
         <input_file_ref idref="fl-2"/>
      </object_component>
      <object_component id="oc-f6">
         <name>.debug_info</name>
         <load_address>0x667</load_address>
         <run_address>0x667</run_address>
         <size>0x133</size>
         <input_file_ref idref="fl-2"/>
      </object_component>
      <object_component id="oc-fc">
         <name>.debug_info</name>
         <load_address>0x79a</load_address>
         <run_address>0x79a</run_address>
         <size>0x133</size>
         <input_file_ref idref="fl-2"/>
      </object_component>
      <object_component id="oc-f9">
         <name>.debug_info</name>
         <load_address>0x8cd</load_address>
         <run_address>0x8cd</run_address>
         <size>0x11c</size>
         <input_file_ref idref="fl-2"/>
      </object_component>
      <object_component id="oc-a1">
         <name>.debug_info</name>
         <load_address>0x9e9</load_address>
         <run_address>0x9e9</run_address>
         <size>0x27a</size>
         <input_file_ref idref="fl-2"/>
      </object_component>
      <object_component id="oc-e4">
         <name>.debug_info</name>
         <load_address>0xc63</load_address>
         <run_address>0xc63</run_address>
         <size>0x2fd</size>
         <input_file_ref idref="fl-2"/>
      </object_component>
      <object_component id="oc-f0">
         <name>.debug_info</name>
         <load_address>0xf60</load_address>
         <run_address>0xf60</run_address>
         <size>0x304</size>
         <input_file_ref idref="fl-2"/>
      </object_component>
      <object_component id="oc-bc">
         <name>.debug_info</name>
         <load_address>0x1264</load_address>
         <run_address>0x1264</run_address>
         <size>0x26b</size>
         <input_file_ref idref="fl-2"/>
      </object_component>
      <object_component id="oc-179">
         <name>.debug_info</name>
         <load_address>0x14cf</load_address>
         <run_address>0x14cf</run_address>
         <size>0x1028</size>
         <input_file_ref idref="fl-2"/>
      </object_component>
      <object_component id="oc-174">
         <name>.debug_info</name>
         <load_address>0x24f7</load_address>
         <run_address>0x24f7</run_address>
         <size>0x37e2</size>
         <input_file_ref idref="fl-2"/>
      </object_component>
      <object_component id="oc-ff">
         <name>.debug_info</name>
         <load_address>0x5cd9</load_address>
         <run_address>0x5cd9</run_address>
         <size>0x8b</size>
         <input_file_ref idref="fl-2"/>
      </object_component>
      <object_component id="oc-144">
         <name>.debug_info</name>
         <load_address>0x5d64</load_address>
         <run_address>0x5d64</run_address>
         <size>0x2a4</size>
         <input_file_ref idref="fl-2"/>
      </object_component>
      <object_component id="oc-17e">
         <name>.debug_info</name>
         <load_address>0x6008</load_address>
         <run_address>0x6008</run_address>
         <size>0xbb</size>
         <input_file_ref idref="fl-2"/>
      </object_component>
      <object_component id="oc-188">
         <name>.debug_info</name>
         <load_address>0x60c3</load_address>
         <run_address>0x60c3</run_address>
         <size>0xcc</size>
         <input_file_ref idref="fl-2"/>
      </object_component>
      <object_component id="oc-166">
         <name>.debug_info</name>
         <load_address>0x618f</load_address>
         <run_address>0x618f</run_address>
         <size>0x2c</size>
         <input_file_ref idref="fl-2"/>
      </object_component>
      <object_component id="oc-183">
         <name>.debug_info</name>
         <load_address>0x61bb</load_address>
         <run_address>0x61bb</run_address>
         <size>0x35</size>
         <input_file_ref idref="fl-2"/>
      </object_component>
      <object_component id="oc-b5">
         <name>.debug_info</name>
         <load_address>0x61f0</load_address>
         <run_address>0x61f0</run_address>
         <size>0x16c</size>
         <input_file_ref idref="fl-3"/>
      </object_component>
      <object_component id="oc-35">
         <name>.debug_info</name>
         <load_address>0x635c</load_address>
         <run_address>0x635c</run_address>
         <size>0x84</size>
         <input_file_ref idref="fl-3"/>
      </object_component>
      <object_component id="oc-78">
         <name>.debug_info</name>
         <load_address>0x63e0</load_address>
         <run_address>0x63e0</run_address>
         <size>0x30c</size>
         <input_file_ref idref="fl-4"/>
      </object_component>
      <object_component id="oc-27">
         <name>.debug_info</name>
         <load_address>0x66ec</load_address>
         <run_address>0x66ec</run_address>
         <size>0x138</size>
         <input_file_ref idref="fl-4"/>
      </object_component>
      <object_component id="oc-6b">
         <name>.debug_info</name>
         <load_address>0x6824</load_address>
         <run_address>0x6824</run_address>
         <size>0x19b</size>
         <input_file_ref idref="fl-4"/>
      </object_component>
      <object_component id="oc-73">
         <name>.debug_info</name>
         <load_address>0x69bf</load_address>
         <run_address>0x69bf</run_address>
         <size>0x183</size>
         <input_file_ref idref="fl-4"/>
      </object_component>
      <object_component id="oc-165">
         <name>.debug_info</name>
         <load_address>0x6b42</load_address>
         <run_address>0x6b42</run_address>
         <size>0x3e5</size>
         <input_file_ref idref="fl-c4"/>
      </object_component>
      <object_component id="oc-162">
         <name>.debug_info</name>
         <load_address>0x6f27</load_address>
         <run_address>0x6f27</run_address>
         <size>0x157</size>
         <input_file_ref idref="fl-c4"/>
      </object_component>
      <object_component id="oc-15a">
         <name>.debug_info</name>
         <load_address>0x707e</load_address>
         <run_address>0x707e</run_address>
         <size>0x166</size>
         <input_file_ref idref="fl-c4"/>
      </object_component>
      <object_component id="oc-ea">
         <name>.debug_info</name>
         <load_address>0x71e4</load_address>
         <run_address>0x71e4</run_address>
         <size>0x1ac</size>
         <input_file_ref idref="fl-c4"/>
      </object_component>
      <object_component id="oc-211">
         <name>.debug_info</name>
         <load_address>0x7390</load_address>
         <run_address>0x7390</run_address>
         <size>0xb2</size>
         <input_file_ref idref="fl-c4"/>
      </object_component>
      <object_component id="oc-1e8">
         <name>.debug_info</name>
         <load_address>0x7442</load_address>
         <run_address>0x7442</run_address>
         <size>0x590</size>
         <input_file_ref idref="fl-c5"/>
      </object_component>
      <object_component id="oc-1b3">
         <name>.debug_info</name>
         <load_address>0x79d2</load_address>
         <run_address>0x79d2</run_address>
         <size>0x21e</size>
         <input_file_ref idref="fl-c5"/>
      </object_component>
      <object_component id="oc-25e">
         <name>.debug_info</name>
         <load_address>0x7bf0</load_address>
         <run_address>0x7bf0</run_address>
         <size>0x1b3</size>
         <input_file_ref idref="fl-c5"/>
      </object_component>
      <object_component id="oc-264">
         <name>.debug_info</name>
         <load_address>0x7da3</load_address>
         <run_address>0x7da3</run_address>
         <size>0x21b</size>
         <input_file_ref idref="fl-c5"/>
      </object_component>
      <object_component id="oc-1be">
         <name>.debug_info</name>
         <load_address>0x7fbe</load_address>
         <run_address>0x7fbe</run_address>
         <size>0x3c0</size>
         <input_file_ref idref="fl-c5"/>
      </object_component>
      <object_component id="oc-26b">
         <name>.debug_info</name>
         <load_address>0x837e</load_address>
         <run_address>0x837e</run_address>
         <size>0x30a</size>
         <input_file_ref idref="fl-c5"/>
      </object_component>
      <object_component id="oc-271">
         <name>.debug_info</name>
         <load_address>0x8688</load_address>
         <run_address>0x8688</run_address>
         <size>0x215</size>
         <input_file_ref idref="fl-c5"/>
      </object_component>
      <object_component id="oc-1c4">
         <name>.debug_info</name>
         <load_address>0x889d</load_address>
         <run_address>0x889d</run_address>
         <size>0x215</size>
         <input_file_ref idref="fl-c5"/>
      </object_component>
      <object_component id="oc-1ca">
         <name>.debug_info</name>
         <load_address>0x8ab2</load_address>
         <run_address>0x8ab2</run_address>
         <size>0x304</size>
         <input_file_ref idref="fl-c5"/>
      </object_component>
      <object_component id="oc-1d0">
         <name>.debug_info</name>
         <load_address>0x8db6</load_address>
         <run_address>0x8db6</run_address>
         <size>0x4b5</size>
         <input_file_ref idref="fl-c5"/>
      </object_component>
      <object_component id="oc-14e">
         <name>.debug_info</name>
         <load_address>0x926b</load_address>
         <run_address>0x926b</run_address>
         <size>0x5f4</size>
         <input_file_ref idref="fl-c5"/>
      </object_component>
      <object_component id="oc-1e9">
         <name>.debug_info</name>
         <load_address>0x985f</load_address>
         <run_address>0x985f</run_address>
         <size>0x86</size>
         <input_file_ref idref="fl-c5"/>
      </object_component>
      <object_component id="oc-2a0">
         <name>.debug_info</name>
         <load_address>0x98e5</load_address>
         <run_address>0x98e5</run_address>
         <size>0x39</size>
         <input_file_ref idref="fl-c5"/>
      </object_component>
      <object_component id="oc-30c">
         <name>.debug_info</name>
         <load_address>0x991e</load_address>
         <run_address>0x991e</run_address>
         <size>0xb6</size>
         <input_file_ref idref="fl-c5"/>
      </object_component>
      <object_component id="oc-2a5">
         <name>.debug_info</name>
         <load_address>0x99d4</load_address>
         <run_address>0x99d4</run_address>
         <size>0x46</size>
         <input_file_ref idref="fl-c5"/>
      </object_component>
      <object_component id="oc-1ee">
         <name>.debug_info</name>
         <load_address>0x9a1a</load_address>
         <run_address>0x9a1a</run_address>
         <size>0x46</size>
         <input_file_ref idref="fl-c5"/>
      </object_component>
      <object_component id="oc-29b">
         <name>.debug_info</name>
         <load_address>0x9a60</load_address>
         <run_address>0x9a60</run_address>
         <size>0x2c</size>
         <input_file_ref idref="fl-c5"/>
      </object_component>
      <object_component id="oc-2ca">
         <name>.debug_info</name>
         <load_address>0x9a8c</load_address>
         <run_address>0x9a8c</run_address>
         <size>0x383</size>
         <input_file_ref idref="fl-c6"/>
      </object_component>
      <object_component id="oc-20c">
         <name>.debug_info</name>
         <load_address>0x9e0f</load_address>
         <run_address>0x9e0f</run_address>
         <size>0x1ea</size>
         <input_file_ref idref="fl-c6"/>
      </object_component>
      <object_component id="oc-2c8">
         <name>.debug_info</name>
         <load_address>0x9ff9</load_address>
         <run_address>0x9ff9</run_address>
         <size>0x3fc</size>
         <input_file_ref idref="fl-c7"/>
      </object_component>
      <object_component id="oc-205">
         <name>.debug_info</name>
         <load_address>0xa3f5</load_address>
         <run_address>0xa3f5</run_address>
         <size>0x2e2</size>
         <input_file_ref idref="fl-c7"/>
      </object_component>
      <object_component id="oc-d4">
         <name>.debug_info</name>
         <load_address>0xa6d7</load_address>
         <run_address>0xa6d7</run_address>
         <size>0x2c</size>
         <input_file_ref idref="fl-c7"/>
      </object_component>
      <object_component id="oc-31e">
         <name>.debug_info</name>
         <load_address>0xa703</load_address>
         <run_address>0xa703</run_address>
         <size>0x300</size>
         <input_file_ref idref="fl-c8"/>
      </object_component>
      <object_component id="oc-2b0">
         <name>.debug_info</name>
         <load_address>0xaa03</load_address>
         <run_address>0xaa03</run_address>
         <size>0x19c</size>
         <input_file_ref idref="fl-c8"/>
      </object_component>
      <object_component id="oc-359">
         <name>.debug_info</name>
         <load_address>0xab9f</load_address>
         <run_address>0xab9f</run_address>
         <size>0xbf</size>
         <input_file_ref idref="fl-c8"/>
      </object_component>
      <object_component id="oc-358">
         <name>.debug_info</name>
         <load_address>0xac5e</load_address>
         <run_address>0xac5e</run_address>
         <size>0x374</size>
         <input_file_ref idref="fl-c9"/>
      </object_component>
      <object_component id="oc-31b">
         <name>.debug_info</name>
         <load_address>0xafd2</load_address>
         <run_address>0xafd2</run_address>
         <size>0x20b</size>
         <input_file_ref idref="fl-c9"/>
      </object_component>
      <object_component id="oc-25b">
         <name>.debug_info</name>
         <load_address>0xb1dd</load_address>
         <run_address>0xb1dd</run_address>
         <size>0x14c</size>
         <input_file_ref idref="fl-ca"/>
      </object_component>
      <object_component id="oc-1b9">
         <name>.debug_info</name>
         <load_address>0xb329</load_address>
         <run_address>0xb329</run_address>
         <size>0x128</size>
         <input_file_ref idref="fl-cb"/>
      </object_component>
      <object_component id="oc-244">
         <name>.debug_info</name>
         <load_address>0xb451</load_address>
         <run_address>0xb451</run_address>
         <size>0x12a</size>
         <input_file_ref idref="fl-cb"/>
      </object_component>
      <object_component id="oc-23f">
         <name>.debug_info</name>
         <load_address>0xb57b</load_address>
         <run_address>0xb57b</run_address>
         <size>0x13a</size>
         <input_file_ref idref="fl-cc"/>
      </object_component>
      <object_component id="oc-23a">
         <name>.debug_info</name>
         <load_address>0xb6b5</load_address>
         <run_address>0xb6b5</run_address>
         <size>0x13a</size>
         <input_file_ref idref="fl-cd"/>
      </object_component>
      <object_component id="oc-249">
         <name>.debug_info</name>
         <load_address>0xb7ef</load_address>
         <run_address>0xb7ef</run_address>
         <size>0x12e</size>
         <input_file_ref idref="fl-ce"/>
      </object_component>
      <object_component id="oc-255">
         <name>.debug_info</name>
         <load_address>0xb91d</load_address>
         <run_address>0xb91d</run_address>
         <size>0x12c</size>
         <input_file_ref idref="fl-cf"/>
      </object_component>
      <object_component id="oc-3c">
         <name>.debug_info</name>
         <load_address>0xba49</load_address>
         <run_address>0xba49</run_address>
         <size>0x119</size>
         <input_file_ref idref="fl-d0"/>
      </object_component>
      <object_component id="oc-97">
         <name>.debug_info</name>
         <load_address>0xbb62</load_address>
         <run_address>0xbb62</run_address>
         <size>0x147</size>
         <input_file_ref idref="fl-d1"/>
      </object_component>
      <object_component id="oc-233">
         <name>.debug_info</name>
         <load_address>0xbca9</load_address>
         <run_address>0xbca9</run_address>
         <size>0x134</size>
         <input_file_ref idref="fl-d2"/>
      </object_component>
      <object_component id="oc-93">
         <name>.debug_info</name>
         <load_address>0xbddd</load_address>
         <run_address>0xbddd</run_address>
         <size>0x2d4</size>
         <input_file_ref idref="fl-d3"/>
      </object_component>
      <object_component id="oc-4d">
         <name>.debug_info</name>
         <load_address>0xc0b1</load_address>
         <run_address>0xc0b1</run_address>
         <size>0x1b5</size>
         <input_file_ref idref="fl-d3"/>
      </object_component>
      <object_component id="oc-8e">
         <name>.debug_info</name>
         <load_address>0xc266</load_address>
         <run_address>0xc266</run_address>
         <size>0x46</size>
         <input_file_ref idref="fl-d3"/>
      </object_component>
      <object_component id="oc-45">
         <name>.debug_info</name>
         <load_address>0xc2ac</load_address>
         <run_address>0xc2ac</run_address>
         <size>0x2a8</size>
         <input_file_ref idref="fl-d4"/>
      </object_component>
      <object_component id="oc-1f">
         <name>.debug_info</name>
         <load_address>0xc554</load_address>
         <run_address>0xc554</run_address>
         <size>0x1ea</size>
         <input_file_ref idref="fl-d4"/>
      </object_component>
      <object_component id="oc-40">
         <name>.debug_info</name>
         <load_address>0xc73e</load_address>
         <run_address>0xc73e</run_address>
         <size>0x46</size>
         <input_file_ref idref="fl-d4"/>
      </object_component>
      <object_component id="oc-86">
         <name>.debug_info</name>
         <load_address>0xc784</load_address>
         <run_address>0xc784</run_address>
         <size>0x2c</size>
         <input_file_ref idref="fl-d4"/>
      </object_component>
      <object_component id="oc-84">
         <name>.debug_info</name>
         <load_address>0xc7b0</load_address>
         <run_address>0xc7b0</run_address>
         <size>0x29e</size>
         <input_file_ref idref="fl-d5"/>
      </object_component>
      <object_component id="oc-1b">
         <name>.debug_info</name>
         <load_address>0xca4e</load_address>
         <run_address>0xca4e</run_address>
         <size>0x250</size>
         <input_file_ref idref="fl-d5"/>
      </object_component>
      <object_component id="oc-30">
         <name>.debug_info</name>
         <load_address>0xcc9e</load_address>
         <run_address>0xcc9e</run_address>
         <size>0x60</size>
         <input_file_ref idref="fl-d5"/>
      </object_component>
      <object_component id="oc-cd">
         <name>.debug_info</name>
         <load_address>0xccfe</load_address>
         <run_address>0xccfe</run_address>
         <size>0x46</size>
         <input_file_ref idref="fl-d5"/>
      </object_component>
      <object_component id="oc-7f">
         <name>.debug_info</name>
         <load_address>0xcd44</load_address>
         <run_address>0xcd44</run_address>
         <size>0x39</size>
         <input_file_ref idref="fl-d5"/>
      </object_component>
      <object_component id="oc-192">
         <name>.debug_info</name>
         <load_address>0xcd7d</load_address>
         <run_address>0xcd7d</run_address>
         <size>0x3ad</size>
         <input_file_ref idref="fl-d6"/>
      </object_component>
      <object_component id="oc-18f">
         <name>.debug_info</name>
         <load_address>0xd12a</load_address>
         <run_address>0xd12a</run_address>
         <size>0x190</size>
         <input_file_ref idref="fl-d6"/>
      </object_component>
      <object_component id="oc-106">
         <name>.debug_info</name>
         <load_address>0xd2ba</load_address>
         <run_address>0xd2ba</run_address>
         <size>0x122</size>
         <input_file_ref idref="fl-d6"/>
      </object_component>
      <object_component id="oc-10e">
         <name>.debug_info</name>
         <load_address>0xd3dc</load_address>
         <run_address>0xd3dc</run_address>
         <size>0x184</size>
         <input_file_ref idref="fl-d6"/>
      </object_component>
      <object_component id="oc-1fb">
         <name>.debug_info</name>
         <load_address>0xd560</load_address>
         <run_address>0xd560</run_address>
         <size>0x2c9</size>
         <input_file_ref idref="fl-d7"/>
      </object_component>
      <object_component id="oc-153">
         <name>.debug_info</name>
         <load_address>0xd829</load_address>
         <run_address>0xd829</run_address>
         <size>0x11e</size>
         <input_file_ref idref="fl-d7"/>
      </object_component>
      <object_component id="oc-1f7">
         <name>.debug_info</name>
         <load_address>0xd947</load_address>
         <run_address>0xd947</run_address>
         <size>0x12e</size>
         <input_file_ref idref="fl-d7"/>
      </object_component>
      <object_component id="oc-2e7">
         <name>.debug_info</name>
         <load_address>0xda75</load_address>
         <run_address>0xda75</run_address>
         <size>0x29c</size>
         <input_file_ref idref="fl-d8"/>
      </object_component>
      <object_component id="oc-250">
         <name>.debug_info</name>
         <load_address>0xdd11</load_address>
         <run_address>0xdd11</run_address>
         <size>0x1da</size>
         <input_file_ref idref="fl-d8"/>
      </object_component>
      <object_component id="oc-231">
         <name>.debug_info</name>
         <load_address>0xdeeb</load_address>
         <run_address>0xdeeb</run_address>
         <size>0x2b9</size>
         <input_file_ref idref="fl-d9"/>
      </object_component>
      <object_component id="oc-1ad">
         <name>.debug_info</name>
         <load_address>0xe1a4</load_address>
         <run_address>0xe1a4</run_address>
         <size>0x17c</size>
         <input_file_ref idref="fl-d9"/>
      </object_component>
      <object_component id="oc-2d9">
         <name>.debug_info</name>
         <load_address>0xe320</load_address>
         <run_address>0xe320</run_address>
         <size>0xf9</size>
         <input_file_ref idref="fl-da"/>
      </object_component>
      <object_component id="oc-22e">
         <name>.debug_info</name>
         <load_address>0xe419</load_address>
         <run_address>0xe419</run_address>
         <size>0x105</size>
         <input_file_ref idref="fl-da"/>
      </object_component>
      <object_component id="oc-1ff">
         <name>.debug_info</name>
         <load_address>0xe51e</load_address>
         <run_address>0xe51e</run_address>
         <size>0x144</size>
         <input_file_ref idref="fl-db"/>
      </object_component>
      <object_component id="oc-156">
         <name>.debug_info</name>
         <load_address>0xe662</load_address>
         <run_address>0xe662</run_address>
         <size>0x102</size>
         <input_file_ref idref="fl-db"/>
      </object_component>
      <object_component id="oc-395">
         <name>.debug_info</name>
         <load_address>0xe764</load_address>
         <run_address>0xe764</run_address>
         <size>0x18f</size>
         <input_file_ref idref="fl-db"/>
      </object_component>
      <object_component id="oc-28c">
         <name>.debug_info</name>
         <load_address>0xe8f3</load_address>
         <run_address>0xe8f3</run_address>
         <size>0x2a7</size>
         <input_file_ref idref="fl-dc"/>
      </object_component>
      <object_component id="oc-1d6">
         <name>.debug_info</name>
         <load_address>0xeb9a</load_address>
         <run_address>0xeb9a</run_address>
         <size>0x1b8</size>
         <input_file_ref idref="fl-dc"/>
      </object_component>
      <object_component id="oc-320">
         <name>.debug_info</name>
         <load_address>0xed52</load_address>
         <run_address>0xed52</run_address>
         <size>0x2a5</size>
         <input_file_ref idref="fl-dd"/>
      </object_component>
      <object_component id="oc-2b6">
         <name>.debug_info</name>
         <load_address>0xeff7</load_address>
         <run_address>0xeff7</run_address>
         <size>0x25d</size>
         <input_file_ref idref="fl-dd"/>
      </object_component>
      <object_component id="oc-7b">
         <name>.debug_info</name>
         <load_address>0xf254</load_address>
         <run_address>0xf254</run_address>
         <size>0x3b2</size>
         <input_file_ref idref="fl-de"/>
      </object_component>
      <object_component id="oc-2a">
         <name>.debug_info</name>
         <load_address>0xf606</load_address>
         <run_address>0xf606</run_address>
         <size>0x10c</size>
         <input_file_ref idref="fl-de"/>
      </object_component>
      <object_component id="oc-3cb">
         <name>.debug_info</name>
         <load_address>0xf712</load_address>
         <run_address>0xf712</run_address>
         <size>0x13f</size>
         <input_file_ref idref="fl-de"/>
      </object_component>
      <object_component id="oc-34c">
         <name>.debug_info</name>
         <load_address>0xf851</load_address>
         <run_address>0xf851</run_address>
         <size>0x168</size>
         <input_file_ref idref="fl-de"/>
      </object_component>
      <object_component id="oc-37b">
         <name>.debug_info</name>
         <load_address>0xf9b9</load_address>
         <run_address>0xf9b9</run_address>
         <size>0x18e</size>
         <input_file_ref idref="fl-de"/>
      </object_component>
      <object_component id="oc-381">
         <name>.debug_info</name>
         <load_address>0xfb47</load_address>
         <run_address>0xfb47</run_address>
         <size>0x19f</size>
         <input_file_ref idref="fl-de"/>
      </object_component>
      <object_component id="oc-346">
         <name>.debug_info</name>
         <load_address>0xfce6</load_address>
         <run_address>0xfce6</run_address>
         <size>0x203</size>
         <input_file_ref idref="fl-de"/>
      </object_component>
      <object_component id="oc-3d0">
         <name>.debug_info</name>
         <load_address>0xfee9</load_address>
         <run_address>0xfee9</run_address>
         <size>0x1db</size>
         <input_file_ref idref="fl-de"/>
      </object_component>
      <object_component id="oc-38a">
         <name>.debug_info</name>
         <load_address>0x100c4</load_address>
         <run_address>0x100c4</run_address>
         <size>0x299</size>
         <input_file_ref idref="fl-de"/>
      </object_component>
      <object_component id="oc-c8">
         <name>.debug_info</name>
         <load_address>0x1035d</load_address>
         <run_address>0x1035d</run_address>
         <size>0xb2</size>
         <input_file_ref idref="fl-de"/>
      </object_component>
      <object_component id="oc-c3">
         <name>.debug_info</name>
         <load_address>0x1040f</load_address>
         <run_address>0x1040f</run_address>
         <size>0x2c</size>
         <input_file_ref idref="fl-de"/>
      </object_component>
      <object_component id="oc-2fe">
         <name>.debug_info</name>
         <load_address>0x1043b</load_address>
         <run_address>0x1043b</run_address>
         <size>0x29a</size>
         <input_file_ref idref="fl-df"/>
      </object_component>
      <object_component id="oc-286">
         <name>.debug_info</name>
         <load_address>0x106d5</load_address>
         <run_address>0x106d5</run_address>
         <size>0x262</size>
         <input_file_ref idref="fl-df"/>
      </object_component>
      <object_component id="oc-14a">
         <name>.debug_info</name>
         <load_address>0x10937</load_address>
         <run_address>0x10937</run_address>
         <size>0x28f</size>
         <input_file_ref idref="fl-e0"/>
      </object_component>
      <object_component id="oc-de">
         <name>.debug_info</name>
         <load_address>0x10bc6</load_address>
         <run_address>0x10bc6</run_address>
         <size>0x245</size>
         <input_file_ref idref="fl-e0"/>
      </object_component>
      <object_component id="oc-2d">
         <name>.debug_info</name>
         <load_address>0x10e0b</load_address>
         <run_address>0x10e0b</run_address>
         <size>0x10b</size>
         <input_file_ref idref="fl-e1"/>
      </object_component>
      <object_component id="oc-59">
         <name>.debug_info</name>
         <load_address>0x10f16</load_address>
         <run_address>0x10f16</run_address>
         <size>0x1a9</size>
         <input_file_ref idref="fl-e1"/>
      </object_component>
      <object_component id="oc-327">
         <name>.debug_info</name>
         <load_address>0x110bf</load_address>
         <run_address>0x110bf</run_address>
         <size>0x397</size>
         <input_file_ref idref="fl-e2"/>
      </object_component>
      <object_component id="oc-2c3">
         <name>.debug_info</name>
         <load_address>0x11456</load_address>
         <run_address>0x11456</run_address>
         <size>0x18f</size>
         <input_file_ref idref="fl-e2"/>
      </object_component>
      <object_component id="oc-36c">
         <name>.debug_info</name>
         <load_address>0x115e5</load_address>
         <run_address>0x115e5</run_address>
         <size>0x120</size>
         <input_file_ref idref="fl-e2"/>
      </object_component>
      <object_component id="oc-371">
         <name>.debug_info</name>
         <load_address>0x11705</load_address>
         <run_address>0x11705</run_address>
         <size>0x2c</size>
         <input_file_ref idref="fl-e2"/>
      </object_component>
      <object_component id="oc-369">
         <name>.debug_info</name>
         <load_address>0x11731</load_address>
         <run_address>0x11731</run_address>
         <size>0x337</size>
         <input_file_ref idref="fl-e3"/>
      </object_component>
      <object_component id="oc-365">
         <name>.debug_info</name>
         <load_address>0x11a68</load_address>
         <run_address>0x11a68</run_address>
         <size>0x109</size>
         <input_file_ref idref="fl-e3"/>
      </object_component>
      <object_component id="oc-324">
         <name>.debug_info</name>
         <load_address>0x11b71</load_address>
         <run_address>0x11b71</run_address>
         <size>0x109</size>
         <input_file_ref idref="fl-e3"/>
      </object_component>
      <object_component id="oc-298">
         <name>.debug_info</name>
         <load_address>0x11c7a</load_address>
         <run_address>0x11c7a</run_address>
         <size>0x289</size>
         <input_file_ref idref="fl-e4"/>
      </object_component>
      <object_component id="oc-295">
         <name>.debug_info</name>
         <load_address>0x11f03</load_address>
         <run_address>0x11f03</run_address>
         <size>0x10e</size>
         <input_file_ref idref="fl-e4"/>
      </object_component>
      <object_component id="oc-1e5">
         <name>.debug_info</name>
         <load_address>0x12011</load_address>
         <run_address>0x12011</run_address>
         <size>0x14e</size>
         <input_file_ref idref="fl-e4"/>
      </object_component>
      <object_component id="oc-293">
         <name>.debug_info</name>
         <load_address>0x1215f</load_address>
         <run_address>0x1215f</run_address>
         <size>0x28f</size>
         <input_file_ref idref="fl-e5"/>
      </object_component>
      <object_component id="oc-1dc">
         <name>.debug_info</name>
         <load_address>0x123ee</load_address>
         <run_address>0x123ee</run_address>
         <size>0x15a</size>
         <input_file_ref idref="fl-e5"/>
      </object_component>
      <object_component id="oc-301">
         <name>.debug_info</name>
         <load_address>0x12548</load_address>
         <run_address>0x12548</run_address>
         <size>0x46</size>
         <input_file_ref idref="fl-e5"/>
      </object_component>
      <object_component id="oc-28e">
         <name>.debug_info</name>
         <load_address>0x1258e</load_address>
         <run_address>0x1258e</run_address>
         <size>0x39</size>
         <input_file_ref idref="fl-e5"/>
      </object_component>
      <object_component id="oc-2ef">
         <name>.debug_info</name>
         <load_address>0x125c7</load_address>
         <run_address>0x125c7</run_address>
         <size>0x295</size>
         <input_file_ref idref="fl-e6"/>
      </object_component>
      <object_component id="oc-27b">
         <name>.debug_info</name>
         <load_address>0x1285c</load_address>
         <run_address>0x1285c</run_address>
         <size>0x195</size>
         <input_file_ref idref="fl-e6"/>
      </object_component>
      <object_component id="oc-333">
         <name>.debug_info</name>
         <load_address>0x129f1</load_address>
         <run_address>0x129f1</run_address>
         <size>0x39</size>
         <input_file_ref idref="fl-e6"/>
      </object_component>
      <object_component id="oc-2f0">
         <name>.debug_info</name>
         <load_address>0x12a2a</load_address>
         <run_address>0x12a2a</run_address>
         <size>0x2c</size>
         <input_file_ref idref="fl-e6"/>
      </object_component>
      <object_component id="oc-2fc">
         <name>.debug_info</name>
         <load_address>0x12a56</load_address>
         <run_address>0x12a56</run_address>
         <size>0x2f8</size>
         <input_file_ref idref="fl-e7"/>
      </object_component>
      <object_component id="oc-280">
         <name>.debug_info</name>
         <load_address>0x12d4e</load_address>
         <run_address>0x12d4e</run_address>
         <size>0x225</size>
         <input_file_ref idref="fl-e7"/>
[...]
         <object_component_ref idref="oc-3a"/>
      </symbol>
      <symbol id="sm-375">
         <name>__aeabi_memcpy</name>
         <value>0x1e87</value>
         <object_component_ref idref="oc-3a"/>
      </symbol>
      <symbol id="sm-376">
         <name>__aeabi_memcpy8</name>
         <value>0x1e87</value>
         <object_component_ref idref="oc-3a"/>
      </symbol>
      <symbol id="sm-377">
         <name>__aeabi_memcpy4</name>
         <value>0x1e87</value>
         <object_component_ref idref="oc-3a"/>
      </symbol>
      <symbol id="sm-386">
         <name>__aeabi_memset</name>
         <value>0x2153</value>
         <object_component_ref idref="oc-94"/>
      </symbol>
      <symbol id="sm-387">
         <name>memset</name>
         <value>0x2159</value>
         <object_component_ref idref="oc-94"/>
      </symbol>
      <symbol id="sm-388">
         <name>__aeabi_memset8</name>
         <value>0x2153</value>
         <object_component_ref idref="oc-94"/>
      </symbol>
      <symbol id="sm-389">
         <name>__aeabi_memset4</name>
         <value>0x2153</value>
         <object_component_ref idref="oc-94"/>
      </symbol>
      <symbol id="sm-38a">
         <name>__aeabi_memclr8</name>
         <value>0x2151</value>
         <object_component_ref idref="oc-94"/>
      </symbol>
      <symbol id="sm-38b">
         <name>__aeabi_memclr4</name>
         <value>0x2151</value>
         <object_component_ref idref="oc-94"/>
      </symbol>
      <symbol id="sm-38c">
         <name>__aeabi_memclr</name>
         <value>0x2151</value>
         <object_component_ref idref="oc-94"/>
      </symbol>
      <symbol id="sm-399">
         <name>__aeabi_uldivmod</name>
         <value>0x1f23</value>
         <object_component_ref idref="oc-232"/>
      </symbol>
      <symbol id="sm-3ab">
         <name>__TI_zero_init</name>
         <value>0x2e4d</value>
         <object_component_ref idref="oc-4c"/>
      </symbol>
      <symbol id="sm-3c2">
         <name>__TI_decompress_none</name>
         <value>0x2e33</value>
         <object_component_ref idref="oc-1d"/>
      </symbol>
      <symbol id="sm-3e5">
         <name>__TI_decompress_lzss</name>
         <value>0x246d</value>
         <object_component_ref idref="oc-17"/>
      </symbol>
      <symbol id="sm-40b">
         <name>C$$EXIT</name>
         <value>0x2e75</value>
         <object_component_ref idref="oc-105"/>
      </symbol>
      <symbol id="sm-40c">
         <name>abort</name>
         <value>0x2e75</value>
         <object_component_ref idref="oc-105"/>
      </symbol>
      <symbol id="sm-40d">
         <name>__TI_dtors_ptr</name>
         <value>0x2000182c</value>
         <object_component_ref idref="oc-18e"/>
      </symbol>
      <symbol id="sm-40e">
         <name>__TI_cleanup_ptr</name>
         <value>0x20001828</value>
         <object_component_ref idref="oc-18e"/>
      </symbol>
      <symbol id="sm-40f">
         <name>__TI_enable_exit_profile_output</name>
         <value>0x20001830</value>
         <object_component_ref idref="oc-18e"/>
      </symbol>
      <symbol id="sm-410">
         <name>exit</name>
         <value>0x2969</value>
         <object_component_ref idref="oc-10b"/>
      </symbol>
      <symbol id="sm-425">
         <name>_nop</name>
         <value>0x112b</value>
         <object_component_ref idref="oc-1f3"/>
      </symbol>
      <symbol id="sm-426">
         <name>_lock</name>
         <value>0x20001834</value>
         <object_component_ref idref="oc-152"/>
      </symbol>
      <symbol id="sm-427">
         <name>_unlock</name>
         <value>0x20001838</value>
         <object_component_ref idref="oc-152"/>
      </symbol>
      <symbol id="sm-436">
         <name>__TI_ltoa</name>
         <value>0x282b</value>
         <object_component_ref idref="oc-24d"/>
      </symbol>
      <symbol id="sm-44c">
         <name>atoi</name>
         <value>0x291d</value>
         <object_component_ref idref="oc-1ac"/>
      </symbol>
      <symbol id="sm-457">
         <name>_ctypes_</name>
         <value>0x2e78</value>
         <object_component_ref idref="oc-22d"/>
      </symbol>
      <symbol id="sm-46c">
         <name>__TI_tmpnams</name>
         <value>0x20000da0</value>
      </symbol>
      <symbol id="sm-46d">
         <name>__aeabi_stdout</name>
         <value>0x20001820</value>
         <object_component_ref idref="oc-394"/>
      </symbol>
      <symbol id="sm-46e">
         <name>__aeabi_stderr</name>
         <value>0x20001824</value>
         <object_component_ref idref="oc-394"/>
      </symbol>
      <symbol id="sm-46f">
         <name>__aeabi_stdin</name>
         <value>0x2000181c</value>
         <object_component_ref idref="oc-394"/>
      </symbol>
      <symbol id="sm-470">
         <name>_ftable</name>
         <value>0x20001648</value>
         <object_component_ref idref="oc-155"/>
      </symbol>
      <symbol id="sm-471">
         <name>__TI_ft_end</name>
         <value>0x20001818</value>
         <object_component_ref idref="oc-394"/>
      </symbol>
      <symbol id="sm-481">
         <name>memccpy</name>
         <value>0x2d95</value>
         <object_component_ref idref="oc-1d5"/>
      </symbol>
      <symbol id="sm-491">
         <name>memchr</name>
         <value>0x2d59</value>
         <object_component_ref idref="oc-2b5"/>
      </symbol>
      <symbol id="sm-51a">
         <name>_sys_memory</name>
         <value>0x20000e48</value>
         <object_component_ref idref="oc-29"/>
      </symbol>
      <symbol id="sm-51b">
         <name>free</name>
         <value>0x1b3d</value>
         <object_component_ref idref="oc-345"/>
      </symbol>
      <symbol id="sm-51c">
         <name>memalign</name>
         <value>0x1859</value>
         <object_component_ref idref="oc-387"/>
      </symbol>
      <symbol id="sm-51d">
         <name>malloc</name>
         <value>0x2e61</value>
         <object_component_ref idref="oc-34b"/>
      </symbol>
      <symbol id="sm-51e">
         <name>aligned_alloc</name>
         <value>0x1859</value>
         <object_component_ref idref="oc-387"/>
      </symbol>
      <symbol id="sm-52e">
         <name>strchr</name>
         <value>0x2de3</value>
         <object_component_ref idref="oc-284"/>
      </symbol>
      <symbol id="sm-53c">
         <name>strlen</name>
         <value>0x2e0d</value>
         <object_component_ref idref="oc-dd"/>
      </symbol>
      <symbol id="sm-54f">
         <name>__stack</name>
         <value>0x2000fe00</value>
         <object_component_ref idref="oc-2c"/>
      </symbol>
      <symbol id="sm-550">
         <name>_c_int00_noargs</name>
         <value>0x2c21</value>
         <object_component_ref idref="oc-58"/>
      </symbol>
      <symbol id="sm-56a">
         <name>write</name>
         <value>0x2d31</value>
         <object_component_ref idref="oc-2c1"/>
      </symbol>
      <symbol id="sm-57b">
         <name>_stream</name>
         <value>0x200017b0</value>
         <object_component_ref idref="oc-323"/>
      </symbol>
      <symbol id="sm-57c">
         <name>_device</name>
         <value>0x20001738</value>
         <object_component_ref idref="oc-364"/>
      </symbol>
      <symbol id="sm-592">
         <name>__aeabi_errno_addr</name>
         <value>0x2e59</value>
         <object_component_ref idref="oc-1e1"/>
      </symbol>
      <symbol id="sm-593">
         <name>errno</name>
         <value>0x20001844</value>
         <object_component_ref idref="oc-294"/>
      </symbol>
      <symbol id="sm-5ac">
         <name>wcslen</name>
         <value>0x2e21</value>
         <object_component_ref idref="oc-1db"/>
      </symbol>
      <symbol id="sm-5cc">
         <name>frexpl</name>
         <value>0x253d</value>
         <object_component_ref idref="oc-278"/>
      </symbol>
      <symbol id="sm-5cd">
         <name>frexp</name>
         <value>0x253d</value>
         <object_component_ref idref="oc-278"/>
      </symbol>
      <symbol id="sm-5ea">
         <name>scalbn</name>
         <value>0x1749</value>
         <object_component_ref idref="oc-27e"/>
      </symbol>
      <symbol id="sm-5eb">
         <name>scalbnl</name>
         <value>0x1749</value>
         <object_component_ref idref="oc-27e"/>
      </symbol>
      <symbol id="sm-5ec">
         <name>ldexpl</name>
         <value>0x1749</value>
         <object_component_ref idref="oc-27e"/>
      </symbol>
      <symbol id="sm-5ed">
         <name>ldexp</name>
         <value>0x1749</value>
         <object_component_ref idref="oc-27e"/>
      </symbol>
      <symbol id="sm-5fd">
         <name>__TI_doflush</name>
         <value>0x28d1</value>
         <object_component_ref idref="oc-2bb"/>
      </symbol>
      <symbol id="sm-60d">
         <name>__TI_cleanup</name>
         <value>0x2bb9</value>
         <object_component_ref idref="oc-351"/>
      </symbol>
      <symbol id="sm-61f">
         <name>fseek</name>
         <value>0x25a1</value>
         <object_component_ref idref="oc-311"/>
      </symbol>
      <symbol id="sm-629">
         <name>__aeabi_idiv0</name>
         <value>0x150f</value>
         <object_component_ref idref="oc-2dc"/>
      </symbol>
      <symbol id="sm-62a">
         <name>__aeabi_ldiv0</name>
         <value>0x150f</value>
         <object_component_ref idref="oc-2dc"/>
      </symbol>
      <symbol id="sm-652">
         <name>__TI_auto_init_nobinit_nopinit</name>
         <value>0x2a81</value>
         <object_component_ref idref="oc-111"/>
      </symbol>
      <symbol id="sm-65c">
         <name>_system_pre_init</name>
         <value>0x2e71</value>
         <object_component_ref idref="oc-9a"/>
      </symbol>
      <symbol id="sm-66f">
         <name>HOSTclose</name>
         <value>0x29f9</value>
         <object_component_ref idref="oc-3a0"/>
      </symbol>
      <symbol id="sm-680">
         <name>HOSTlseek</name>
         <value>0x2405</value>
         <object_component_ref idref="oc-3b2"/>
      </symbol>
      <symbol id="sm-692">
         <name>parmbuf</name>
         <value>0x20000e40</value>
      </symbol>
      <symbol id="sm-693">
         <name>HOSTopen</name>
         <value>0x2669</value>
         <object_component_ref idref="oc-39a"/>
      </symbol>
      <symbol id="sm-6a4">
         <name>HOSTread</name>
         <value>0x2725</value>
         <object_component_ref idref="oc-3a6"/>
      </symbol>
      <symbol id="sm-6b5">
         <name>HOSTrename</name>
         <value>0x2399</value>
         <object_component_ref idref="oc-3be"/>
      </symbol>
      <symbol id="sm-6c6">
         <name>HOSTunlink</name>
         <value>0x2a3d</value>
         <object_component_ref idref="oc-3b8"/>
      </symbol>
      <symbol id="sm-6d7">
         <name>HOSTwrite</name>
         <value>0x277d</value>
         <object_component_ref idref="oc-3ac"/>
      </symbol>
      <symbol id="sm-6fb">
         <name>__TI_readmsg</name>
         <value>0x2bed</value>
         <object_component_ref idref="oc-3ed"/>
      </symbol>
      <symbol id="sm-6fc">
         <name>C$$IO$$</name>
         <value>0x2b77</value>
         <object_component_ref idref="oc-3e7"/>
      </symbol>
      <symbol id="sm-6fd">
         <name>__CIOBUF_</name>
         <value>0x20000c80</value>
         <object_component_ref idref="oc-418"/>
      </symbol>
      <symbol id="sm-6fe">
         <name>__TI_writemsg</name>
         <value>0x2b49</value>
         <object_component_ref idref="oc-3e7"/>
      </symbol>
      <symbol id="sm-70f">
         <name>lseek</name>
         <value>0x2d09</value>
         <object_component_ref idref="oc-33d"/>
      </symbol>
      <symbol id="sm-719">
         <name>copysign</name>
         <value>0x2db1</value>
         <object_component_ref idref="oc-2f5"/>
      </symbol>
      <symbol id="sm-71a">
         <name>copysignl</name>
         <value>0x2db1</value>
         <object_component_ref idref="oc-2f5"/>
      </symbol>
      <symbol id="sm-72f">
         <name>__TI_closefile</name>
         <value>0x2245</value>
         <object_component_ref idref="oc-38e"/>
      </symbol>
      <symbol id="sm-752">
         <name>finddevice</name>
         <value>0x2c55</value>
         <object_component_ref idref="oc-436"/>
      </symbol>
      <symbol id="sm-753">
         <name>getdevice</name>
         <value>0x2ac5</value>
         <object_component_ref idref="oc-40e"/>
      </symbol>
      <symbol id="sm-762">
         <name>strcmp</name>
         <value>0x2dcb</value>
         <object_component_ref idref="oc-44d"/>
      </symbol>
      <symbol id="sm-770">
         <name>strcpy</name>
         <value>0x2df9</value>
         <object_component_ref idref="oc-401"/>
      </symbol>
      <symbol id="sm-780">
         <name>strncpy</name>
         <value>0x2b81</value>
         <object_component_ref idref="oc-430"/>
      </symbol>
      <symbol id="sm-795">
         <name>close</name>
         <value>0x26c9</value>
         <object_component_ref idref="oc-3d6"/>
      </symbol>
      <symbol id="sm-7a5">
         <name>unlink</name>
         <value>0x2cb5</value>
         <object_component_ref idref="oc-3dc"/>
      </symbol>
      <symbol id="sm-7a6">
         <name>__TI_static_base__</name>
         <value>0x0</value>
      </symbol>
      <symbol id="sm-7a9">
         <name>__mpu_init</name>
         <value>0x0</value>
      </symbol>
      <symbol id="sm-7aa">
         <name>_system_post_cinit</name>
         <value>0x0</value>
      </symbol>
      <symbol id="sm-7ab">
         <name>NMI_Handler</name>
         <value>0xb33</value>
      </symbol>
      <symbol id="sm-7ac">
         <name>HardFault_Handler</name>
         <value>0xb33</value>
      </symbol>
      <symbol id="sm-7ad">
         <name>MemManage_Handler</name>
         <value>0xb33</value>
      </symbol>
      <symbol id="sm-7ae">
         <name>BusFault_Handler</name>
         <value>0xb33</value>
      </symbol>
      <symbol id="sm-7af">
         <name>UsageFault_Handler</name>
         <value>0xb33</value>
      </symbol>
      <symbol id="sm-7b0">
         <name>SVC_Handler</name>
         <value>0xb33</value>
      </symbol>
      <symbol id="sm-7b1">
         <name>DebugMon_Handler</name>
         <value>0xb33</value>
      </symbol>
      <symbol id="sm-7b2">
         <name>PendSV_Handler</name>
         <value>0xb33</value>
      </symbol>
      <symbol id="sm-7b3">
         <name>SysTick_Handler</name>
         <value>0xb33</value>
      </symbol>
      <symbol id="sm-7b4">
         <name>PSS_IRQHandler</name>
         <value>0xb33</value>
      </symbol>
      <symbol id="sm-7b5">
         <name>CS_IRQHandler</name>
         <value>0xb33</value>
      </symbol>
      <symbol id="sm-7b6">
         <name>PCM_IRQHandler</name>
         <value>0xb33</value>
      </symbol>
      <symbol id="sm-7b7">
         <name>WDT_A_IRQHandler</name>
         <value>0xb33</value>
      </symbol>
      <symbol id="sm-7b8">
         <name>FPU_IRQHandler</name>
         <value>0xb33</value>
      </symbol>
      <symbol id="sm-7b9">
         <name>FLCTL_IRQHandler</name>
         <value>0xb33</value>
      </symbol>
      <symbol id="sm-7ba">
         <name>COMP_E0_IRQHandler</name>
         <value>0xb33</value>
      </symbol>
      <symbol id="sm-7bb">
         <name>COMP_E1_IRQHandler</name>
         <value>0xb33</value>
      </symbol>
      <symbol id="sm-7bc">
         <name>TA0_0_IRQHandler</name>
         <value>0xb33</value>
      </symbol>
      <symbol id="sm-7bd">
         <name>TA0_N_IRQHandler</name>
         <value>0xb33</value>
      </symbol>
      <symbol id="sm-7be">
         <name>TA1_0_IRQHandler</name>
         <value>0xb33</value>
      </symbol>
      <symbol id="sm-7bf">
         <name>TA1_N_IRQHandler</name>
         <value>0xb33</value>
      </symbol>
      <symbol id="sm-7c0">
         <name>TA2_0_IRQHandler</name>
         <value>0xb33</value>
      </symbol>
      <symbol id="sm-7c1">
         <name>TA2_N_IRQHandler</name>
         <value>0xb33</value>
      </symbol>
      <symbol id="sm-7c2">
         <name>TA3_0_IRQHandler</name>
         <value>0xb33</value>
      </symbol>
      <symbol id="sm-7c3">
         <name>TA3_N_IRQHandler</name>
         <value>0xb33</value>
      </symbol>
      <symbol id="sm-7c4">
         <name>EUSCIA0_IRQHandler</name>
         <value>0xb33</value>
      </symbol>
      <symbol id="sm-7c5">
         <name>EUSCIA1_IRQHandler</name>
         <value>0xb33</value>
      </symbol>
      <symbol id="sm-7c6">
         <name>EUSCIA2_IRQHandler</name>
         <value>0xb33</value>
      </symbol>
      <symbol id="sm-7c7">
         <name>EUSCIA3_IRQHandler</name>
         <value>0xb33</value>
      </symbol>
      <symbol id="sm-7c8">
         <name>EUSCIB0_IRQHandler</name>
         <value>0xb33</value>
      </symbol>
      <symbol id="sm-7c9">
         <name>EUSCIB1_IRQHandler</name>
         <value>0xb33</value>
      </symbol>
      <symbol id="sm-7ca">
         <name>EUSCIB2_IRQHandler</name>
         <value>0xb33</value>
      </symbol>
      <symbol id="sm-7cb">
         <name>EUSCIB3_IRQHandler</name>
         <value>0xb33</value>
      </symbol>
      <symbol id="sm-7cc">
         <name>ADC14_IRQHandler</name>
         <value>0xb33</value>
      </symbol>
      <symbol id="sm-7cd">
         <name>T32_INT1_IRQHandler</name>
         <value>0xb33</value>
      </symbol>
      <symbol id="sm-7ce">
         <name>T32_INT2_IRQHandler</name>
         <value>0xb33</value>
      </symbol>
      <symbol id="sm-7cf">
         <name>T32_INTC_IRQHandler</name>
         <value>0xb33</value>
      </symbol>
      <symbol id="sm-7d0">
         <name>AES256_IRQHandler</name>
         <value>0xb33</value>
      </symbol>
      <symbol id="sm-7d1">
         <name>RTC_C_IRQHandler</name>
         <value>0xb33</value>
      </symbol>
      <symbol id="sm-7d2">
         <name>DMA_ERR_IRQHandler</name>
         <value>0xb33</value>
      </symbol>
      <symbol id="sm-7d3">
         <name>DMA_INT3_IRQHandler</name>
         <value>0xb33</value>
      </symbol>
      <symbol id="sm-7d4">
         <name>DMA_INT2_IRQHandler</name>
         <value>0xb33</value>
      </symbol>
      <symbol id="sm-7d5">
         <name>DMA_INT1_IRQHandler</name>
         <value>0xb33</value>
      </symbol>
      <symbol id="sm-7d6">
         <name>DMA_INT0_IRQHandler</name>
         <value>0xb33</value>
      </symbol>
      <symbol id="sm-7d7">
         <name>PORT1_IRQHandler</name>
         <value>0xb33</value>
      </symbol>
      <symbol id="sm-7d8">
         <name>PORT2_IRQHandler</name>
         <value>0xb33</value>
      </symbol>
      <symbol id="sm-7d9">
         <name>PORT3_IRQHandler</name>
         <value>0xb33</value>
      </symbol>
      <symbol id="sm-7da">
         <name>PORT4_IRQHandler</name>
         <value>0xb33</value>
      </symbol>
      <symbol id="sm-7db">
         <name>PORT5_IRQHandler</name>
         <value>0xb33</value>
      </symbol>
      <symbol id="sm-7dc">
         <name>PORT6_IRQHandler</name>
         <value>0xb33</value>
      </symbol>
      <symbol id="sm-7dd">
         <name>remove</name>
         <value>0x2cb5</value>
      </symbol>
   </symbol_table>
   <title>Link successful</title>
</link_info>
