<?xml version="1.0" encoding="ISO-8859-1" ?>
<link_info>
   <banner>TI ARM Linker PC v20.2.7.LTS</banner>
   <copyright>Copyright (c) 1996-2018 Texas Instruments Incorporated</copyright>
   <link_time>0x67cb939e</link_time>
   <link_errors>0x0</link_errors>
   <output_file>CMPE146_Lab3E2_CRCSpeedup.out</output_file>
   <entry_point>
      <name>_c_int00_noargs</name>
      <address>0x2f29</address>
   </entry_point>
   <input_file_list>
      <input_file id="fl-2">
         <path>.\</path>
         <kind>object</kind>
         <file>crc32_32-bit_signature_calculation.obj</file>
         <name>crc32_32-bit_signature_calculation.obj</name>
      </input_file>
      <input_file id="fl-3">
         <path>.\</path>
         <kind>object</kind>
         <file>system_msp432p401r.obj</file>
         <name>system_msp432p401r.obj</name>
      </input_file>
      <input_file id="fl-4">
         <path>.\ccs\</path>
         <kind>object</kind>
         <file>startup_msp432p401r_ccs.obj</file>
         <name>startup_msp432p401r_ccs.obj</name>
      </input_file>
      <input_file id="fl-e">
         <kind>object</kind>
         <file>&lt;internal&gt;</file>
         <name>&lt;internal&gt;</name>
      </input_file>
      <input_file id="fl-f">
         <path>C:\ti\simplelink_msp432p4_sdk_3_40_01_02\source\ti\devices\msp432p4xx\driverlib\ccs\</path>
         <kind>archive</kind>
         <file>msp432p4xx_driverlib.lib</file>
         <name>crc32.o</name>
      </input_file>
      <input_file id="fl-10">
         <path>C:\ti\simplelink_msp432p4_sdk_3_40_01_02\source\ti\devices\msp432p4xx\driverlib\ccs\</path>
         <kind>archive</kind>
         <file>msp432p4xx_driverlib.lib</file>
         <name>cs.o</name>
      </input_file>
      <input_file id="fl-11">
         <path>C:\ti\simplelink_msp432p4_sdk_3_40_01_02\source\ti\devices\msp432p4xx\driverlib\ccs\</path>
         <kind>archive</kind>
         <file>msp432p4xx_driverlib.lib</file>
         <name>interrupt.o</name>
      </input_file>
      <input_file id="fl-12">
         <path>C:\ti\simplelink_msp432p4_sdk_3_40_01_02\source\ti\devices\msp432p4xx\driverlib\ccs\</path>
         <kind>archive</kind>
         <file>msp432p4xx_driverlib.lib</file>
         <name>sysctl_a.o</name>
      </input_file>
      <input_file id="fl-13">
         <path>C:\ti\simplelink_msp432p4_sdk_3_40_01_02\source\ti\devices\msp432p4xx\driverlib\ccs\</path>
         <kind>archive</kind>
         <file>msp432p4xx_driverlib.lib</file>
         <name>cpu.o</name>
      </input_file>
      <input_file id="fl-c9">
         <path>C:\ti\ccs1260\ccs\tools\compiler\ti-cgt-arm_20.2.7.LTS\lib\</path>
         <kind>archive</kind>
         <file>rtsv7M4_T_le_v4SPD16_eabi.lib</file>
         <name>printf.c.obj</name>
      </input_file>
      <input_file id="fl-ca">
         <path>C:\ti\ccs1260\ccs\tools\compiler\ti-cgt-arm_20.2.7.LTS\lib\</path>
         <kind>archive</kind>
         <file>rtsv7M4_T_le_v4SPD16_eabi.lib</file>
         <name>_printfi.c.obj</name>
      </input_file>
      <input_file id="fl-cb">
         <path>C:\ti\ccs1260\ccs\tools\compiler\ti-cgt-arm_20.2.7.LTS\lib\</path>
         <kind>archive</kind>
         <file>rtsv7M4_T_le_v4SPD16_eabi.lib</file>
         <name>fputc.c.obj</name>
      </input_file>
      <input_file id="fl-cc">
         <path>C:\ti\ccs1260\ccs\tools\compiler\ti-cgt-arm_20.2.7.LTS\lib\</path>
         <kind>archive</kind>
         <file>rtsv7M4_T_le_v4SPD16_eabi.lib</file>
         <name>fputs.c.obj</name>
      </input_file>
      <input_file id="fl-cd">
         <path>C:\ti\ccs1260\ccs\tools\compiler\ti-cgt-arm_20.2.7.LTS\lib\</path>
         <kind>archive</kind>
         <file>rtsv7M4_T_le_v4SPD16_eabi.lib</file>
         <name>_io_perm.c.obj</name>
      </input_file>
      <input_file id="fl-ce">
         <path>C:\ti\ccs1260\ccs\tools\compiler\ti-cgt-arm_20.2.7.LTS\lib\</path>
         <kind>archive</kind>
         <file>rtsv7M4_T_le_v4SPD16_eabi.lib</file>
         <name>setvbuf.c.obj</name>
      </input_file>
      <input_file id="fl-cf">
         <path>C:\ti\ccs1260\ccs\tools\compiler\ti-cgt-arm_20.2.7.LTS\lib\</path>
         <kind>archive</kind>
         <file>rtsv7M4_T_le_v4SPD16_eabi.lib</file>
         <name>fd_add_t2.asm.obj</name>
      </input_file>
      <input_file id="fl-d0">
         <path>C:\ti\ccs1260\ccs\tools\compiler\ti-cgt-arm_20.2.7.LTS\lib\</path>
         <kind>archive</kind>
         <file>rtsv7M4_T_le_v4SPD16_eabi.lib</file>
         <name>fd_cmp_t2.asm.obj</name>
      </input_file>
      <input_file id="fl-d1">
         <path>C:\ti\ccs1260\ccs\tools\compiler\ti-cgt-arm_20.2.7.LTS\lib\</path>
         <kind>archive</kind>
         <file>rtsv7M4_T_le_v4SPD16_eabi.lib</file>
         <name>fd_div_t2.asm.obj</name>
      </input_file>
      <input_file id="fl-d2">
         <path>C:\ti\ccs1260\ccs\tools\compiler\ti-cgt-arm_20.2.7.LTS\lib\</path>
         <kind>archive</kind>
         <file>rtsv7M4_T_le_v4SPD16_eabi.lib</file>
         <name>fd_mul_t2.asm.obj</name>
      </input_file>
      <input_file id="fl-d3">
         <path>C:\ti\ccs1260\ccs\tools\compiler\ti-cgt-arm_20.2.7.LTS\lib\</path>
         <kind>archive</kind>
         <file>rtsv7M4_T_le_v4SPD16_eabi.lib</file>
         <name>fd_toi_t2.asm.obj</name>
      </input_file>
      <input_file id="fl-d4">
         <path>C:\ti\ccs1260\ccs\tools\compiler\ti-cgt-arm_20.2.7.LTS\lib\</path>
         <kind>archive</kind>
         <file>rtsv7M4_T_le_v4SPD16_eabi.lib</file>
         <name>i_tofd_t2.asm.obj</name>
      </input_file>
      <input_file id="fl-d5">
         <path>C:\ti\ccs1260\ccs\tools\compiler\ti-cgt-arm_20.2.7.LTS\lib\</path>
         <kind>archive</kind>
         <file>rtsv7M4_T_le_v4SPD16_eabi.lib</file>
         <name>memcpy_t2.asm.obj</name>
      </input_file>
      <input_file id="fl-d6">
         <path>C:\ti\ccs1260\ccs\tools\compiler\ti-cgt-arm_20.2.7.LTS\lib\</path>
         <kind>archive</kind>
         <file>rtsv7M4_T_le_v4SPD16_eabi.lib</file>
         <name>memset_t2.asm.obj</name>
      </input_file>
      <input_file id="fl-d7">
         <path>C:\ti\ccs1260\ccs\tools\compiler\ti-cgt-arm_20.2.7.LTS\lib\</path>
         <kind>archive</kind>
         <file>rtsv7M4_T_le_v4SPD16_eabi.lib</file>
         <name>ull_div_t2.asm.obj</name>
      </input_file>
      <input_file id="fl-d8">
         <path>C:\ti\ccs1260\ccs\tools\compiler\ti-cgt-arm_20.2.7.LTS\lib\</path>
         <kind>archive</kind>
         <file>rtsv7M4_T_le_v4SPD16_eabi.lib</file>
         <name>copy_zero_init.c.obj</name>
      </input_file>
      <input_file id="fl-d9">
         <path>C:\ti\ccs1260\ccs\tools\compiler\ti-cgt-arm_20.2.7.LTS\lib\</path>
         <kind>archive</kind>
         <file>rtsv7M4_T_le_v4SPD16_eabi.lib</file>
         <name>copy_decompress_none.c.obj</name>
      </input_file>
      <input_file id="fl-da">
         <path>C:\ti\ccs1260\ccs\tools\compiler\ti-cgt-arm_20.2.7.LTS\lib\</path>
         <kind>archive</kind>
         <file>rtsv7M4_T_le_v4SPD16_eabi.lib</file>
         <name>copy_decompress_lzss.c.obj</name>
      </input_file>
      <input_file id="fl-db">
         <path>C:\ti\ccs1260\ccs\tools\compiler\ti-cgt-arm_20.2.7.LTS\lib\</path>
         <kind>archive</kind>
         <file>rtsv7M4_T_le_v4SPD16_eabi.lib</file>
         <name>exit.c.obj</name>
      </input_file>
      <input_file id="fl-dc">
         <path>C:\ti\ccs1260\ccs\tools\compiler\ti-cgt-arm_20.2.7.LTS\lib\</path>
         <kind>archive</kind>
         <file>rtsv7M4_T_le_v4SPD16_eabi.lib</file>
         <name>_lock.c.obj</name>
      </input_file>
      <input_file id="fl-dd">
         <path>C:\ti\ccs1260\ccs\tools\compiler\ti-cgt-arm_20.2.7.LTS\lib\</path>
         <kind>archive</kind>
         <file>rtsv7M4_T_le_v4SPD16_eabi.lib</file>
         <name>_ltoa.c.obj</name>
      </input_file>
      <input_file id="fl-de">
         <path>C:\ti\ccs1260\ccs\tools\compiler\ti-cgt-arm_20.2.7.LTS\lib\</path>
         <kind>archive</kind>
         <file>rtsv7M4_T_le_v4SPD16_eabi.lib</file>
         <name>atoi.c.obj</name>
      </input_file>
      <input_file id="fl-df">
         <path>C:\ti\ccs1260\ccs\tools\compiler\ti-cgt-arm_20.2.7.LTS\lib\</path>
         <kind>archive</kind>
         <file>rtsv7M4_T_le_v4SPD16_eabi.lib</file>
         <name>ctype.c.obj</name>
      </input_file>
      <input_file id="fl-e0">
         <path>C:\ti\ccs1260\ccs\tools\compiler\ti-cgt-arm_20.2.7.LTS\lib\</path>
         <kind>archive</kind>
         <file>rtsv7M4_T_le_v4SPD16_eabi.lib</file>
         <name>defs.c.obj</name>
      </input_file>
      <input_file id="fl-e1">
         <path>C:\ti\ccs1260\ccs\tools\compiler\ti-cgt-arm_20.2.7.LTS\lib\</path>
         <kind>archive</kind>
         <file>rtsv7M4_T_le_v4SPD16_eabi.lib</file>
         <name>memccpy.c.obj</name>
      </input_file>
      <input_file id="fl-e2">
         <path>C:\ti\ccs1260\ccs\tools\compiler\ti-cgt-arm_20.2.7.LTS\lib\</path>
         <kind>archive</kind>
         <file>rtsv7M4_T_le_v4SPD16_eabi.lib</file>
         <name>memchr.c.obj</name>
      </input_file>
      <input_file id="fl-e3">
         <path>C:\ti\ccs1260\ccs\tools\compiler\ti-cgt-arm_20.2.7.LTS\lib\</path>
         <kind>archive</kind>
         <file>rtsv7M4_T_le_v4SPD16_eabi.lib</file>
         <name>memory.c.obj</name>
      </input_file>
      <input_file id="fl-e4">
         <path>C:\ti\ccs1260\ccs\tools\compiler\ti-cgt-arm_20.2.7.LTS\lib\</path>
         <kind>archive</kind>
         <file>rtsv7M4_T_le_v4SPD16_eabi.lib</file>
         <name>strchr.c.obj</name>
      </input_file>
      <input_file id="fl-e5">
         <path>C:\ti\ccs1260\ccs\tools\compiler\ti-cgt-arm_20.2.7.LTS\lib\</path>
         <kind>archive</kind>
         <file>rtsv7M4_T_le_v4SPD16_eabi.lib</file>
         <name>strlen.c.obj</name>
      </input_file>
      <input_file id="fl-e6">
         <path>C:\ti\ccs1260\ccs\tools\compiler\ti-cgt-arm_20.2.7.LTS\lib\</path>
         <kind>archive</kind>
         <file>rtsv7M4_T_le_v4SPD16_eabi.lib</file>
         <name>boot_cortex_m.c.obj</name>
      </input_file>
      <input_file id="fl-e7">
         <path>C:\ti\ccs1260\ccs\tools\compiler\ti-cgt-arm_20.2.7.LTS\lib\</path>
         <kind>archive</kind>
         <file>rtsv7M4_T_le_v4SPD16_eabi.lib</file>
         <name>write.c.obj</name>
      </input_file>
      <input_file id="fl-e8">
         <path>C:\ti\ccs1260\ccs\tools\compiler\ti-cgt-arm_20.2.7.LTS\lib\</path>
         <kind>archive</kind>
         <file>rtsv7M4_T_le_v4SPD16_eabi.lib</file>
         <name>host_device.c.obj</name>
      </input_file>
      <input_file id="fl-e9">
         <path>C:\ti\ccs1260\ccs\tools\compiler\ti-cgt-arm_20.2.7.LTS\lib\</path>
         <kind>archive</kind>
         <file>rtsv7M4_T_le_v4SPD16_eabi.lib</file>
         <name>errno.c.obj</name>
      </input_file>
      <input_file id="fl-ea">
         <path>C:\ti\ccs1260\ccs\tools\compiler\ti-cgt-arm_20.2.7.LTS\lib\</path>
         <kind>archive</kind>
         <file>rtsv7M4_T_le_v4SPD16_eabi.lib</file>
         <name>wcslen.c.obj</name>
      </input_file>
      <input_file id="fl-eb">
         <path>C:\ti\ccs1260\ccs\tools\compiler\ti-cgt-arm_20.2.7.LTS\lib\</path>
         <kind>archive</kind>
         <file>rtsv7M4_T_le_v4SPD16_eabi.lib</file>
         <name>s_frexp.c.obj</name>
      </input_file>
      <input_file id="fl-ec">
         <path>C:\ti\ccs1260\ccs\tools\compiler\ti-cgt-arm_20.2.7.LTS\lib\</path>
         <kind>archive</kind>
         <file>rtsv7M4_T_le_v4SPD16_eabi.lib</file>
         <name>s_scalbn.c.obj</name>
      </input_file>
      <input_file id="fl-ed">
         <path>C:\ti\ccs1260\ccs\tools\compiler\ti-cgt-arm_20.2.7.LTS\lib\</path>
         <kind>archive</kind>
         <file>rtsv7M4_T_le_v4SPD16_eabi.lib</file>
         <name>fflush.c.obj</name>
      </input_file>
      <input_file id="fl-ee">
         <path>C:\ti\ccs1260\ccs\tools\compiler\ti-cgt-arm_20.2.7.LTS\lib\</path>
         <kind>archive</kind>
         <file>rtsv7M4_T_le_v4SPD16_eabi.lib</file>
         <name>fopen.c.obj</name>
      </input_file>
      <input_file id="fl-ef">
         <path>C:\ti\ccs1260\ccs\tools\compiler\ti-cgt-arm_20.2.7.LTS\lib\</path>
         <kind>archive</kind>
         <file>rtsv7M4_T_le_v4SPD16_eabi.lib</file>
         <name>fseek.c.obj</name>
      </input_file>
      <input_file id="fl-f0">
         <path>C:\ti\ccs1260\ccs\tools\compiler\ti-cgt-arm_20.2.7.LTS\lib\</path>
         <kind>archive</kind>
         <file>rtsv7M4_T_le_v4SPD16_eabi.lib</file>
         <name>div0.asm.obj</name>
      </input_file>
      <input_file id="fl-f1">
         <path>C:\ti\ccs1260\ccs\tools\compiler\ti-cgt-arm_20.2.7.LTS\lib\</path>
         <kind>archive</kind>
         <file>rtsv7M4_T_le_v4SPD16_eabi.lib</file>
         <name>autoinit.c.obj</name>
      </input_file>
      <input_file id="fl-f2">
         <path>C:\ti\ccs1260\ccs\tools\compiler\ti-cgt-arm_20.2.7.LTS\lib\</path>
         <kind>archive</kind>
         <file>rtsv7M4_T_le_v4SPD16_eabi.lib</file>
         <name>pre_init.c.obj</name>
      </input_file>
      <input_file id="fl-f3">
         <path>C:\ti\ccs1260\ccs\tools\compiler\ti-cgt-arm_20.2.7.LTS\lib\</path>
         <kind>archive</kind>
         <file>rtsv7M4_T_le_v4SPD16_eabi.lib</file>
         <name>cpy_tbl.c.obj</name>
      </input_file>
      <input_file id="fl-f4">
         <path>C:\ti\ccs1260\ccs\tools\compiler\ti-cgt-arm_20.2.7.LTS\lib\</path>
         <kind>archive</kind>
         <file>rtsv7M4_T_le_v4SPD16_eabi.lib</file>
         <name>args_main.c.obj</name>
      </input_file>
      <input_file id="fl-f5">
         <path>C:\ti\ccs1260\ccs\tools\compiler\ti-cgt-arm_20.2.7.LTS\lib\</path>
         <kind>archive</kind>
         <file>rtsv7M4_T_le_v4SPD16_eabi.lib</file>
         <name>hostclose.c.obj</name>
      </input_file>
      <input_file id="fl-f6">
         <path>C:\ti\ccs1260\ccs\tools\compiler\ti-cgt-arm_20.2.7.LTS\lib\</path>
         <kind>archive</kind>
         <file>rtsv7M4_T_le_v4SPD16_eabi.lib</file>
         <name>hostlseek.c.obj</name>
      </input_file>
      <input_file id="fl-f7">
         <path>C:\ti\ccs1260\ccs\tools\compiler\ti-cgt-arm_20.2.7.LTS\lib\</path>
         <kind>archive</kind>
         <file>rtsv7M4_T_le_v4SPD16_eabi.lib</file>
         <name>hostopen.c.obj</name>
      </input_file>
      <input_file id="fl-f8">
         <path>C:\ti\ccs1260\ccs\tools\compiler\ti-cgt-arm_20.2.7.LTS\lib\</path>
         <kind>archive</kind>
         <file>rtsv7M4_T_le_v4SPD16_eabi.lib</file>
         <name>hostread.c.obj</name>
      </input_file>
      <input_file id="fl-f9">
         <path>C:\ti\ccs1260\ccs\tools\compiler\ti-cgt-arm_20.2.7.LTS\lib\</path>
         <kind>archive</kind>
         <file>rtsv7M4_T_le_v4SPD16_eabi.lib</file>
         <name>hostrename.c.obj</name>
      </input_file>
      <input_file id="fl-fa">
         <path>C:\ti\ccs1260\ccs\tools\compiler\ti-cgt-arm_20.2.7.LTS\lib\</path>
         <kind>archive</kind>
         <file>rtsv7M4_T_le_v4SPD16_eabi.lib</file>
         <name>hostunlink.c.obj</name>
      </input_file>
      <input_file id="fl-fb">
         <path>C:\ti\ccs1260\ccs\tools\compiler\ti-cgt-arm_20.2.7.LTS\lib\</path>
         <kind>archive</kind>
         <file>rtsv7M4_T_le_v4SPD16_eabi.lib</file>
         <name>hostwrite.c.obj</name>
      </input_file>
      <input_file id="fl-fc">
         <path>C:\ti\ccs1260\ccs\tools\compiler\ti-cgt-arm_20.2.7.LTS\lib\</path>
         <kind>archive</kind>
         <file>rtsv7M4_T_le_v4SPD16_eabi.lib</file>
         <name>trgmsg.c.obj</name>
      </input_file>
      <input_file id="fl-fd">
         <path>C:\ti\ccs1260\ccs\tools\compiler\ti-cgt-arm_20.2.7.LTS\lib\</path>
         <kind>archive</kind>
         <file>rtsv7M4_T_le_v4SPD16_eabi.lib</file>
         <name>open.c.obj</name>
      </input_file>
      <input_file id="fl-fe">
         <path>C:\ti\ccs1260\ccs\tools\compiler\ti-cgt-arm_20.2.7.LTS\lib\</path>
         <kind>archive</kind>
         <file>rtsv7M4_T_le_v4SPD16_eabi.lib</file>
         <name>lseek.c.obj</name>
      </input_file>
      <input_file id="fl-ff">
         <path>C:\ti\ccs1260\ccs\tools\compiler\ti-cgt-arm_20.2.7.LTS\lib\</path>
         <kind>archive</kind>
         <file>rtsv7M4_T_le_v4SPD16_eabi.lib</file>
         <name>s_copysign.c.obj</name>
      </input_file>
      <input_file id="fl-100">
         <path>C:\ti\ccs1260\ccs\tools\compiler\ti-cgt-arm_20.2.7.LTS\lib\</path>
         <kind>archive</kind>
         <file>rtsv7M4_T_le_v4SPD16_eabi.lib</file>
         <name>fclose.c.obj</name>
      </input_file>
      <input_file id="fl-101">
         <path>C:\ti\ccs1260\ccs\tools\compiler\ti-cgt-arm_20.2.7.LTS\lib\</path>
         <kind>archive</kind>
         <file>rtsv7M4_T_le_v4SPD16_eabi.lib</file>
         <name>getdevice.c.obj</name>
      </input_file>
      <input_file id="fl-102">
         <path>C:\ti\ccs1260\ccs\tools\compiler\ti-cgt-arm_20.2.7.LTS\lib\</path>
         <kind>archive</kind>
         <file>rtsv7M4_T_le_v4SPD16_eabi.lib</file>
         <name>strcmp.c.obj</name>
      </input_file>
      <input_file id="fl-103">
         <path>C:\ti\ccs1260\ccs\tools\compiler\ti-cgt-arm_20.2.7.LTS\lib\</path>
         <kind>archive</kind>
         <file>rtsv7M4_T_le_v4SPD16_eabi.lib</file>
         <name>strcpy.c.obj</name>
      </input_file>
      <input_file id="fl-104">
         <path>C:\ti\ccs1260\ccs\tools\compiler\ti-cgt-arm_20.2.7.LTS\lib\</path>
         <kind>archive</kind>
         <file>rtsv7M4_T_le_v4SPD16_eabi.lib</file>
         <name>strncpy.c.obj</name>
      </input_file>
      <input_file id="fl-105">
         <path>C:\ti\ccs1260\ccs\tools\compiler\ti-cgt-arm_20.2.7.LTS\lib\</path>
         <kind>archive</kind>
         <file>rtsv7M4_T_le_v4SPD16_eabi.lib</file>
         <name>remove.c.obj</name>
      </input_file>
      <input_file id="fl-106">
         <path>C:\ti\ccs1260\ccs\tools\compiler\ti-cgt-arm_20.2.7.LTS\lib\</path>
         <kind>archive</kind>
         <file>rtsv7M4_T_le_v4SPD16_eabi.lib</file>
         <name>close.c.obj</name>
      </input_file>
      <input_file id="fl-107">
         <path>C:\ti\ccs1260\ccs\tools\compiler\ti-cgt-arm_20.2.7.LTS\lib\</path>
         <kind>archive</kind>
         <file>rtsv7M4_T_le_v4SPD16_eabi.lib</file>
         <name>unlink.c.obj</name>
      </input_file>
   </input_file_list>
   <object_component_list>
      <object_component id="oc-26">
         <name>.intvecs:retain</name>
         <load_address>0x0</load_address>
         <run_address>0x0</run_address>
         <size>0xe4</size>
         <input_file_ref idref="fl-4"/>
      </object_component>
      <object_component id="oc-15d">
         <name>.text:__TI_printfi</name>
         <load_address>0xe4</load_address>
         <run_address>0xe4</run_address>
         <size>0xa4e</size>
         <input_file_ref idref="fl-ca"/>
      </object_component>
      <object_component id="oc-70">
         <name>.text:Default_Handler</name>
         <load_address>0xb32</load_address>
         <run_address>0xb32</run_address>
         <size>0x2</size>
         <input_file_ref idref="fl-4"/>
      </object_component>
      <object_component id="oc-1f8">
         <name>.text:_pconv_a</name>
         <load_address>0xb34</load_address>
         <run_address>0xb34</run_address>
         <size>0x270</size>
         <input_file_ref idref="fl-ca"/>
      </object_component>
      <object_component id="oc-1e6">
         <name>.text:_pconv_g</name>
         <load_address>0xda4</load_address>
         <run_address>0xda4</run_address>
         <size>0x1d0</size>
         <input_file_ref idref="fl-ca"/>
      </object_component>
      <object_component id="oc-a0">
         <name>.text:main</name>
         <load_address>0xf74</load_address>
         <run_address>0xf74</run_address>
         <size>0x1cc</size>
         <input_file_ref idref="fl-2"/>
      </object_component>
      <object_component id="oc-296">
         <name>.text</name>
         <load_address>0x1140</load_address>
         <run_address>0x1140</run_address>
         <size>0x1b6</size>
         <input_file_ref idref="fl-cf"/>
      </object_component>
      <object_component id="oc-21c">
         <name>.text:_nop</name>
         <load_address>0x12f6</load_address>
         <run_address>0x12f6</run_address>
         <size>0x2</size>
         <input_file_ref idref="fl-dc"/>
      </object_component>
      <object_component id="oc-1f2">
         <name>.text:_pconv_e</name>
         <load_address>0x12f8</load_address>
         <run_address>0x12f8</run_address>
         <size>0x13c</size>
         <input_file_ref idref="fl-ca"/>
      </object_component>
      <object_component id="oc-27c">
         <name>.text</name>
         <load_address>0x1434</load_address>
         <run_address>0x1434</run_address>
         <size>0x136</size>
         <input_file_ref idref="fl-d1"/>
      </object_component>
      <object_component id="oc-337">
         <name>.text</name>
         <load_address>0x156a</load_address>
         <run_address>0x156a</run_address>
         <size>0x2</size>
         <input_file_ref idref="fl-f0"/>
      </object_component>
      <object_component id="oc-2a8">
         <name>.text:fcvt</name>
         <load_address>0x156c</load_address>
         <run_address>0x156c</run_address>
         <size>0x124</size>
         <input_file_ref idref="fl-ca"/>
      </object_component>
      <object_component id="oc-22a">
         <name>.text:fputs</name>
         <load_address>0x1690</load_address>
         <run_address>0x1690</run_address>
         <size>0x114</size>
         <input_file_ref idref="fl-cc"/>
      </object_component>
      <object_component id="oc-2bc">
         <name>.text:scalbn</name>
         <load_address>0x17a4</load_address>
         <run_address>0x17a4</run_address>
         <size>0x110</size>
         <input_file_ref idref="fl-ec"/>
      </object_component>
      <object_component id="oc-151">
         <name>.text:_CSComputeCLKFrequency</name>
         <load_address>0x18b4</load_address>
         <run_address>0x18b4</run_address>
         <size>0x104</size>
         <input_file_ref idref="fl-10"/>
      </object_component>
      <object_component id="oc-3e4">
         <name>.text:aligned_alloc</name>
         <load_address>0x19b8</load_address>
         <run_address>0x19b8</run_address>
         <size>0x100</size>
         <input_file_ref idref="fl-e3"/>
      </object_component>
      <object_component id="oc-277">
         <name>.text</name>
         <load_address>0x1ab8</load_address>
         <run_address>0x1ab8</run_address>
         <size>0xfc</size>
         <input_file_ref idref="fl-d2"/>
      </object_component>
      <object_component id="oc-1c0">
         <name>.text:CS_getDCOFrequency</name>
         <load_address>0x1bb4</load_address>
         <run_address>0x1bb4</run_address>
         <size>0xf8</size>
         <input_file_ref idref="fl-10"/>
      </object_component>
      <object_component id="oc-3a2">
         <name>.text:free</name>
         <load_address>0x1cac</load_address>
         <run_address>0x1cac</run_address>
         <size>0xe4</size>
         <input_file_ref idref="fl-e3"/>
      </object_component>
      <object_component id="oc-372">
         <name>.text:setvbuf</name>
         <load_address>0x1d90</load_address>
         <run_address>0x1d90</run_address>
         <size>0xdc</size>
         <input_file_ref idref="fl-ce"/>
      </object_component>
      <object_component id="oc-1db">
         <name>.text:_ltostr</name>
         <load_address>0x1e6c</load_address>
         <run_address>0x1e6c</run_address>
         <size>0xb1</size>
         <input_file_ref idref="fl-ca"/>
      </object_component>
      <object_component id="oc-3a">
         <name>.text</name>
         <load_address>0x1f1e</load_address>
         <run_address>0x1f1e</run_address>
         <size>0x9c</size>
         <input_file_ref idref="fl-d5"/>
      </object_component>
      <object_component id="oc-270">
         <name>.text</name>
         <load_address>0x1fba</load_address>
         <run_address>0x1fba</run_address>
         <size>0x96</size>
         <input_file_ref idref="fl-d7"/>
      </object_component>
      <object_component id="oc-258">
         <name>.text:SysCtl_A_getTLVInfo</name>
         <load_address>0x2050</load_address>
         <run_address>0x2050</run_address>
         <size>0x94</size>
         <input_file_ref idref="fl-12"/>
      </object_component>
      <object_component id="oc-231">
         <name>.text:fputc</name>
         <load_address>0x20e4</load_address>
         <run_address>0x20e4</run_address>
         <size>0x8c</size>
         <input_file_ref idref="fl-cb"/>
      </object_component>
      <object_component id="oc-1e1">
         <name>.text:__aeabi_cdcmple</name>
         <load_address>0x2170</load_address>
         <run_address>0x2170</run_address>
         <size>0x86</size>
         <input_file_ref idref="fl-d0"/>
      </object_component>
      <object_component id="oc-281">
         <name>.text:__aeabi_cdrcmple</name>
         <load_address>0x21f6</load_address>
         <run_address>0x21f6</run_address>
         <size>0x86</size>
         <input_file_ref idref="fl-d0"/>
      </object_component>
      <object_component id="oc-25e">
         <name>.text:_CSGetDOCFrequency</name>
         <load_address>0x227c</load_address>
         <run_address>0x227c</run_address>
         <size>0x7c</size>
         <input_file_ref idref="fl-10"/>
      </object_component>
      <object_component id="oc-94">
         <name>.text</name>
         <load_address>0x22f8</load_address>
         <run_address>0x22f8</run_address>
         <size>0x7a</size>
         <input_file_ref idref="fl-d6"/>
      </object_component>
      <object_component id="oc-b2">
         <name>.text:SystemInit</name>
         <load_address>0x2374</load_address>
         <run_address>0x2374</run_address>
         <size>0x78</size>
         <input_file_ref idref="fl-3"/>
      </object_component>
      <object_component id="oc-3eb">
         <name>.text:__TI_closefile</name>
         <load_address>0x23ec</load_address>
         <run_address>0x23ec</run_address>
         <size>0x74</size>
         <input_file_ref idref="fl-100"/>
      </object_component>
      <object_component id="oc-ef">
         <name>.text:calculateCRC32</name>
         <load_address>0x2460</load_address>
         <run_address>0x2460</run_address>
         <size>0x74</size>
         <input_file_ref idref="fl-2"/>
      </object_component>
      <object_component id="oc-42c">
         <name>.text:split</name>
         <load_address>0x24d4</load_address>
         <run_address>0x24d4</run_address>
         <size>0x70</size>
         <input_file_ref idref="fl-e3"/>
      </object_component>
      <object_component id="oc-2a1">
         <name>.text:_mcpy</name>
         <load_address>0x2544</load_address>
         <run_address>0x2544</run_address>
         <size>0x6e</size>
         <input_file_ref idref="fl-ca"/>
      </object_component>
      <object_component id="oc-41b">
         <name>.text:HOSTrename</name>
         <load_address>0x25b4</load_address>
         <run_address>0x25b4</run_address>
         <size>0x6c</size>
         <input_file_ref idref="fl-f9"/>
      </object_component>
      <object_component id="oc-40f">
         <name>.text:HOSTlseek</name>
         <load_address>0x2620</load_address>
         <run_address>0x2620</run_address>
         <size>0x68</size>
         <input_file_ref idref="fl-f6"/>
      </object_component>
      <object_component id="oc-17">
         <name>.text:decompress:lzss:__TI_decompress_lzss</name>
         <load_address>0x2688</load_address>
         <run_address>0x2688</run_address>
         <size>0x68</size>
         <input_file_ref idref="fl-da"/>
      </object_component>
      <object_component id="oc-e3">
         <name>.text:printf</name>
         <load_address>0x26f0</load_address>
         <run_address>0x26f0</run_address>
         <size>0x68</size>
         <input_file_ref idref="fl-c9"/>
      </object_component>
      <object_component id="oc-2b6">
         <name>.text:frexp</name>
         <load_address>0x2758</load_address>
         <run_address>0x2758</run_address>
         <size>0x64</size>
         <input_file_ref idref="fl-eb"/>
      </object_component>
      <object_component id="oc-36c">
         <name>.text:fseek</name>
         <load_address>0x27bc</load_address>
         <run_address>0x27bc</run_address>
         <size>0x64</size>
         <input_file_ref idref="fl-ef"/>
      </object_component>
      <object_component id="oc-1b4">
         <name>.text:_CSGetDividerValue</name>
         <load_address>0x2820</load_address>
         <run_address>0x2820</run_address>
         <size>0x62</size>
         <input_file_ref idref="fl-10"/>
      </object_component>
      <object_component id="oc-2ed">
         <name>.text:__TI_wrt_ok</name>
         <load_address>0x2882</load_address>
         <run_address>0x2882</run_address>
         <size>0x62</size>
         <input_file_ref idref="fl-cd"/>
      </object_component>
      <object_component id="oc-3f7">
         <name>.text:HOSTopen</name>
         <load_address>0x28e4</load_address>
         <run_address>0x28e4</run_address>
         <size>0x60</size>
         <input_file_ref idref="fl-f7"/>
      </object_component>
      <object_component id="oc-433">
         <name>.text:close</name>
         <load_address>0x2944</load_address>
         <run_address>0x2944</run_address>
         <size>0x5c</size>
         <input_file_ref idref="fl-106"/>
      </object_component>
      <object_component id="oc-403">
         <name>.text:HOSTread</name>
         <load_address>0x29a0</load_address>
         <run_address>0x29a0</run_address>
         <size>0x58</size>
         <input_file_ref idref="fl-f8"/>
      </object_component>
      <object_component id="oc-409">
         <name>.text:HOSTwrite</name>
         <load_address>0x29f8</load_address>
         <run_address>0x29f8</run_address>
         <size>0x58</size>
         <input_file_ref idref="fl-fb"/>
      </object_component>
      <object_component id="oc-1ec">
         <name>.text:_pconv_f</name>
         <load_address>0x2a50</load_address>
         <run_address>0x2a50</run_address>
         <size>0x56</size>
         <input_file_ref idref="fl-ca"/>
      </object_component>
      <object_component id="oc-28b">
         <name>.text:__TI_ltoa</name>
         <load_address>0x2aa6</load_address>
         <run_address>0x2aa6</run_address>
         <size>0x54</size>
         <input_file_ref idref="fl-dd"/>
      </object_component>
      <object_component id="oc-f5">
         <name>.text:compute_simple_checksum</name>
         <load_address>0x2afa</load_address>
         <run_address>0x2afa</run_address>
         <size>0x54</size>
         <input_file_ref idref="fl-2"/>
      </object_component>
      <object_component id="oc-29b">
         <name>.text:_ecpy</name>
         <load_address>0x2b4e</load_address>
         <run_address>0x2b4e</run_address>
         <size>0x52</size>
         <input_file_ref idref="fl-ca"/>
      </object_component>
      <object_component id="oc-2f9">
         <name>.text:__TI_doflush</name>
         <load_address>0x2ba0</load_address>
         <run_address>0x2ba0</run_address>
         <size>0x4c</size>
         <input_file_ref idref="fl-ed"/>
      </object_component>
      <object_component id="oc-1d5">
         <name>.text:atoi</name>
         <load_address>0x2bec</load_address>
         <run_address>0x2bec</run_address>
         <size>0x4c</size>
         <input_file_ref idref="fl-de"/>
      </object_component>
      <object_component id="oc-113">
         <name>.text:exit</name>
         <load_address>0x2c38</load_address>
         <run_address>0x2c38</run_address>
         <size>0x48</size>
         <input_file_ref idref="fl-db"/>
      </object_component>
      <object_component id="oc-286">
         <name>.text</name>
         <load_address>0x2c80</load_address>
         <run_address>0x2c80</run_address>
         <size>0x48</size>
         <input_file_ref idref="fl-d3"/>
      </object_component>
      <object_component id="oc-3fd">
         <name>.text:HOSTclose</name>
         <load_address>0x2cc8</load_address>
         <run_address>0x2cc8</run_address>
         <size>0x44</size>
         <input_file_ref idref="fl-f5"/>
      </object_component>
      <object_component id="oc-415">
         <name>.text:HOSTunlink</name>
         <load_address>0x2d0c</load_address>
         <run_address>0x2d0c</run_address>
         <size>0x44</size>
         <input_file_ref idref="fl-fa"/>
      </object_component>
      <object_component id="oc-119">
         <name>.text:__TI_auto_init_nobinit_nopinit:__TI_auto_init_nobinit_nopinit</name>
         <load_address>0x2d50</load_address>
         <run_address>0x2d50</run_address>
         <size>0x44</size>
         <input_file_ref idref="fl-f1"/>
      </object_component>
      <object_component id="oc-46b">
         <name>.text:getdevice</name>
         <load_address>0x2d94</load_address>
         <run_address>0x2d94</run_address>
         <size>0x44</size>
         <input_file_ref idref="fl-101"/>
      </object_component>
      <object_component id="oc-2ae">
         <name>.text:_fcpy</name>
         <load_address>0x2dd8</load_address>
         <run_address>0x2dd8</run_address>
         <size>0x3e</size>
         <input_file_ref idref="fl-ca"/>
      </object_component>
      <object_component id="oc-e9">
         <name>.text:CRC32_getResultReversed</name>
         <load_address>0x2e18</load_address>
         <run_address>0x2e18</run_address>
         <size>0x38</size>
         <input_file_ref idref="fl-f"/>
      </object_component>
      <object_component id="oc-444">
         <name>.text:__TI_writemsg</name>
         <load_address>0x2e50</load_address>
         <run_address>0x2e50</run_address>
         <size>0x38</size>
         <input_file_ref idref="fl-fc"/>
      </object_component>
      <object_component id="oc-48d">
         <name>.text:strncpy</name>
         <load_address>0x2e88</load_address>
         <run_address>0x2e88</run_address>
         <size>0x36</size>
         <input_file_ref idref="fl-104"/>
      </object_component>
      <object_component id="oc-3ae">
         <name>.text:__TI_cleanup</name>
         <load_address>0x2ec0</load_address>
         <run_address>0x2ec0</run_address>
         <size>0x34</size>
         <input_file_ref idref="fl-ee"/>
      </object_component>
      <object_component id="oc-44a">
         <name>.text:__TI_readmsg</name>
         <load_address>0x2ef4</load_address>
         <run_address>0x2ef4</run_address>
         <size>0x34</size>
         <input_file_ref idref="fl-fc"/>
      </object_component>
      <object_component id="oc-58">
         <name>.text:_c_int00_noargs:_c_int00_noargs</name>
         <load_address>0x2f28</load_address>
         <run_address>0x2f28</run_address>
         <size>0x34</size>
         <input_file_ref idref="fl-e6"/>
      </object_component>
      <object_component id="oc-1ba">
         <name>.text:CS_clearInterruptFlag</name>
         <load_address>0x2f5c</load_address>
         <run_address>0x2f5c</run_address>
         <size>0x30</size>
         <input_file_ref idref="fl-10"/>
      </object_component>
      <object_component id="oc-493">
         <name>.text:finddevice</name>
         <load_address>0x2f8c</load_address>
         <run_address>0x2f8c</run_address>
         <size>0x30</size>
         <input_file_ref idref="fl-101"/>
      </object_component>
      <object_component id="oc-291">
         <name>.text</name>
         <load_address>0x2fbc</load_address>
         <run_address>0x2fbc</run_address>
         <size>0x2e</size>
         <input_file_ref idref="fl-d4"/>
      </object_component>
      <object_component id="oc-439">
         <name>.text:unlink</name>
         <load_address>0x2fec</load_address>
         <run_address>0x2fec</run_address>
         <size>0x2c</size>
         <input_file_ref idref="fl-107"/>
      </object_component>
      <object_component id="oc-dd">
         <name>.text:CS_getMCLK</name>
         <load_address>0x3018</load_address>
         <run_address>0x3018</run_address>
         <size>0x28</size>
         <input_file_ref idref="fl-10"/>
      </object_component>
      <object_component id="oc-3dd">
         <name>.text:free_list_insert</name>
         <load_address>0x3040</load_address>
         <run_address>0x3040</run_address>
         <size>0x28</size>
         <input_file_ref idref="fl-e3"/>
      </object_component>
      <object_component id="oc-39a">
         <name>.text:lseek</name>
         <load_address>0x3068</load_address>
         <run_address>0x3068</run_address>
         <size>0x28</size>
         <input_file_ref idref="fl-fe"/>
      </object_component>
      <object_component id="oc-2ff">
         <name>.text:write</name>
         <load_address>0x3090</load_address>
         <run_address>0x3090</run_address>
         <size>0x28</size>
         <input_file_ref idref="fl-e7"/>
      </object_component>
      <object_component id="oc-2f3">
         <name>.text:memchr</name>
         <load_address>0x30b8</load_address>
         <run_address>0x30b8</run_address>
         <size>0x20</size>
         <input_file_ref idref="fl-e2"/>
      </object_component>
      <object_component id="oc-3d7">
         <name>.text:free_list_remove</name>
         <load_address>0x30d8</load_address>
         <run_address>0x30d8</run_address>
         <size>0x1c</size>
         <input_file_ref idref="fl-e3"/>
      </object_component>
      <object_component id="oc-1fe">
         <name>.text:memccpy</name>
         <load_address>0x30f4</load_address>
         <run_address>0x30f4</run_address>
         <size>0x1c</size>
         <input_file_ref idref="fl-e1"/>
      </object_component>
      <object_component id="oc-350">
         <name>.text:copysign</name>
         <load_address>0x3110</load_address>
         <run_address>0x3110</run_address>
         <size>0x1a</size>
         <input_file_ref idref="fl-ff"/>
      </object_component>
      <object_component id="oc-4aa">
         <name>.text:strcmp</name>
         <load_address>0x312a</load_address>
         <run_address>0x312a</run_address>
         <size>0x18</size>
         <input_file_ref idref="fl-102"/>
      </object_component>
      <object_component id="oc-2c2">
         <name>.text:strchr</name>
         <load_address>0x3142</load_address>
         <run_address>0x3142</run_address>
         <size>0x16</size>
         <input_file_ref idref="fl-e4"/>
      </object_component>
      <object_component id="oc-45e">
         <name>.text:strcpy</name>
         <load_address>0x3158</load_address>
         <run_address>0x3158</run_address>
         <size>0x14</size>
         <input_file_ref idref="fl-103"/>
      </object_component>
      <object_component id="oc-1cf">
         <name>.text:strlen</name>
         <load_address>0x316c</load_address>
         <run_address>0x316c</run_address>
         <size>0x14</size>
         <input_file_ref idref="fl-e5"/>
      </object_component>
      <object_component id="oc-204">
         <name>.text:wcslen</name>
         <load_address>0x3180</load_address>
         <run_address>0x3180</run_address>
         <size>0x12</size>
         <input_file_ref idref="fl-ea"/>
      </object_component>
      <object_component id="oc-1d">
         <name>.text:decompress:none:__TI_decompress_none</name>
         <load_address>0x3192</load_address>
         <run_address>0x3192</run_address>
         <size>0xe</size>
         <input_file_ref idref="fl-d9"/>
      </object_component>
      <object_component id="oc-6a">
         <name>.text:Reset_Handler</name>
         <load_address>0x31a0</load_address>
         <run_address>0x31a0</run_address>
         <size>0xc</size>
         <input_file_ref idref="fl-4"/>
      </object_component>
      <object_component id="oc-4c">
         <name>.text:decompress:ZI:__TI_zero_init</name>
         <load_address>0x31ac</load_address>
         <run_address>0x31ac</run_address>
         <size>0xc</size>
         <input_file_ref idref="fl-d8"/>
      </object_component>
      <object_component id="oc-20a">
         <name>.text:__aeabi_errno_addr</name>
         <load_address>0x31b8</load_address>
         <run_address>0x31b8</run_address>
         <size>0x8</size>
         <input_file_ref idref="fl-e9"/>
      </object_component>
      <object_component id="oc-3a8">
         <name>.text:malloc</name>
         <load_address>0x31c0</load_address>
         <run_address>0x31c0</run_address>
         <size>0x8</size>
         <input_file_ref idref="fl-e3"/>
      </object_component>
      <object_component id="oc-16f">
         <name>.text:_outc</name>
         <load_address>0x31c8</load_address>
         <run_address>0x31c8</run_address>
         <size>0x4</size>
         <input_file_ref idref="fl-c9"/>
      </object_component>
      <object_component id="oc-169">
         <name>.text:_outs</name>
         <load_address>0x31cc</load_address>
         <run_address>0x31cc</run_address>
         <size>0x4</size>
         <input_file_ref idref="fl-c9"/>
      </object_component>
      <object_component id="oc-9a">
         <name>.text:_system_pre_init</name>
         <load_address>0x31d0</load_address>
         <run_address>0x31d0</run_address>
         <size>0x4</size>
         <input_file_ref idref="fl-f2"/>
      </object_component>
      <object_component id="oc-10d">
         <name>.text:abort:abort</name>
         <load_address>0x31d4</load_address>
         <run_address>0x31d4</run_address>
         <size>0x4</size>
         <input_file_ref idref="fl-db"/>
      </object_component>
      <object_component id="oc-26b">
         <name>.const:.string:_ctypes_</name>
         <load_address>0x31d8</load_address>
         <run_address>0x31d8</run_address>
         <size>0x101</size>
         <input_file_ref idref="fl-df"/>
      </object_component>
      <object_component id="oc-4ea">
         <name>.cinit..data.load</name>
         <load_address>0x32e0</load_address>
         <run_address>0x32e0</run_address>
         <size>0x6c</size>
      </object_component>
      <object_component id="oc-4e8">
         <name>__TI_handler_table</name>
         <load_address>0x334c</load_address>
         <run_address>0x334c</run_address>
         <size>0xc</size>
      </object_component>
      <object_component id="oc-4eb">
         <name>.cinit..bss.load</name>
         <load_address>0x3358</load_address>
         <run_address>0x3358</run_address>
         <size>0x8</size>
      </object_component>
      <object_component id="oc-4e9">
         <name>__TI_cinit_table</name>
         <load_address>0x3360</load_address>
         <run_address>0x3360</run_address>
         <size>0x10</size>
      </object_component>
      <object_component id="oc-4bc">
         <name>.binit</name>
         <load_address>0x0</load_address>
         <run_address>0x0</run_address>
         <size>0x0</size>
      </object_component>
      <object_component id="oc-198">
         <name>.data:$O1$$</name>
         <load_address>0x200033a0</load_address>
         <run_address>0x200033a0</run_address>
         <size>0xc</size>
         <input_file_ref idref="fl-db"/>
      </object_component>
      <object_component id="oc-163">
         <name>.data:$O1$$</name>
         <load_address>0x200033ac</load_address>
         <run_address>0x200033ac</run_address>
         <size>0x8</size>
         <input_file_ref idref="fl-dc"/>
      </object_component>
      <object_component id="oc-166">
         <name>.data:_ftable</name>
         <load_address>0x200031d8</load_address>
         <run_address>0x200031d8</run_address>
         <size>0xf0</size>
         <input_file_ref idref="fl-e0"/>
      </object_component>
      <object_component id="oc-3f1">
         <name>.data</name>
         <load_address>0x20003390</load_address>
         <run_address>0x20003390</run_address>
         <size>0x10</size>
         <input_file_ref idref="fl-e0"/>
      </object_component>
      <object_component id="oc-427">
         <name>.data:$O1$$</name>
         <load_address>0x200033b4</load_address>
         <run_address>0x200033b4</run_address>
         <size>0x8</size>
         <input_file_ref idref="fl-e3"/>
      </object_component>
      <object_component id="oc-3c1">
         <name>.data:_device</name>
         <load_address>0x200032c8</load_address>
         <run_address>0x200032c8</run_address>
         <size>0x78</size>
         <input_file_ref idref="fl-e8"/>
      </object_component>
      <object_component id="oc-37e">
         <name>.data:_stream</name>
         <load_address>0x20003340</load_address>
         <run_address>0x20003340</run_address>
         <size>0x50</size>
         <input_file_ref idref="fl-e8"/>
      </object_component>
      <object_component id="oc-2d2">
         <name>.data</name>
         <load_address>0x200033bc</load_address>
         <run_address>0x200033bc</run_address>
         <size>0x4</size>
         <input_file_ref idref="fl-e9"/>
      </object_component>
      <object_component id="oc-fb">
         <name>.bss:myData</name>
         <uninitialized>true</uninitialized>
         <run_address>0x20000000</run_address>
         <size>0x2800</size>
         <input_file_ref idref="fl-2"/>
      </object_component>
      <object_component id="oc-1c6">
         <name>.bss</name>
         <uninitialized>true</uninitialized>
         <run_address>0x200029c0</run_address>
         <size>0x8</size>
         <input_file_ref idref="fl-10"/>
      </object_component>
      <object_component id="oc-475">
         <name>.bss:_CIOBUF_</name>
         <uninitialized>true</uninitialized>
         <run_address>0x20002800</run_address>
         <size>0x120</size>
         <input_file_ref idref="fl-fc"/>
      </object_component>
      <object_component id="oc-fe">
         <name>.common:hwCalculatedCRC</name>
         <uninitialized>true</uninitialized>
         <run_address>0x200029d0</run_address>
         <size>0x4</size>
      </object_component>
      <object_component id="oc-101">
         <name>.common:swCalculatedCRC</name>
         <uninitialized>true</uninitialized>
         <run_address>0x200029d4</run_address>
         <size>0x4</size>
      </object_component>
      <object_component id="oc-43f">
         <name>.common:__TI_tmpnams</name>
         <uninitialized>true</uninitialized>
         <run_address>0x20002920</run_address>
         <size>0xa0</size>
      </object_component>
      <object_component id="oc-450">
         <name>.common:parmbuf</name>
         <uninitialized>true</uninitialized>
         <run_address>0x200029c8</run_address>
         <size>0x8</size>
      </object_component>
      <object_component id="oc-29">
         <name>.sysmem</name>
         <uninitialized>true</uninitialized>
         <run_address>0x200029d8</run_address>
         <size>0x10</size>
         <input_file_ref idref="fl-e3"/>
      </object_component>
      <object_component id="oc-4ee">
         <name>.sysmem</name>
         <uninitialized>true</uninitialized>
         <run_address>0x200029d8</run_address>
         <size>0x0</size>
      </object_component>
      <object_component id="oc-2c">
         <name>.stack</name>
         <uninitialized>true</uninitialized>
         <run_address>0x2000fe00</run_address>
         <size>0x4</size>
         <input_file_ref idref="fl-e6"/>
      </object_component>
      <object_component id="oc-4ed">
         <name>.stack</name>
         <uninitialized>true</uninitialized>
         <run_address>0x2000fe00</run_address>
         <size>0x0</size>
      </object_component>
      <object_component id="oc-ff">
         <name>.debug_info</name>
         <load_address>0x0</load_address>
         <run_address>0x0</run_address>
         <size>0x6aa</size>
         <input_file_ref idref="fl-2"/>
      </object_component>
      <object_component id="oc-fc">
         <name>.debug_info</name>
         <load_address>0x6aa</load_address>
         <run_address>0x6aa</run_address>
         <size>0x131</size>
         <input_file_ref idref="fl-2"/>
      </object_component>
      <object_component id="oc-a1">
         <name>.debug_info</name>
         <load_address>0x7db</load_address>
         <run_address>0x7db</run_address>
         <size>0x304</size>
         <input_file_ref idref="fl-2"/>
      </object_component>
      <object_component id="oc-f0">
         <name>.debug_info</name>
         <load_address>0xadf</load_address>
         <run_address>0xadf</run_address>
         <size>0x249</size>
         <input_file_ref idref="fl-2"/>
      </object_component>
      <object_component id="oc-f6">
         <name>.debug_info</name>
         <load_address>0xd28</load_address>
         <run_address>0xd28</run_address>
         <size>0x294</size>
         <input_file_ref idref="fl-2"/>
      </object_component>
      <object_component id="oc-bc">
         <name>.debug_info</name>
         <load_address>0xfbc</load_address>
         <run_address>0xfbc</run_address>
         <size>0x26b</size>
         <input_file_ref idref="fl-2"/>
      </object_component>
      <object_component id="oc-18d">
         <name>.debug_info</name>
         <load_address>0x1227</load_address>
         <run_address>0x1227</run_address>
         <size>0x1028</size>
         <input_file_ref idref="fl-2"/>
      </object_component>
      <object_component id="oc-188">
         <name>.debug_info</name>
         <load_address>0x224f</load_address>
         <run_address>0x224f</run_address>
         <size>0x37e2</size>
         <input_file_ref idref="fl-2"/>
      </object_component>
      <object_component id="oc-103">
         <name>.debug_info</name>
         <load_address>0x5a31</load_address>
         <run_address>0x5a31</run_address>
         <size>0x8b</size>
         <input_file_ref idref="fl-2"/>
      </object_component>
      <object_component id="oc-14c">
         <name>.debug_info</name>
         <load_address>0x5abc</load_address>
         <run_address>0x5abc</run_address>
         <size>0x2a4</size>
         <input_file_ref idref="fl-2"/>
      </object_component>
      <object_component id="oc-192">
         <name>.debug_info</name>
         <load_address>0x5d60</load_address>
         <run_address>0x5d60</run_address>
         <size>0xef</size>
         <input_file_ref idref="fl-2"/>
      </object_component>
      <object_component id="oc-108">
         <name>.debug_info</name>
         <load_address>0x5e4f</load_address>
         <run_address>0x5e4f</run_address>
         <size>0xbb</size>
         <input_file_ref idref="fl-2"/>
      </object_component>
      <object_component id="oc-177">
         <name>.debug_info</name>
         <load_address>0x5f0a</load_address>
         <run_address>0x5f0a</run_address>
         <size>0x2c</size>
         <input_file_ref idref="fl-2"/>
      </object_component>
      <object_component id="oc-b3">
         <name>.debug_info</name>
         <load_address>0x5f36</load_address>
         <run_address>0x5f36</run_address>
         <size>0x173</size>
         <input_file_ref idref="fl-3"/>
      </object_component>
      <object_component id="oc-35">
         <name>.debug_info</name>
         <load_address>0x60a9</load_address>
         <run_address>0x60a9</run_address>
         <size>0x84</size>
         <input_file_ref idref="fl-3"/>
      </object_component>
      <object_component id="oc-78">
         <name>.debug_info</name>
         <load_address>0x612d</load_address>
         <run_address>0x612d</run_address>
         <size>0x313</size>
         <input_file_ref idref="fl-4"/>
      </object_component>
      <object_component id="oc-27">
         <name>.debug_info</name>
         <load_address>0x6440</load_address>
         <run_address>0x6440</run_address>
         <size>0x13f</size>
         <input_file_ref idref="fl-4"/>
      </object_component>
      <object_component id="oc-6b">
         <name>.debug_info</name>
         <load_address>0x657f</load_address>
         <run_address>0x657f</run_address>
         <size>0x1a2</size>
         <input_file_ref idref="fl-4"/>
      </object_component>
      <object_component id="oc-73">
         <name>.debug_info</name>
         <load_address>0x6721</load_address>
         <run_address>0x6721</run_address>
         <size>0x18a</size>
         <input_file_ref idref="fl-4"/>
      </object_component>
      <object_component id="oc-268">
         <name>.debug_info</name>
         <load_address>0x68ab</load_address>
         <run_address>0x68ab</run_address>
         <size>0x5b4</size>
         <input_file_ref idref="fl-f"/>
      </object_component>
      <object_component id="oc-eb">
         <name>.debug_info</name>
         <load_address>0x6e5f</load_address>
         <run_address>0x6e5f</run_address>
         <size>0x200</size>
         <input_file_ref idref="fl-f"/>
      </object_component>
      <object_component id="oc-31f">
         <name>.debug_info</name>
         <load_address>0x705f</load_address>
         <run_address>0x705f</run_address>
         <size>0x431a</size>
         <input_file_ref idref="fl-f"/>
      </object_component>
      <object_component id="oc-329">
         <name>.debug_info</name>
         <load_address>0xb379</load_address>
         <run_address>0xb379</run_address>
         <size>0x26b</size>
         <input_file_ref idref="fl-f"/>
      </object_component>
      <object_component id="oc-324">
         <name>.debug_info</name>
         <load_address>0xb5e4</load_address>
         <run_address>0xb5e4</run_address>
         <size>0x1028</size>
         <input_file_ref idref="fl-f"/>
      </object_component>
      <object_component id="oc-1ca">
         <name>.debug_info</name>
         <load_address>0xc60c</load_address>
         <run_address>0xc60c</run_address>
         <size>0x297</size>
         <input_file_ref idref="fl-f"/>
      </object_component>
      <object_component id="oc-17d">
         <name>.debug_info</name>
         <load_address>0xc8a3</load_address>
         <run_address>0xc8a3</run_address>
         <size>0xef</size>
         <input_file_ref idref="fl-f"/>
      </object_component>
      <object_component id="oc-158">
         <name>.debug_info</name>
         <load_address>0xc992</load_address>
         <run_address>0xc992</run_address>
         <size>0xbb</size>
         <input_file_ref idref="fl-f"/>
      </object_component>
      <object_component id="oc-265">
         <name>.debug_info</name>
         <load_address>0xca4d</load_address>
         <run_address>0xca4d</run_address>
         <size>0x807</size>
         <input_file_ref idref="fl-10"/>
      </object_component>
      <object_component id="oc-1c7">
         <name>.debug_info</name>
         <load_address>0xd254</load_address>
         <run_address>0xd254</run_address>
         <size>0x140</size>
         <input_file_ref idref="fl-10"/>
      </object_component>
      <object_component id="oc-1b6">
         <name>.debug_info</name>
         <load_address>0xd394</load_address>
         <run_address>0xd394</run_address>
         <size>0x1d9</size>
         <input_file_ref idref="fl-10"/>
      </object_component>
      <object_component id="oc-153">
         <name>.debug_info</name>
         <load_address>0xd56d</load_address>
         <run_address>0xd56d</run_address>
         <size>0x2a8</size>
         <input_file_ref idref="fl-10"/>
      </object_component>
      <object_component id="oc-260">
         <name>.debug_info</name>
         <load_address>0xd815</load_address>
         <run_address>0xd815</run_address>
         <size>0x1be</size>
         <input_file_ref idref="fl-10"/>
      </object_component>
      <object_component id="oc-1c1">
         <name>.debug_info</name>
         <load_address>0xd9d3</load_address>
         <run_address>0xd9d3</run_address>
         <size>0x28f</size>
         <input_file_ref idref="fl-10"/>
      </object_component>
      <object_component id="oc-de">
         <name>.debug_info</name>
         <load_address>0xdc62</load_address>
         <run_address>0xdc62</run_address>
         <size>0x1e9</size>
         <input_file_ref idref="fl-10"/>
      </object_component>
      <object_component id="oc-1bb">
         <name>.debug_info</name>
         <load_address>0xde4b</load_address>
         <run_address>0xde4b</run_address>
         <size>0x1d3</size>
         <input_file_ref idref="fl-10"/>
      </object_component>
      <object_component id="oc-31a">
         <name>.debug_info</name>
         <load_address>0xe01e</load_address>
         <run_address>0xe01e</run_address>
         <size>0x1b5</size>
         <input_file_ref idref="fl-10"/>
      </object_component>
      <object_component id="oc-316">
         <name>.debug_info</name>
         <load_address>0xe1d3</load_address>
         <run_address>0xe1d3</run_address>
         <size>0x5c9</size>
         <input_file_ref idref="fl-12"/>
      </object_component>
      <object_component id="oc-25a">
         <name>.debug_info</name>
         <load_address>0xe79c</load_address>
         <run_address>0xe79c</run_address>
         <size>0x298</size>
         <input_file_ref idref="fl-12"/>
      </object_component>
      <object_component id="oc-176">
         <name>.debug_info</name>
         <load_address>0xea34</load_address>
         <run_address>0xea34</run_address>
         <size>0x3e5</size>
         <input_file_ref idref="fl-c9"/>
      </object_component>
      <object_component id="oc-171">
         <name>.debug_info</name>
         <load_address>0xee19</load_address>
         <run_address>0xee19</run_address>
         <size>0x157</size>
         <input_file_ref idref="fl-c9"/>
      </object_component>
      <object_component id="oc-16b">
         <name>.debug_info</name>
         <load_address>0xef70</load_address>
         <run_address>0xef70</run_address>
         <size>0x166</size>
         <input_file_ref idref="fl-c9"/>
      </object_component>
      <object_component id="oc-e6">
         <name>.debug_info</name>
         <load_address>0xf0d6</load_address>
         <run_address>0xf0d6</run_address>
         <size>0x1ac</size>
         <input_file_ref idref="fl-c9"/>
      </object_component>
      <object_component id="oc-23a">
         <name>.debug_info</name>
         <load_address>0xf282</load_address>
         <run_address>0xf282</run_address>
         <size>0xb2</size>
         <input_file_ref idref="fl-c9"/>
      </object_component>
      <object_component id="oc-211">
         <name>.debug_info</name>
         <load_address>0xf334</load_address>
         <run_address>0xf334</run_address>
         <size>0x590</size>
         <input_file_ref idref="fl-ca"/>
      </object_component>
      <object_component id="oc-1dd">
         <name>.debug_info</name>
         <load_address>0xf8c4</load_address>
         <run_address>0xf8c4</run_address>
         <size>0x21e</size>
         <input_file_ref idref="fl-ca"/>
      </object_component>
      <object_component id="oc-29d">
         <name>.debug_info</name>
         <load_address>0xfae2</load_address>
         <run_address>0xfae2</run_address>
         <size>0x1b3</size>
         <input_file_ref idref="fl-ca"/>
      </object_component>
      <object_component id="oc-2a3">
         <name>.debug_info</name>
         <load_address>0xfc95</load_address>
         <run_address>0xfc95</run_address>
         <size>0x21b</size>
         <input_file_ref idref="fl-ca"/>
      </object_component>
      <object_component id="oc-1e8">
         <name>.debug_info</name>
         <load_address>0xfeb0</load_address>
         <run_address>0xfeb0</run_address>
         <size>0x3c0</size>
         <input_file_ref idref="fl-ca"/>
      </object_component>
      <object_component id="oc-2aa">
         <name>.debug_info</name>
         <load_address>0x10270</load_address>
         <run_address>0x10270</run_address>
         <size>0x30a</size>
         <input_file_ref idref="fl-ca"/>
      </object_component>
      <object_component id="oc-2b0">
         <name>.debug_info</name>
         <load_address>0x1057a</load_address>
         <run_address>0x1057a</run_address>
         <size>0x215</size>
         <input_file_ref idref="fl-ca"/>
      </object_component>
      <object_component id="oc-1ee">
         <name>.debug_info</name>
         <load_address>0x1078f</load_address>
         <run_address>0x1078f</run_address>
         <size>0x215</size>
         <input_file_ref idref="fl-ca"/>
      </object_component>
      <object_component id="oc-1f4">
         <name>.debug_info</name>
         <load_address>0x109a4</load_address>
         <run_address>0x109a4</run_address>
         <size>0x304</size>
         <input_file_ref idref="fl-ca"/>
      </object_component>
      <object_component id="oc-1fa">
         <name>.debug_info</name>
         <load_address>0x10ca8</load_address>
         <run_address>0x10ca8</run_address>
         <size>0x4b5</size>
         <input_file_ref idref="fl-ca"/>
      </object_component>
      <object_component id="oc-15f">
         <name>.debug_info</name>
         <load_address>0x1115d</load_address>
         <run_address>0x1115d</run_address>
         <size>0x5f4</size>
         <input_file_ref idref="fl-ca"/>
      </object_component>
      <object_component id="oc-212">
         <name>.debug_info</name>
         <load_address>0x11751</load_address>
         <run_address>0x11751</run_address>
         <size>0x86</size>
         <input_file_ref idref="fl-ca"/>
      </object_component>
      <object_component id="oc-2de">
         <name>.debug_info</name>
         <load_address>0x117d7</load_address>
         <run_address>0x117d7</run_address>
         <size>0x39</size>
         <input_file_ref idref="fl-ca"/>
      </object_component>
      <object_component id="oc-367">
         <name>.debug_info</name>
         <load_address>0x11810</load_address>
         <run_address>0x11810</run_address>
         <size>0xb6</size>
         <input_file_ref idref="fl-ca"/>
      </object_component>
      <object_component id="oc-2e3">
         <name>.debug_info</name>
         <load_address>0x118c6</load_address>
         <run_address>0x118c6</run_address>
         <size>0x46</size>
         <input_file_ref idref="fl-ca"/>
      </object_component>
      <object_component id="oc-217">
         <name>.debug_info</name>
         <load_address>0x1190c</load_address>
         <run_address>0x1190c</run_address>
         <size>0x46</size>
         <input_file_ref idref="fl-ca"/>
      </object_component>
      <object_component id="oc-2d9">
         <name>.debug_info</name>
         <load_address>0x11952</load_address>
         <run_address>0x11952</run_address>
         <size>0x2c</size>
         <input_file_ref idref="fl-ca"/>
      </object_component>
      <object_component id="oc-308">
         <name>.debug_info</name>
         <load_address>0x1197e</load_address>
         <run_address>0x1197e</run_address>
         <size>0x383</size>
         <input_file_ref idref="fl-cb"/>
      </object_component>
      <object_component id="oc-235">
         <name>.debug_info</name>
         <load_address>0x11d01</load_address>
         <run_address>0x11d01</run_address>
         <size>0x1ea</size>
         <input_file_ref idref="fl-cb"/>
      </object_component>
      <object_component id="oc-306">
         <name>.debug_info</name>
         <load_address>0x11eeb</load_address>
         <run_address>0x11eeb</run_address>
         <size>0x3fc</size>
         <input_file_ref idref="fl-cc"/>
      </object_component>
      <object_component id="oc-22b">
         <name>.debug_info</name>
         <load_address>0x122e7</load_address>
         <run_address>0x122e7</run_address>
         <size>0x2e2</size>
         <input_file_ref idref="fl-cc"/>
      </object_component>
      <object_component id="oc-d4">
         <name>.debug_info</name>
         <load_address>0x125c9</load_address>
         <run_address>0x125c9</run_address>
         <size>0x2c</size>
         <input_file_ref idref="fl-cc"/>
      </object_component>
      <object_component id="oc-379">
         <name>.debug_info</name>
         <load_address>0x125f5</load_address>
         <run_address>0x125f5</run_address>
         <size>0x300</size>
         <input_file_ref idref="fl-cd"/>
      </object_component>
      <object_component id="oc-2f0">
         <name>.debug_info</name>
         <load_address>0x128f5</load_address>
         <run_address>0x128f5</run_address>
         <size>0x19c</size>
         <input_file_ref idref="fl-cd"/>
      </object_component>
      <object_component id="oc-3b6">
         <name>.debug_info</name>
         <load_address>0x12a91</load_address>
         <run_address>0x12a91</run_address>
         <size>0xbf</size>
         <input_file_ref idref="fl-cd"/>
      </object_component>
      <object_component id="oc-3b5">
         <name>.debug_info</name>
         <load_address>0x12b50</load_address>
         <run_address>0x12b50</run_address>
         <size>0x374</size>
         <input_file_ref idref="fl-ce"/>
      </object_component>
      <object_component id="oc-375">
         <name>.debug_info</name>
         <load_address>0x12ec4</load_address>
         <run_address>0x12ec4</run_address>
         <size>0x20b</size>
         <input_file_ref idref="fl-ce"/>
      </object_component>
      <object_component id="oc-298">
         <name>.debug_info</name>
         <load_address>0x130cf</load_address>
         <run_address>0x130cf</run_address>
         <size>0x14c</size>
         <input_file_ref idref="fl-cf"/>
      </object_component>
      <object_component id="oc-1e4">
         <name>.debug_info</name>
         <load_address>0x1321b</load_address>
         <run_address>0x1321b</run_address>
         <size>0x128</size>
         <input_file_ref idref="fl-d0"/>
      </object_component>
      <object_component id="oc-284">
         <name>.debug_info</name>
         <load_address>0x13343</load_address>
         <run_address>0x13343</run_address>
         <size>0x12a</size>
         <input_file_ref idref="fl-d0"/>
      </object_component>
      <object_component id="oc-27e">
         <name>.debug_info</name>
         <load_address>0x1346d</load_address>
         <run_address>0x1346d</run_address>
         <size>0x13a</size>
         <input_file_ref idref="fl-d1"/>
      </object_component>
      <object_component id="oc-278">
         <name>.debug_info</name>
         <load_address>0x135a7</load_address>
         <run_address>0x135a7</run_address>
         <size>0x13a</size>
         <input_file_ref idref="fl-d2"/>
      </object_component>
      <object_component id="oc-287">
         <name>.debug_info</name>
         <load_address>0x136e1</load_address>
         <run_address>0x136e1</run_address>
         <size>0x12e</size>
         <input_file_ref idref="fl-d3"/>
      </object_component>
      <object_component id="oc-293">
         <name>.debug_info</name>
         <load_address>0x1380f</load_address>
         <run_address>0x1380f</run_address>
         <size>0x12c</size>
         <input_file_ref idref="fl-d4"/>
      </object_component>
      <object_component id="oc-3c">
         <name>.debug_info</name>
         <load_address>0x1393b</load_address>
         <run_address>0x1393b</run_address>
         <size>0x119</size>
         <input_file_ref idref="fl-d5"/>
      </object_component>
      <object_component id="oc-97">
         <name>.debug_info</name>
         <load_address>0x13a54</load_address>
         <run_address>0x13a54</run_address>
         <size>0x147</size>
         <input_file_ref idref="fl-d6"/>
      </object_component>
      <object_component id="oc-272">
         <name>.debug_info</name>
         <load_address>0x13b9b</load_address>
         <run_address>0x13b9b</run_address>
         <size>0x134</size>
         <input_file_ref idref="fl-d7"/>
      </object_component>
      <object_component id="oc-93">
         <name>.debug_info</name>
         <load_address>0x13ccf</load_address>
         <run_address>0x13ccf</run_address>
         <size>0x2d4</size>
         <input_file_ref idref="fl-d8"/>
      </object_component>
      <object_component id="oc-4f">
         <name>.debug_info</name>
         <load_address>0x13fa3</load_address>
         <run_address>0x13fa3</run_address>
         <size>0x1b5</size>
         <input_file_ref idref="fl-d8"/>
      </object_component>
      <object_component id="oc-8e">
         <name>.debug_info</name>
         <load_address>0x14158</load_address>
         <run_address>0x14158</run_address>
         <size>0x46</size>
         <input_file_ref idref="fl-d8"/>
      </object_component>
      <object_component id="oc-45">
         <name>.debug_info</name>
         <load_address>0x1419e</load_address>
         <run_address>0x1419e</run_address>
         <size>0x2a8</size>
         <input_file_ref idref="fl-d9"/>
      </object_component>
      <object_component id="oc-21">
         <name>.debug_info</name>
         <load_address>0x14446</load_address>
         <run_address>0x14446</run_address>
         <size>0x1ea</size>
         <input_file_ref idref="fl-d9"/>
      </object_component>
      <object_component id="oc-40">
         <name>.debug_info</name>
         <load_address>0x14630</load_address>
         <run_address>0x14630</run_address>
         <size>0x46</size>
         <input_file_ref idref="fl-d9"/>
      </object_component>
      <object_component id="oc-86">
         <name>.debug_info</name>
         <load_address>0x14676</load_address>
         <run_address>0x14676</run_address>
         <size>0x2c</size>
         <input_file_ref idref="fl-d9"/>
      </object_component>
      <object_component id="oc-84">
         <name>.debug_info</name>
         <load_address>0x146a2</load_address>
         <run_address>0x146a2</run_address>
         <size>0x29e</size>
         <input_file_ref idref="fl-da"/>
      </object_component>
      <object_component id="oc-1b">
         <name>.debug_info</name>
         <load_address>0x14940</load_address>
         <run_address>0x14940</run_address>
         <size>0x250</size>
         <input_file_ref idref="fl-da"/>
      </object_component>
      <object_component id="oc-30">
         <name>.debug_info</name>
         <load_address>0x14b90</load_address>
         <run_address>0x14b90</run_address>
         <size>0x60</size>
         <input_file_ref idref="fl-da"/>
      </object_component>
      <object_component id="oc-cd">
         <name>.debug_info</name>
         <load_address>0x14bf0</load_address>
         <run_address>0x14bf0</run_address>
         <size>0x46</size>
         <input_file_ref idref="fl-da"/>
      </object_component>
      <object_component id="oc-7f">
         <name>.debug_info</name>
         <load_address>0x14c36</load_address>
         <run_address>0x14c36</run_address>
         <size>0x39</size>
         <input_file_ref idref="fl-da"/>
      </object_component>
      <object_component id="oc-19c">
         <name>.debug_info</name>
         <load_address>0x14c6f</load_address>
         <run_address>0x14c6f</run_address>
         <size>0x3ad</size>
         <input_file_ref idref="fl-db"/>
      </object_component>
      <object_component id="oc-199">
         <name>.debug_info</name>
         <load_address>0x1501c</load_address>
         <run_address>0x1501c</run_address>
         <size>0x190</size>
         <input_file_ref idref="fl-db"/>
      </object_component>
      <object_component id="oc-10f">
         <name>.debug_info</name>
         <load_address>0x151ac</load_address>
         <run_address>0x151ac</run_address>
         <size>0x122</size>
         <input_file_ref idref="fl-db"/>
      </object_component>
      <object_component id="oc-114">
         <name>.debug_info</name>
         <load_address>0x152ce</load_address>
         <run_address>0x152ce</run_address>
         <size>0x184</size>
         <input_file_ref idref="fl-db"/>
      </object_component>
      <object_component id="oc-224">
         <name>.debug_info</name>
         <load_address>0x15452</load_address>
         <run_address>0x15452</run_address>
         <size>0x2c9</size>
         <input_file_ref idref="fl-dc"/>
      </object_component>
      <object_component id="oc-164">
         <name>.debug_info</name>
         <load_address>0x1571b</load_address>
         <run_address>0x1571b</run_address>
         <size>0x11e</size>
         <input_file_ref idref="fl-dc"/>
      </object_component>
      <object_component id="oc-21d">
         <name>.debug_info</name>
         <load_address>0x15839</load_address>
         <run_address>0x15839</run_address>
         <size>0x12e</size>
         <input_file_ref idref="fl-dc"/>
      </object_component>
      <object_component id="oc-342">
         <name>.debug_info</name>
         <load_address>0x15967</load_address>
         <run_address>0x15967</run_address>
         <size>0x29c</size>
         <input_file_ref idref="fl-dd"/>
      </object_component>
      <object_component id="oc-28c">
         <name>.debug_info</name>
         <load_address>0x15c03</load_address>
         <run_address>0x15c03</run_address>
         <size>0x1da</size>
         <input_file_ref idref="fl-dd"/>
      </object_component>
      <object_component id="oc-26f">
         <name>.debug_info</name>
         <load_address>0x15ddd</load_address>
         <run_address>0x15ddd</run_address>
         <size>0x2b9</size>
         <input_file_ref idref="fl-de"/>
      </object_component>
      <object_component id="oc-1d9">
         <name>.debug_info</name>
         <load_address>0x16096</load_address>
         <run_address>0x16096</run_address>
         <size>0x17c</size>
         <input_file_ref idref="fl-de"/>
      </object_component>
      <object_component id="oc-334">
         <name>.debug_info</name>
         <load_address>0x16212</load_address>
         <run_address>0x16212</run_address>
         <size>0xf9</size>
         <input_file_ref idref="fl-df"/>
      </object_component>
      <object_component id="oc-26c">
         <name>.debug_info</name>
         <load_address>0x1630b</load_address>
         <run_address>0x1630b</run_address>
         <size>0x105</size>
         <input_file_ref idref="fl-df"/>
      </object_component>
      <object_component id="oc-228">
         <name>.debug_info</name>
         <load_address>0x16410</load_address>
         <run_address>0x16410</run_address>
         <size>0x144</size>
         <input_file_ref idref="fl-e0"/>
      </object_component>
      <object_component id="oc-167">
         <name>.debug_info</name>
         <load_address>0x16554</load_address>
         <run_address>0x16554</run_address>
         <size>0x102</size>
         <input_file_ref idref="fl-e0"/>
      </object_component>
      <object_component id="oc-3f2">
         <name>.debug_info</name>
         <load_address>0x16656</load_address>
         <run_address>0x16656</run_address>
         <size>0x18f</size>
         <input_file_ref idref="fl-e0"/>
      </object_component>
      <object_component id="oc-2ca">
         <name>.debug_info</name>
         <load_address>0x167e5</load_address>
         <run_address>0x167e5</run_address>
         <size>0x2a7</size>
         <input_file_ref idref="fl-e1"/>
      </object_component>
      <object_component id="oc-1ff">
         <name>.debug_info</name>
         <load_address>0x16a8c</load_address>
         <run_address>0x16a8c</run_address>
         <size>0x1b8</size>
         <input_file_ref idref="fl-e1"/>
      </object_component>
      <object_component id="oc-37b">
         <name>.debug_info</name>
         <load_address>0x16c44</load_address>
         <run_address>0x16c44</run_address>
         <size>0x2a5</size>
         <input_file_ref idref="fl-e2"/>
      </object_component>
      <object_component id="oc-2f7">
         <name>.debug_info</name>
         <load_address>0x16ee9</load_address>
         <run_address>0x16ee9</run_address>
         <size>0x25d</size>
         <input_file_ref idref="fl-e2"/>
      </object_component>
      <object_component id="oc-7b">
         <name>.debug_info</name>
         <load_address>0x17146</load_address>
         <run_address>0x17146</run_address>
         <size>0x3b2</size>
         <input_file_ref idref="fl-e3"/>
      </object_component>
      <object_component id="oc-2a">
         <name>.debug_info</name>
         <load_address>0x174f8</load_address>
         <run_address>0x174f8</run_address>
         <size>0x10c</size>
         <input_file_ref idref="fl-e3"/>
      </object_component>
      <object_component id="oc-428">
         <name>.debug_info</name>
         <load_address>0x17604</load_address>
         <run_address>0x17604</run_address>
         <size>0x13f</size>
         <input_file_ref idref="fl-e3"/>
      </object_component>
      <object_component id="oc-3a9">
         <name>.debug_info</name>
         <load_address>0x17743</load_address>
         <run_address>0x17743</run_address>
         <size>0x168</size>
         <input_file_ref idref="fl-e3"/>
      </object_component>
      <object_component id="oc-3d8">
         <name>.debug_info</name>
         <load_address>0x178ab</load_address>
         <run_address>0x178ab</run_address>
         <size>0x18e</size>
         <input_file_ref idref="fl-e3"/>
      </object_component>
      <object_component id="oc-3df">
         <name>.debug_info</name>
         <load_address>0x17a39</load_address>
         <run_address>0x17a39</run_address>
         <size>0x19f</size>
         <input_file_ref idref="fl-e3"/>
      </object_component>
      <object_component id="oc-3a5">
[...]
         <object_component_ref idref="oc-3a"/>
      </symbol>
      <symbol id="sm-42c">
         <name>__aeabi_memcpy</name>
         <value>0x1f1f</value>
         <object_component_ref idref="oc-3a"/>
      </symbol>
      <symbol id="sm-42d">
         <name>__aeabi_memcpy8</name>
         <value>0x1f1f</value>
         <object_component_ref idref="oc-3a"/>
      </symbol>
      <symbol id="sm-42e">
         <name>__aeabi_memcpy4</name>
         <value>0x1f1f</value>
         <object_component_ref idref="oc-3a"/>
      </symbol>
      <symbol id="sm-43d">
         <name>__aeabi_memset</name>
         <value>0x22fb</value>
         <object_component_ref idref="oc-94"/>
      </symbol>
      <symbol id="sm-43e">
         <name>memset</name>
         <value>0x2301</value>
         <object_component_ref idref="oc-94"/>
      </symbol>
      <symbol id="sm-43f">
         <name>__aeabi_memset8</name>
         <value>0x22fb</value>
         <object_component_ref idref="oc-94"/>
      </symbol>
      <symbol id="sm-440">
         <name>__aeabi_memset4</name>
         <value>0x22fb</value>
         <object_component_ref idref="oc-94"/>
      </symbol>
      <symbol id="sm-441">
         <name>__aeabi_memclr8</name>
         <value>0x22f9</value>
         <object_component_ref idref="oc-94"/>
      </symbol>
      <symbol id="sm-442">
         <name>__aeabi_memclr4</name>
         <value>0x22f9</value>
         <object_component_ref idref="oc-94"/>
      </symbol>
      <symbol id="sm-443">
         <name>__aeabi_memclr</name>
         <value>0x22f9</value>
         <object_component_ref idref="oc-94"/>
      </symbol>
      <symbol id="sm-450">
         <name>__aeabi_uldivmod</name>
         <value>0x1fbb</value>
         <object_component_ref idref="oc-270"/>
      </symbol>
      <symbol id="sm-462">
         <name>__TI_zero_init</name>
         <value>0x31ad</value>
         <object_component_ref idref="oc-4c"/>
      </symbol>
      <symbol id="sm-479">
         <name>__TI_decompress_none</name>
         <value>0x3193</value>
         <object_component_ref idref="oc-1d"/>
      </symbol>
      <symbol id="sm-49c">
         <name>__TI_decompress_lzss</name>
         <value>0x2689</value>
         <object_component_ref idref="oc-17"/>
      </symbol>
      <symbol id="sm-4c2">
         <name>C$$EXIT</name>
         <value>0x31d5</value>
         <object_component_ref idref="oc-10d"/>
      </symbol>
      <symbol id="sm-4c3">
         <name>abort</name>
         <value>0x31d5</value>
         <object_component_ref idref="oc-10d"/>
      </symbol>
      <symbol id="sm-4c4">
         <name>__TI_dtors_ptr</name>
         <value>0x200033a4</value>
         <object_component_ref idref="oc-198"/>
      </symbol>
      <symbol id="sm-4c5">
         <name>__TI_cleanup_ptr</name>
         <value>0x200033a0</value>
         <object_component_ref idref="oc-198"/>
      </symbol>
      <symbol id="sm-4c6">
         <name>__TI_enable_exit_profile_output</name>
         <value>0x200033a8</value>
         <object_component_ref idref="oc-198"/>
      </symbol>
      <symbol id="sm-4c7">
         <name>exit</name>
         <value>0x2c39</value>
         <object_component_ref idref="oc-113"/>
      </symbol>
      <symbol id="sm-4dc">
         <name>_nop</name>
         <value>0x12f7</value>
         <object_component_ref idref="oc-21c"/>
      </symbol>
      <symbol id="sm-4dd">
         <name>_lock</name>
         <value>0x200033ac</value>
         <object_component_ref idref="oc-163"/>
      </symbol>
      <symbol id="sm-4de">
         <name>_unlock</name>
         <value>0x200033b0</value>
         <object_component_ref idref="oc-163"/>
      </symbol>
      <symbol id="sm-4ed">
         <name>__TI_ltoa</name>
         <value>0x2aa7</value>
         <object_component_ref idref="oc-28b"/>
      </symbol>
      <symbol id="sm-503">
         <name>atoi</name>
         <value>0x2bed</value>
         <object_component_ref idref="oc-1d5"/>
      </symbol>
      <symbol id="sm-50e">
         <name>_ctypes_</name>
         <value>0x31d8</value>
         <object_component_ref idref="oc-26b"/>
      </symbol>
      <symbol id="sm-523">
         <name>__TI_tmpnams</name>
         <value>0x20002920</value>
      </symbol>
      <symbol id="sm-524">
         <name>__aeabi_stdout</name>
         <value>0x20003398</value>
         <object_component_ref idref="oc-3f1"/>
      </symbol>
      <symbol id="sm-525">
         <name>__aeabi_stderr</name>
         <value>0x2000339c</value>
         <object_component_ref idref="oc-3f1"/>
      </symbol>
      <symbol id="sm-526">
         <name>__aeabi_stdin</name>
         <value>0x20003394</value>
         <object_component_ref idref="oc-3f1"/>
      </symbol>
      <symbol id="sm-527">
         <name>_ftable</name>
         <value>0x200031d8</value>
         <object_component_ref idref="oc-166"/>
      </symbol>
      <symbol id="sm-528">
         <name>__TI_ft_end</name>
         <value>0x20003390</value>
         <object_component_ref idref="oc-3f1"/>
      </symbol>
      <symbol id="sm-538">
         <name>memccpy</name>
         <value>0x30f5</value>
         <object_component_ref idref="oc-1fe"/>
      </symbol>
      <symbol id="sm-548">
         <name>memchr</name>
         <value>0x30b9</value>
         <object_component_ref idref="oc-2f3"/>
      </symbol>
      <symbol id="sm-5d1">
         <name>_sys_memory</name>
         <value>0x200029d8</value>
         <object_component_ref idref="oc-29"/>
      </symbol>
      <symbol id="sm-5d2">
         <name>free</name>
         <value>0x1cad</value>
         <object_component_ref idref="oc-3a2"/>
      </symbol>
      <symbol id="sm-5d3">
         <name>memalign</name>
         <value>0x19b9</value>
         <object_component_ref idref="oc-3e4"/>
      </symbol>
      <symbol id="sm-5d4">
         <name>malloc</name>
         <value>0x31c1</value>
         <object_component_ref idref="oc-3a8"/>
      </symbol>
      <symbol id="sm-5d5">
         <name>aligned_alloc</name>
         <value>0x19b9</value>
         <object_component_ref idref="oc-3e4"/>
      </symbol>
      <symbol id="sm-5e5">
         <name>strchr</name>
         <value>0x3143</value>
         <object_component_ref idref="oc-2c2"/>
      </symbol>
      <symbol id="sm-5f3">
         <name>strlen</name>
         <value>0x316d</value>
         <object_component_ref idref="oc-1cf"/>
      </symbol>
      <symbol id="sm-606">
         <name>__stack</name>
         <value>0x2000fe00</value>
         <object_component_ref idref="oc-2c"/>
      </symbol>
      <symbol id="sm-607">
         <name>_c_int00_noargs</name>
         <value>0x2f29</value>
         <object_component_ref idref="oc-58"/>
      </symbol>
      <symbol id="sm-621">
         <name>write</name>
         <value>0x3091</value>
         <object_component_ref idref="oc-2ff"/>
      </symbol>
      <symbol id="sm-632">
         <name>_stream</name>
         <value>0x20003340</value>
         <object_component_ref idref="oc-37e"/>
      </symbol>
      <symbol id="sm-633">
         <name>_device</name>
         <value>0x200032c8</value>
         <object_component_ref idref="oc-3c1"/>
      </symbol>
      <symbol id="sm-649">
         <name>__aeabi_errno_addr</name>
         <value>0x31b9</value>
         <object_component_ref idref="oc-20a"/>
      </symbol>
      <symbol id="sm-64a">
         <name>errno</name>
         <value>0x200033bc</value>
         <object_component_ref idref="oc-2d2"/>
      </symbol>
      <symbol id="sm-663">
         <name>wcslen</name>
         <value>0x3181</value>
         <object_component_ref idref="oc-204"/>
      </symbol>
      <symbol id="sm-683">
         <name>frexpl</name>
         <value>0x2759</value>
         <object_component_ref idref="oc-2b6"/>
      </symbol>
      <symbol id="sm-684">
         <name>frexp</name>
         <value>0x2759</value>
         <object_component_ref idref="oc-2b6"/>
      </symbol>
      <symbol id="sm-6a1">
         <name>scalbn</name>
         <value>0x17a5</value>
         <object_component_ref idref="oc-2bc"/>
      </symbol>
      <symbol id="sm-6a2">
         <name>scalbnl</name>
         <value>0x17a5</value>
         <object_component_ref idref="oc-2bc"/>
      </symbol>
      <symbol id="sm-6a3">
         <name>ldexpl</name>
         <value>0x17a5</value>
         <object_component_ref idref="oc-2bc"/>
      </symbol>
      <symbol id="sm-6a4">
         <name>ldexp</name>
         <value>0x17a5</value>
         <object_component_ref idref="oc-2bc"/>
      </symbol>
      <symbol id="sm-6b4">
         <name>__TI_doflush</name>
         <value>0x2ba1</value>
         <object_component_ref idref="oc-2f9"/>
      </symbol>
      <symbol id="sm-6c4">
         <name>__TI_cleanup</name>
         <value>0x2ec1</value>
         <object_component_ref idref="oc-3ae"/>
      </symbol>
      <symbol id="sm-6d6">
         <name>fseek</name>
         <value>0x27bd</value>
         <object_component_ref idref="oc-36c"/>
      </symbol>
      <symbol id="sm-6e0">
         <name>__aeabi_idiv0</name>
         <value>0x156b</value>
         <object_component_ref idref="oc-337"/>
      </symbol>
      <symbol id="sm-6e1">
         <name>__aeabi_ldiv0</name>
         <value>0x156b</value>
         <object_component_ref idref="oc-337"/>
      </symbol>
      <symbol id="sm-709">
         <name>__TI_auto_init_nobinit_nopinit</name>
         <value>0x2d51</value>
         <object_component_ref idref="oc-119"/>
      </symbol>
      <symbol id="sm-713">
         <name>_system_pre_init</name>
         <value>0x31d1</value>
         <object_component_ref idref="oc-9a"/>
      </symbol>
      <symbol id="sm-726">
         <name>HOSTclose</name>
         <value>0x2cc9</value>
         <object_component_ref idref="oc-3fd"/>
      </symbol>
      <symbol id="sm-737">
         <name>HOSTlseek</name>
         <value>0x2621</value>
         <object_component_ref idref="oc-40f"/>
      </symbol>
      <symbol id="sm-749">
         <name>parmbuf</name>
         <value>0x200029c8</value>
      </symbol>
      <symbol id="sm-74a">
         <name>HOSTopen</name>
         <value>0x28e5</value>
         <object_component_ref idref="oc-3f7"/>
      </symbol>
      <symbol id="sm-75b">
         <name>HOSTread</name>
         <value>0x29a1</value>
         <object_component_ref idref="oc-403"/>
      </symbol>
      <symbol id="sm-76c">
         <name>HOSTrename</name>
         <value>0x25b5</value>
         <object_component_ref idref="oc-41b"/>
      </symbol>
      <symbol id="sm-77d">
         <name>HOSTunlink</name>
         <value>0x2d0d</value>
         <object_component_ref idref="oc-415"/>
      </symbol>
      <symbol id="sm-78e">
         <name>HOSTwrite</name>
         <value>0x29f9</value>
         <object_component_ref idref="oc-409"/>
      </symbol>
      <symbol id="sm-7b2">
         <name>__TI_readmsg</name>
         <value>0x2ef5</value>
         <object_component_ref idref="oc-44a"/>
      </symbol>
      <symbol id="sm-7b3">
         <name>C$$IO$$</name>
         <value>0x2e7f</value>
         <object_component_ref idref="oc-444"/>
      </symbol>
      <symbol id="sm-7b4">
         <name>__CIOBUF_</name>
         <value>0x20002800</value>
         <object_component_ref idref="oc-475"/>
      </symbol>
      <symbol id="sm-7b5">
         <name>__TI_writemsg</name>
         <value>0x2e51</value>
         <object_component_ref idref="oc-444"/>
      </symbol>
      <symbol id="sm-7c6">
         <name>lseek</name>
         <value>0x3069</value>
         <object_component_ref idref="oc-39a"/>
      </symbol>
      <symbol id="sm-7d0">
         <name>copysign</name>
         <value>0x3111</value>
         <object_component_ref idref="oc-350"/>
      </symbol>
      <symbol id="sm-7d1">
         <name>copysignl</name>
         <value>0x3111</value>
         <object_component_ref idref="oc-350"/>
      </symbol>
      <symbol id="sm-7e6">
         <name>__TI_closefile</name>
         <value>0x23ed</value>
         <object_component_ref idref="oc-3eb"/>
      </symbol>
      <symbol id="sm-809">
         <name>finddevice</name>
         <value>0x2f8d</value>
         <object_component_ref idref="oc-493"/>
      </symbol>
      <symbol id="sm-80a">
         <name>getdevice</name>
         <value>0x2d95</value>
         <object_component_ref idref="oc-46b"/>
      </symbol>
      <symbol id="sm-819">
         <name>strcmp</name>
         <value>0x312b</value>
         <object_component_ref idref="oc-4aa"/>
      </symbol>
      <symbol id="sm-827">
         <name>strcpy</name>
         <value>0x3159</value>
         <object_component_ref idref="oc-45e"/>
      </symbol>
      <symbol id="sm-837">
         <name>strncpy</name>
         <value>0x2e89</value>
         <object_component_ref idref="oc-48d"/>
      </symbol>
      <symbol id="sm-84c">
         <name>close</name>
         <value>0x2945</value>
         <object_component_ref idref="oc-433"/>
      </symbol>
      <symbol id="sm-85c">
         <name>unlink</name>
         <value>0x2fed</value>
         <object_component_ref idref="oc-439"/>
      </symbol>
      <symbol id="sm-85d">
         <name>__TI_static_base__</name>
         <value>0x0</value>
      </symbol>
      <symbol id="sm-860">
         <name>__mpu_init</name>
         <value>0x0</value>
      </symbol>
      <symbol id="sm-861">
         <name>_system_post_cinit</name>
         <value>0x0</value>
      </symbol>
      <symbol id="sm-862">
         <name>NMI_Handler</name>
         <value>0xb33</value>
      </symbol>
      <symbol id="sm-863">
         <name>HardFault_Handler</name>
         <value>0xb33</value>
      </symbol>
      <symbol id="sm-864">
         <name>MemManage_Handler</name>
         <value>0xb33</value>
      </symbol>
      <symbol id="sm-865">
         <name>BusFault_Handler</name>
         <value>0xb33</value>
      </symbol>
      <symbol id="sm-866">
         <name>UsageFault_Handler</name>
         <value>0xb33</value>
      </symbol>
      <symbol id="sm-867">
         <name>SVC_Handler</name>
         <value>0xb33</value>
      </symbol>
      <symbol id="sm-868">
         <name>DebugMon_Handler</name>
         <value>0xb33</value>
      </symbol>
      <symbol id="sm-869">
         <name>PendSV_Handler</name>
         <value>0xb33</value>
      </symbol>
      <symbol id="sm-86a">
         <name>SysTick_Handler</name>
         <value>0xb33</value>
      </symbol>
      <symbol id="sm-86b">
         <name>PSS_IRQHandler</name>
         <value>0xb33</value>
      </symbol>
      <symbol id="sm-86c">
         <name>CS_IRQHandler</name>
         <value>0xb33</value>
      </symbol>
      <symbol id="sm-86d">
         <name>PCM_IRQHandler</name>
         <value>0xb33</value>
      </symbol>
      <symbol id="sm-86e">
         <name>WDT_A_IRQHandler</name>
         <value>0xb33</value>
      </symbol>
      <symbol id="sm-86f">
         <name>FPU_IRQHandler</name>
         <value>0xb33</value>
      </symbol>
      <symbol id="sm-870">
         <name>FLCTL_IRQHandler</name>
         <value>0xb33</value>
      </symbol>
      <symbol id="sm-871">
         <name>COMP_E0_IRQHandler</name>
         <value>0xb33</value>
      </symbol>
      <symbol id="sm-872">
         <name>COMP_E1_IRQHandler</name>
         <value>0xb33</value>
      </symbol>
      <symbol id="sm-873">
         <name>TA0_0_IRQHandler</name>
         <value>0xb33</value>
      </symbol>
      <symbol id="sm-874">
         <name>TA0_N_IRQHandler</name>
         <value>0xb33</value>
      </symbol>
      <symbol id="sm-875">
         <name>TA1_0_IRQHandler</name>
         <value>0xb33</value>
      </symbol>
      <symbol id="sm-876">
         <name>TA1_N_IRQHandler</name>
         <value>0xb33</value>
      </symbol>
      <symbol id="sm-877">
         <name>TA2_0_IRQHandler</name>
         <value>0xb33</value>
      </symbol>
      <symbol id="sm-878">
         <name>TA2_N_IRQHandler</name>
         <value>0xb33</value>
      </symbol>
      <symbol id="sm-879">
         <name>TA3_0_IRQHandler</name>
         <value>0xb33</value>
      </symbol>
      <symbol id="sm-87a">
         <name>TA3_N_IRQHandler</name>
         <value>0xb33</value>
      </symbol>
      <symbol id="sm-87b">
         <name>EUSCIA0_IRQHandler</name>
         <value>0xb33</value>
      </symbol>
      <symbol id="sm-87c">
         <name>EUSCIA1_IRQHandler</name>
         <value>0xb33</value>
      </symbol>
      <symbol id="sm-87d">
         <name>EUSCIA2_IRQHandler</name>
         <value>0xb33</value>
      </symbol>
      <symbol id="sm-87e">
         <name>EUSCIA3_IRQHandler</name>
         <value>0xb33</value>
      </symbol>
      <symbol id="sm-87f">
         <name>EUSCIB0_IRQHandler</name>
         <value>0xb33</value>
      </symbol>
      <symbol id="sm-880">
         <name>EUSCIB1_IRQHandler</name>
         <value>0xb33</value>
      </symbol>
      <symbol id="sm-881">
         <name>EUSCIB2_IRQHandler</name>
         <value>0xb33</value>
      </symbol>
      <symbol id="sm-882">
         <name>EUSCIB3_IRQHandler</name>
         <value>0xb33</value>
      </symbol>
      <symbol id="sm-883">
         <name>ADC14_IRQHandler</name>
         <value>0xb33</value>
      </symbol>
      <symbol id="sm-884">
         <name>T32_INT1_IRQHandler</name>
         <value>0xb33</value>
      </symbol>
      <symbol id="sm-885">
         <name>T32_INT2_IRQHandler</name>
         <value>0xb33</value>
      </symbol>
      <symbol id="sm-886">
         <name>T32_INTC_IRQHandler</name>
         <value>0xb33</value>
      </symbol>
      <symbol id="sm-887">
         <name>AES256_IRQHandler</name>
         <value>0xb33</value>
      </symbol>
      <symbol id="sm-888">
         <name>RTC_C_IRQHandler</name>
         <value>0xb33</value>
      </symbol>
      <symbol id="sm-889">
         <name>DMA_ERR_IRQHandler</name>
         <value>0xb33</value>
      </symbol>
      <symbol id="sm-88a">
         <name>DMA_INT3_IRQHandler</name>
         <value>0xb33</value>
      </symbol>
      <symbol id="sm-88b">
         <name>DMA_INT2_IRQHandler</name>
         <value>0xb33</value>
      </symbol>
      <symbol id="sm-88c">
         <name>DMA_INT1_IRQHandler</name>
         <value>0xb33</value>
      </symbol>
      <symbol id="sm-88d">
         <name>DMA_INT0_IRQHandler</name>
         <value>0xb33</value>
      </symbol>
      <symbol id="sm-88e">
         <name>PORT1_IRQHandler</name>
         <value>0xb33</value>
      </symbol>
      <symbol id="sm-88f">
         <name>PORT2_IRQHandler</name>
         <value>0xb33</value>
      </symbol>
      <symbol id="sm-890">
         <name>PORT3_IRQHandler</name>
         <value>0xb33</value>
      </symbol>
      <symbol id="sm-891">
         <name>PORT4_IRQHandler</name>
         <value>0xb33</value>
      </symbol>
      <symbol id="sm-892">
         <name>PORT5_IRQHandler</name>
         <value>0xb33</value>
      </symbol>
      <symbol id="sm-893">
         <name>PORT6_IRQHandler</name>
         <value>0xb33</value>
      </symbol>
      <symbol id="sm-894">
         <name>remove</name>
         <value>0x2fed</value>
      </symbol>
   </symbol_table>
   <title>Link successful</title>
</link_info>
