******************************************************************************
                  TI ARM Linker PC v20.2.7                     
******************************************************************************
>> Linked Fri Mar  7 16:32:57 2025

OUTPUT FILE NAME:   <crc32_32-bit_signature_calculation_MSP_EXP432P401R_nortos_ccs.out>
ENTRY POINT SYMBOL: "_c_int00_noargs"  address: 00000341


MEMORY CONFIGURATION

         name            origin    length      used     unused   attr    fill
----------------------  --------  ---------  --------  --------  ----  --------
  MAIN                  00000000   00040000  000003a8  0003fc58  R  X
  INFO                  00200000   00004000  00000000  00004000  R  X
  SRAM_CODE             01000000   00010000  00002a08  0000d5f8  RW X
  SRAM_DATA             20000000   00010000  00002a08  0000d5f8  RW  


SEGMENT ALLOCATION MAP

run origin  load origin   length   init length attrs members
----------  ----------- ---------- ----------- ----- -------
00000000    00000000    000003ac   000003ac    r-x
  00000000    00000000    000000e4   000000e4    r-- .intvecs
  000000e4    000000e4    000002b0   000002b0    r-x .text
  00000398    00000398    00000014   00000014    r-- .cinit
20000000    20000000    00002808   00000000    rw-
  20000000    20000000    00002808   00000000    rw- .bss
2000fe00    2000fe00    00000200   00000000    rw-
  2000fe00    2000fe00    00000200   00000000    rw- .stack


SECTION ALLOCATION MAP

 output                                  attributes/
section   page    origin      length       input sections
--------  ----  ----------  ----------   ----------------
.intvecs   0    00000000    000000e4     
                  00000000    000000e4     startup_msp432p401r_ccs.obj (.intvecs:retain)

.text      0    000000e4    000002b0     
                  000000e4    0000007a     rtsv7M4_T_le_v4SPD16_eabi.lib : memset_t2.asm.obj (.text)
                  0000015e    00000002     startup_msp432p401r_ccs.obj (.text:Default_Handler)
                  00000160    00000078     system_msp432p401r.obj (.text:SystemInit)
                  000001d8    00000078     crc32_32-bit_signature_calculation.obj (.text:main)
                  00000250    00000074     crc32_32-bit_signature_calculation.obj (.text:calculateCRC32)
                  000002c4    00000044     rtsv7M4_T_le_v4SPD16_eabi.lib : autoinit.c.obj (.text:__TI_auto_init_nobinit_nopinit:__TI_auto_init_nobinit_nopinit)
                  00000308    00000038     msp432p4xx_driverlib.lib : crc32.o (.text:CRC32_getResultReversed)
                  00000340    00000034     rtsv7M4_T_le_v4SPD16_eabi.lib : boot_cortex_m.c.obj (.text:_c_int00_noargs:_c_int00_noargs)
                  00000374    0000000c     startup_msp432p401r_ccs.obj (.text:Reset_Handler)
                  00000380    0000000c     rtsv7M4_T_le_v4SPD16_eabi.lib : copy_zero_init.c.obj (.text:decompress:ZI:__TI_zero_init)
                  0000038c    00000004                                   : pre_init.c.obj (.text:_system_pre_init)
                  00000390    00000004                                   : exit.c.obj (.text:abort:abort)

.cinit     0    00000398    00000014     
                  00000398    00000008     (.cinit..bss.load) [load image, compression = zero_init]
                  000003a0    00000004     (__TI_handler_table)
                  000003a4    00000008     (__TI_cinit_table)

.init_array 
*          0    00000000    00000000     UNINITIALIZED

.binit     0    00000000    00000000     

.bss       0    20000000    00002808     UNINITIALIZED
                  20000000    00002800     crc32_32-bit_signature_calculation.obj (.bss:myData)
                  20002800    00000004     (.common:hwCalculatedCRC)
                  20002804    00000004     (.common:swCalculatedCRC)

.stack     0    2000fe00    00000200     UNINITIALIZED
                  2000fe00    00000004     rtsv7M4_T_le_v4SPD16_eabi.lib : boot_cortex_m.c.obj (.stack)
                  2000fe04    000001fc     --HOLE--

__llvm_prf_cnts 
*          0    20000000    00000000     UNINITIALIZED

MODULE SUMMARY

       Module                                   code   ro data   rw data
       ------                                   ----   -------   -------
    .\
       crc32_32-bit_signature_calculation.obj   236    0         20496  
       system_msp432p401r.obj                   120    0         0      
    +--+----------------------------------------+------+---------+---------+
       Total:                                   356    0         20496  
                                                                        
    .\ccs\
       startup_msp432p401r_ccs.obj              14     228       0      
    +--+----------------------------------------+------+---------+---------+
       Total:                                   14     228       0      
                                                                        
    C:/ti/simplelink_msp432p4_sdk_3_40_01_02/source/ti/devices/msp432p4xx/driverlib/ccs/msp432p4xx_driverlib.lib
       crc32.o                                  56     0         0      
    +--+----------------------------------------+------+---------+---------+
       Total:                                   56     0         0      
                                                                        
    C:\ti\ccs1260\ccs\tools\compiler\ti-cgt-arm_20.2.7.LTS\lib\rtsv7M4_T_le_v4SPD16_eabi.lib
       memset_t2.asm.obj                        122    0         0      
       autoinit.c.obj                           68     0         0      
       boot_cortex_m.c.obj                      52     0         0      
       copy_zero_init.c.obj                     12     0         0      
       exit.c.obj                               4      0         0      
       pre_init.c.obj                           4      0         0      
    +--+----------------------------------------+------+---------+---------+
       Total:                                   262    0         0      
                                                                        
       Stack:                                   0      0         1024   
       Linker Generated:                        0      20        0      
    +--+----------------------------------------+------+---------+---------+
       Grand Total:                             688    248       21520  


LINKER GENERATED COPY TABLES

__TI_cinit_table @ 000003a4 records: 1, size/record: 8, table size: 8
	.bss: load addr=00000398, load size=00000008 bytes, run addr=20000000, run size=00002808 bytes, compression=zero_init


LINKER GENERATED HANDLER TABLE

__TI_handler_table @ 000003a0 records: 1, size/record: 4, table size: 4
	index: 0, handler: __TI_zero_init


GLOBAL SYMBOLS: SORTED ALPHABETICALLY BY Name 

address   name                          
-------   ----                          
0000015f  ADC14_IRQHandler              
0000015f  AES256_IRQHandler             
0000015f  BusFault_Handler              
00000391  C$$EXIT                       
0000015f  COMP_E0_IRQHandler            
0000015f  COMP_E1_IRQHandler            
00000309  CRC32_getResultReversed       
0000015f  CS_IRQHandler                 
0000015f  DMA_ERR_IRQHandler            
0000015f  DMA_INT0_IRQHandler           
0000015f  DMA_INT1_IRQHandler           
0000015f  DMA_INT2_IRQHandler           
0000015f  DMA_INT3_IRQHandler           
0000015f  DebugMon_Handler              
0000015f  Default_Handler               
0000015f  EUSCIA0_IRQHandler            
0000015f  EUSCIA1_IRQHandler            
0000015f  EUSCIA2_IRQHandler            
0000015f  EUSCIA3_IRQHandler            
0000015f  EUSCIB0_IRQHandler            
0000015f  EUSCIB1_IRQHandler            
0000015f  EUSCIB2_IRQHandler            
0000015f  EUSCIB3_IRQHandler            
0000015f  FLCTL_IRQHandler              
0000015f  FPU_IRQHandler                
0000015f  HardFault_Handler             
0000015f  MemManage_Handler             
0000015f  NMI_Handler                   
0000015f  PCM_IRQHandler                
0000015f  PORT1_IRQHandler              
0000015f  PORT2_IRQHandler              
0000015f  PORT3_IRQHandler              
0000015f  PORT4_IRQHandler              
0000015f  PORT5_IRQHandler              
0000015f  PORT6_IRQHandler              
0000015f  PSS_IRQHandler                
0000015f  PendSV_Handler                
0000015f  RTC_C_IRQHandler              
00000375  Reset_Handler                 
0000015f  SVC_Handler                   
0000015f  SysTick_Handler               
00000161  SystemInit                    
0000015f  T32_INT1_IRQHandler           
0000015f  T32_INT2_IRQHandler           
0000015f  T32_INTC_IRQHandler           
0000015f  TA0_0_IRQHandler              
0000015f  TA0_N_IRQHandler              
0000015f  TA1_0_IRQHandler              
0000015f  TA1_N_IRQHandler              
0000015f  TA2_0_IRQHandler              
0000015f  TA2_N_IRQHandler              
0000015f  TA3_0_IRQHandler              
0000015f  TA3_N_IRQHandler              
0000015f  UsageFault_Handler            
4000480c  WDTCTL_SYM                    
0000015f  WDT_A_IRQHandler              
20010000  __STACK_END                   
00000200  __STACK_SIZE                  
000003a4  __TI_CINIT_Base               
000003ac  __TI_CINIT_Limit              
000003a0  __TI_Handler_Table_Base       
000003a4  __TI_Handler_Table_Limit      
000002c5  __TI_auto_init_nobinit_nopinit
ffffffff  __TI_pprof_out_hndl           
ffffffff  __TI_prof_data_size           
ffffffff  __TI_prof_data_start          
00000000  __TI_static_base__            
00000381  __TI_zero_init                
000000e5  __aeabi_memclr                
000000e5  __aeabi_memclr4               
000000e5  __aeabi_memclr8               
000000e7  __aeabi_memset                
000000e7  __aeabi_memset4               
000000e7  __aeabi_memset8               
ffffffff  __binit__                     
ffffffff  __c_args__                    
UNDEFED   __mpu_init                    
2000fe00  __stack                       
20000000  __start___llvm_prf_cnts       
20000000  __stop___llvm_prf_cnts        
00000341  _c_int00_noargs               
UNDEFED   _system_post_cinit            
0000038d  _system_pre_init              
00000391  abort                         
ffffffff  binit                         
20002800  hwCalculatedCRC               
00000000  interruptVectors              
000001d9  main                          
000000ed  memset                        
20002804  swCalculatedCRC               


GLOBAL SYMBOLS: SORTED BY Symbol Address 

address   name                          
-------   ----                          
00000000  __TI_static_base__            
00000000  interruptVectors              
000000e5  __aeabi_memclr                
000000e5  __aeabi_memclr4               
000000e5  __aeabi_memclr8               
000000e7  __aeabi_memset                
000000e7  __aeabi_memset4               
000000e7  __aeabi_memset8               
000000ed  memset                        
0000015f  ADC14_IRQHandler              
0000015f  AES256_IRQHandler             
0000015f  BusFault_Handler              
0000015f  COMP_E0_IRQHandler            
0000015f  COMP_E1_IRQHandler            
0000015f  CS_IRQHandler                 
0000015f  DMA_ERR_IRQHandler            
0000015f  DMA_INT0_IRQHandler           
0000015f  DMA_INT1_IRQHandler           
0000015f  DMA_INT2_IRQHandler           
0000015f  DMA_INT3_IRQHandler           
0000015f  DebugMon_Handler              
0000015f  Default_Handler               
0000015f  EUSCIA0_IRQHandler            
0000015f  EUSCIA1_IRQHandler            
0000015f  EUSCIA2_IRQHandler            
0000015f  EUSCIA3_IRQHandler            
0000015f  EUSCIB0_IRQHandler            
0000015f  EUSCIB1_IRQHandler            
0000015f  EUSCIB2_IRQHandler            
0000015f  EUSCIB3_IRQHandler            
0000015f  FLCTL_IRQHandler              
0000015f  FPU_IRQHandler                
0000015f  HardFault_Handler             
0000015f  MemManage_Handler             
0000015f  NMI_Handler                   
0000015f  PCM_IRQHandler                
0000015f  PORT1_IRQHandler              
0000015f  PORT2_IRQHandler              
0000015f  PORT3_IRQHandler              
0000015f  PORT4_IRQHandler              
0000015f  PORT5_IRQHandler              
0000015f  PORT6_IRQHandler              
0000015f  PSS_IRQHandler                
0000015f  PendSV_Handler                
0000015f  RTC_C_IRQHandler              
0000015f  SVC_Handler                   
0000015f  SysTick_Handler               
0000015f  T32_INT1_IRQHandler           
0000015f  T32_INT2_IRQHandler           
0000015f  T32_INTC_IRQHandler           
0000015f  TA0_0_IRQHandler              
0000015f  TA0_N_IRQHandler              
0000015f  TA1_0_IRQHandler              
0000015f  TA1_N_IRQHandler              
0000015f  TA2_0_IRQHandler              
0000015f  TA2_N_IRQHandler              
0000015f  TA3_0_IRQHandler              
0000015f  TA3_N_IRQHandler              
0000015f  UsageFault_Handler            
0000015f  WDT_A_IRQHandler              
00000161  SystemInit                    
000001d9  main                          
00000200  __STACK_SIZE                  
000002c5  __TI_auto_init_nobinit_nopinit
00000309  CRC32_getResultReversed       
00000341  _c_int00_noargs               
00000375  Reset_Handler                 
00000381  __TI_zero_init                
0000038d  _system_pre_init              
00000391  C$$EXIT                       
00000391  abort                         
000003a0  __TI_Handler_Table_Base       
000003a4  __TI_CINIT_Base               
000003a4  __TI_Handler_Table_Limit      
000003ac  __TI_CINIT_Limit              
20000000  __start___llvm_prf_cnts       
20000000  __stop___llvm_prf_cnts        
20002800  hwCalculatedCRC               
20002804  swCalculatedCRC               
2000fe00  __stack                       
20010000  __STACK_END                   
4000480c  WDTCTL_SYM                    
ffffffff  __TI_pprof_out_hndl           
ffffffff  __TI_prof_data_size           
ffffffff  __TI_prof_data_start          
ffffffff  __binit__                     
ffffffff  __c_args__                    
ffffffff  binit                         
UNDEFED   __mpu_init                    
UNDEFED   _system_post_cinit            

[90 symbols]
